May  3 04:11:47 Mater kernel: [    0.000000] Booting Linux on physical CPU 0x0000000000 [0x410fd034]
May  3 04:11:47 Mater kernel: [    0.000000] Linux version 6.1.21-v8+ (dom@buildbot) (aarch64-linux-gnu-gcc-8 (Ubuntu/Linaro 8.4.0-3ubuntu1) 8.4.0, GNU ld (GNU Binutils for Ubuntu) 2.34) #1642 SMP PREEMPT Mon Apr  3 17:24:16 BST 2023
May  3 04:11:47 Mater kernel: [    0.000000] random: crng init done
May  3 04:11:47 Mater kernel: [    0.000000] Machine model: Raspberry Pi Zero 2 W Rev 1.0
May  3 04:11:47 Mater kernel: [    0.000000] efi: UEFI not found.
May  3 04:11:47 Mater kernel: [    0.000000] Reserved memory: created CMA memory pool at 0x000000000bc00000, size 256 MiB
May  3 04:11:47 Mater kernel: [    0.000000] OF: reserved mem: initialized node linux,cma, compatible id shared-dma-pool
May  3 04:11:47 Mater kernel: [    0.000000] Zone ranges:
May  3 04:11:47 Mater kernel: [    0.000000]   DMA      [mem 0x0000000000000000-0x000000001bffffff]
May  3 04:11:47 Mater kernel: [    0.000000]   DMA32    empty
May  3 04:11:47 Mater kernel: [    0.000000]   Normal   empty
May  3 04:11:47 Mater kernel: [    0.000000] Movable zone start for each node
May  3 04:11:47 Mater kernel: [    0.000000] Early memory node ranges
May  3 04:11:47 Mater kernel: [    0.000000]   node   0: [mem 0x0000000000000000-0x000000001bffffff]
May  3 04:11:47 Mater kernel: [    0.000000] Initmem setup node 0 [mem 0x0000000000000000-0x000000001bffffff]
May  3 04:11:47 Mater kernel: [    0.000000] On node 0, zone DMA: 16384 pages in unavailable ranges
May  3 04:11:47 Mater kernel: [    0.000000] percpu: Embedded 29 pages/cpu s78504 r8192 d32088 u118784
May  3 04:11:47 Mater kernel: [    0.000000] pcpu-alloc: s78504 r8192 d32088 u118784 alloc=29*4096
May  3 04:11:47 Mater kernel: [    0.000000] pcpu-alloc: [0] 0 [0] 1 [0] 2 [0] 3 
May  3 04:11:47 Mater kernel: [    0.000000] Detected VIPT I-cache on CPU0
May  3 04:11:47 Mater kernel: [    0.000000] CPU features: kernel page table isolation forced ON by KASLR
May  3 04:11:47 Mater kernel: [    0.000000] CPU features: detected: Kernel page table isolation (KPTI)
May  3 04:11:47 Mater kernel: [    0.000000] CPU features: detected: ARM erratum 843419
May  3 04:11:47 Mater kernel: [    0.000000] CPU features: detected: ARM erratum 845719
May  3 04:11:47 Mater kernel: [    0.000000] alternatives: applying boot alternatives
May  3 04:11:47 Mater kernel: [    0.000000] Built 1 zonelists, mobility grouping on.  Total pages: 112896
May  3 04:11:47 Mater kernel: [    0.000000] Kernel command line: coherent_pool=1M 8250.nr_uarts=0 snd_bcm2835.enable_headphones=0 snd_bcm2835.enable_hdmi=1 snd_bcm2835.enable_hdmi=0 video=Composite-1:720x480@60i smsc95xx.macaddr=B8:27:EB:97:28:31 vc_mem.mem_base=0x1ec00000 vc_mem.mem_size=0x20000000  console=ttyS0,115200 console=tty1 root=PARTUUID=8233264a-02 rootfstype=ext4 fsck.repair=yes rootwait
May  3 04:11:47 Mater kernel: [    0.000000] Dentry cache hash table entries: 65536 (order: 7, 524288 bytes, linear)
May  3 04:11:47 Mater kernel: [    0.000000] Inode-cache hash table entries: 32768 (order: 6, 262144 bytes, linear)
May  3 04:11:47 Mater kernel: [    0.000000] mem auto-init: stack:off, heap alloc:off, heap free:off
May  3 04:11:47 Mater kernel: [    0.000000] Memory: 163096K/458752K available (11776K kernel code, 2106K rwdata, 3688K rodata, 4160K init, 1077K bss, 33512K reserved, 262144K cma-reserved)
May  3 04:11:47 Mater kernel: [    0.000000] SLUB: HWalign=64, Order=0-3, MinObjects=0, CPUs=4, Nodes=1
May  3 04:11:47 Mater kernel: [    0.000000] ftrace: allocating 39744 entries in 156 pages
May  3 04:11:47 Mater kernel: [    0.000000] ftrace: allocated 156 pages with 4 groups
May  3 04:11:47 Mater kernel: [    0.000000] trace event string verifier disabled
May  3 04:11:47 Mater kernel: [    0.000000] rcu: Preemptible hierarchical RCU implementation.
May  3 04:11:47 Mater kernel: [    0.000000] rcu: 	RCU event tracing is enabled.
May  3 04:11:47 Mater kernel: [    0.000000] rcu: 	RCU restricting CPUs from NR_CPUS=256 to nr_cpu_ids=4.
May  3 04:11:47 Mater kernel: [    0.000000] 	Trampoline variant of Tasks RCU enabled.
May  3 04:11:47 Mater kernel: [    0.000000] 	Rude variant of Tasks RCU enabled.
May  3 04:11:47 Mater kernel: [    0.000000] 	Tracing variant of Tasks RCU enabled.
May  3 04:11:47 Mater kernel: [    0.000000] rcu: RCU calculated value of scheduler-enlistment delay is 25 jiffies.
May  3 04:11:47 Mater kernel: [    0.000000] rcu: Adjusting geometry for rcu_fanout_leaf=16, nr_cpu_ids=4
May  3 04:11:47 Mater kernel: [    0.000000] NR_IRQS: 64, nr_irqs: 64, preallocated irqs: 0
May  3 04:11:47 Mater kernel: [    0.000000] Root IRQ handler: bcm2836_arm_irqchip_handle_irq
May  3 04:11:47 Mater kernel: [    0.000000] rcu: srcu_init: Setting srcu_struct sizes based on contention.
May  3 04:11:47 Mater kernel: [    0.000000] arch_timer: cp15 timer(s) running at 19.20MHz (phys).
May  3 04:11:47 Mater kernel: [    0.000000] clocksource: arch_sys_counter: mask: 0xffffffffffffff max_cycles: 0x46d987e47, max_idle_ns: 440795202767 ns
May  3 04:11:47 Mater kernel: [    0.000001] sched_clock: 56 bits at 19MHz, resolution 52ns, wraps every 4398046511078ns
May  3 04:11:47 Mater kernel: [    0.000384] Console: colour dummy device 80x25
May  3 04:11:47 Mater kernel: [    0.001379] printk: console [tty1] enabled
May  3 04:11:47 Mater kernel: [    0.001465] Calibrating delay loop (skipped), value calculated using timer frequency.. 38.40 BogoMIPS (lpj=76800)
May  3 04:11:47 Mater kernel: [    0.001533] pid_max: default: 32768 minimum: 301
May  3 04:11:47 Mater kernel: [    0.001724] LSM: Security Framework initializing
May  3 04:11:47 Mater kernel: [    0.002000] Mount-cache hash table entries: 1024 (order: 1, 8192 bytes, linear)
May  3 04:11:47 Mater kernel: [    0.002062] Mountpoint-cache hash table entries: 1024 (order: 1, 8192 bytes, linear)
May  3 04:11:47 Mater kernel: [    0.004033] cgroup: Disabling memory control group subsystem
May  3 04:11:47 Mater kernel: [    0.007331] cblist_init_generic: Setting adjustable number of callback queues.
May  3 04:11:47 Mater kernel: [    0.007382] cblist_init_generic: Setting shift to 2 and lim to 1.
May  3 04:11:47 Mater kernel: [    0.007680] cblist_init_generic: Setting shift to 2 and lim to 1.
May  3 04:11:47 Mater kernel: [    0.008035] cblist_init_generic: Setting shift to 2 and lim to 1.
May  3 04:11:47 Mater kernel: [    0.008706] rcu: Hierarchical SRCU implementation.
May  3 04:11:47 Mater kernel: [    0.008745] rcu: 	Max phase no-delay instances is 1000.
May  3 04:11:47 Mater kernel: [    0.010582] EFI services will not be available.
May  3 04:11:47 Mater kernel: [    0.011364] smp: Bringing up secondary CPUs ...
May  3 04:11:47 Mater kernel: [    0.013119] Detected VIPT I-cache on CPU1
May  3 04:11:47 Mater kernel: [    0.013298] CPU1: Booted secondary processor 0x0000000001 [0x410fd034]
May  3 04:11:47 Mater kernel: [    0.015086] Detected VIPT I-cache on CPU2
May  3 04:11:47 Mater kernel: [    0.015230] CPU2: Booted secondary processor 0x0000000002 [0x410fd034]
May  3 04:11:47 Mater kernel: [    0.017026] Detected VIPT I-cache on CPU3
May  3 04:11:47 Mater kernel: [    0.017166] CPU3: Booted secondary processor 0x0000000003 [0x410fd034]
May  3 04:11:47 Mater kernel: [    0.017399] smp: Brought up 1 node, 4 CPUs
May  3 04:11:47 Mater kernel: [    0.017565] SMP: Total of 4 processors activated.
May  3 04:11:47 Mater kernel: [    0.017601] CPU features: detected: 32-bit EL0 Support
May  3 04:11:47 Mater kernel: [    0.017635] CPU features: detected: 32-bit EL1 Support
May  3 04:11:47 Mater kernel: [    0.017672] CPU features: detected: CRC32 instructions
May  3 04:11:47 Mater kernel: [    0.017866] CPU: All CPU(s) started at EL2
May  3 04:11:47 Mater kernel: [    0.017923] alternatives: applying system-wide alternatives
May  3 04:11:47 Mater kernel: [    0.020518] devtmpfs: initialized
May  3 04:11:47 Mater kernel: [    0.045250] Enabled cp15_barrier support
May  3 04:11:47 Mater kernel: [    0.045341] Enabled setend support
May  3 04:11:47 Mater kernel: [    0.045710] clocksource: jiffies: mask: 0xffffffff max_cycles: 0xffffffff, max_idle_ns: 7645041785100000 ns
May  3 04:11:47 Mater kernel: [    0.045789] futex hash table entries: 1024 (order: 4, 65536 bytes, linear)
May  3 04:11:47 Mater kernel: [    0.058413] pinctrl core: initialized pinctrl subsystem
May  3 04:11:47 Mater kernel: [    0.059823] DMI not present or invalid.
May  3 04:11:47 Mater kernel: [    0.060961] NET: Registered PF_NETLINK/PF_ROUTE protocol family
May  3 04:11:47 Mater kernel: [    0.073056] DMA: preallocated 1024 KiB GFP_KERNEL pool for atomic allocations
May  3 04:11:47 Mater kernel: [    0.073511] DMA: preallocated 1024 KiB GFP_KERNEL|GFP_DMA pool for atomic allocations
May  3 04:11:47 Mater kernel: [    0.075052] DMA: preallocated 1024 KiB GFP_KERNEL|GFP_DMA32 pool for atomic allocations
May  3 04:11:47 Mater kernel: [    0.075253] audit: initializing netlink subsys (disabled)
May  3 04:11:47 Mater kernel: [    0.075724] audit: type=2000 audit(0.072:1): state=initialized audit_enabled=0 res=1
May  3 04:11:47 Mater kernel: [    0.076828] thermal_sys: Registered thermal governor 'step_wise'
May  3 04:11:47 Mater kernel: [    0.076966] cpuidle: using governor menu
May  3 04:11:47 Mater kernel: [    0.077702] hw-breakpoint: found 6 breakpoint and 4 watchpoint registers.
May  3 04:11:47 Mater kernel: [    0.078027] ASID allocator initialised with 32768 entries
May  3 04:11:47 Mater kernel: [    0.078318] Serial: AMBA PL011 UART driver
May  3 04:11:47 Mater kernel: [    0.094654] bcm2835-mbox 3f00b880.mailbox: mailbox enabled
May  3 04:11:47 Mater kernel: [    0.116672] raspberrypi-firmware soc:firmware: Attached to firmware from 2023-03-17T10:52:42, variant start
May  3 04:11:47 Mater kernel: [    0.120691] raspberrypi-firmware soc:firmware: Firmware hash is 82f3750a65fadae9a38077e3c2e217ad158c8d54
May  3 04:11:47 Mater kernel: [    0.132977] KASLR enabled
May  3 04:11:47 Mater kernel: [    0.189660] bcm2835-dma 3f007000.dma: DMA legacy API manager, dmachans=0x1
May  3 04:11:47 Mater kernel: [    0.196258] SCSI subsystem initialized
May  3 04:11:47 Mater kernel: [    0.196669] usbcore: registered new interface driver usbfs
May  3 04:11:47 Mater kernel: [    0.196806] usbcore: registered new interface driver hub
May  3 04:11:47 Mater kernel: [    0.196936] usbcore: registered new device driver usb
May  3 04:11:47 Mater kernel: [    0.197556] usb_phy_generic phy: supply vcc not found, using dummy regulator
May  3 04:11:47 Mater kernel: [    0.197960] usb_phy_generic phy: dummy supplies not allowed for exclusive requests
May  3 04:11:47 Mater kernel: [    0.198433] pps_core: LinuxPPS API ver. 1 registered
May  3 04:11:47 Mater kernel: [    0.198472] pps_core: Software ver. 5.3.6 - Copyright 2005-2007 Rodolfo Giometti <giometti@linux.it>
May  3 04:11:47 Mater kernel: [    0.198544] PTP clock support registered
May  3 04:11:47 Mater kernel: [    0.200346] vgaarb: loaded
May  3 04:11:47 Mater kernel: [    0.201549] clocksource: Switched to clocksource arch_sys_counter
May  3 04:11:47 Mater kernel: [    0.202925] VFS: Disk quotas dquot_6.6.0
May  3 04:11:47 Mater kernel: [    0.203070] VFS: Dquot-cache hash table entries: 512 (order 0, 4096 bytes)
May  3 04:11:47 Mater kernel: [    0.203399] FS-Cache: Loaded
May  3 04:11:47 Mater kernel: [    0.203695] CacheFiles: Loaded
May  3 04:11:47 Mater kernel: [    0.218185] NET: Registered PF_INET protocol family
May  3 04:11:47 Mater kernel: [    0.218943] IP idents hash table entries: 8192 (order: 4, 65536 bytes, linear)
May  3 04:11:47 Mater kernel: [    0.220951] tcp_listen_portaddr_hash hash table entries: 256 (order: 0, 4096 bytes, linear)
May  3 04:11:47 Mater kernel: [    0.221028] Table-perturb hash table entries: 65536 (order: 6, 262144 bytes, linear)
May  3 04:11:47 Mater kernel: [    0.221097] TCP established hash table entries: 4096 (order: 3, 32768 bytes, linear)
May  3 04:11:47 Mater kernel: [    0.221205] TCP bind hash table entries: 4096 (order: 5, 131072 bytes, linear)
May  3 04:11:47 Mater kernel: [    0.221432] TCP: Hash tables configured (established 4096 bind 4096)
May  3 04:11:47 Mater kernel: [    0.221690] UDP hash table entries: 256 (order: 1, 8192 bytes, linear)
May  3 04:11:47 Mater kernel: [    0.221764] UDP-Lite hash table entries: 256 (order: 1, 8192 bytes, linear)
May  3 04:11:47 Mater kernel: [    0.222128] NET: Registered PF_UNIX/PF_LOCAL protocol family
May  3 04:11:47 Mater kernel: [    0.223208] RPC: Registered named UNIX socket transport module.
May  3 04:11:47 Mater kernel: [    0.223253] RPC: Registered udp transport module.
May  3 04:11:47 Mater kernel: [    0.223289] RPC: Registered tcp transport module.
May  3 04:11:47 Mater kernel: [    0.223324] RPC: Registered tcp NFSv4.1 backchannel transport module.
May  3 04:11:47 Mater kernel: [    0.223381] PCI: CLS 0 bytes, default 64
May  3 04:11:47 Mater kernel: [    0.226125] hw perfevents: enabled with armv8_cortex_a53 PMU driver, 7 counters available
May  3 04:11:47 Mater kernel: [    0.226579] kvm [1]: IPA Size Limit: 40 bits
May  3 04:11:47 Mater kernel: [    0.228384] kvm [1]: Hyp mode initialized successfully
May  3 04:11:47 Mater kernel: [    2.009735] Initialise system trusted keyrings
May  3 04:11:47 Mater kernel: [    2.010420] workingset: timestamp_bits=46 max_order=17 bucket_order=0
May  3 04:11:47 Mater kernel: [    2.023745] zbud: loaded
May  3 04:11:47 Mater kernel: [    2.028464] NFS: Registering the id_resolver key type
May  3 04:11:47 Mater kernel: [    2.028544] Key type id_resolver registered
May  3 04:11:47 Mater kernel: [    2.028581] Key type id_legacy registered
May  3 04:11:47 Mater kernel: [    2.028805] nfs4filelayout_init: NFSv4 File Layout Driver Registering...
May  3 04:11:47 Mater kernel: [    2.028853] nfs4flexfilelayout_init: NFSv4 Flexfile Layout Driver Registering...
May  3 04:11:47 Mater kernel: [    2.031093] Key type asymmetric registered
May  3 04:11:47 Mater kernel: [    2.031141] Asymmetric key parser 'x509' registered
May  3 04:11:47 Mater kernel: [    2.031290] Block layer SCSI generic (bsg) driver version 0.4 loaded (major 247)
May  3 04:11:47 Mater kernel: [    2.031780] io scheduler mq-deadline registered
May  3 04:11:47 Mater kernel: [    2.031827] io scheduler kyber registered
May  3 04:11:47 Mater kernel: [    2.040972] simple-framebuffer 1eaa9000.framebuffer: framebuffer at 0x1eaa9000, 0x151800 bytes
May  3 04:11:47 Mater kernel: [    2.041056] simple-framebuffer 1eaa9000.framebuffer: format=a8r8g8b8, mode=720x480x32, linelength=2880
May  3 04:11:47 Mater kernel: [    2.044913] Console: switching to colour frame buffer device 90x30
May  3 04:11:47 Mater kernel: [    2.049931] simple-framebuffer 1eaa9000.framebuffer: fb0: simplefb registered!
May  3 04:11:47 Mater kernel: [    2.062642] bcm2835-rng 3f104000.rng: hwrng registered
May  3 04:11:47 Mater kernel: [    2.065663] vc-mem: phys_addr:0x00000000 mem_base=0x1ec00000 mem_size:0x20000000(512 MiB)
May  3 04:11:47 Mater kernel: [    2.071770] gpiomem-bcm2835 3f200000.gpiomem: Initialised: Registers at 0x3f200000
May  3 04:11:47 Mater kernel: [    2.095145] brd: module loaded
May  3 04:11:47 Mater kernel: [    2.111723] loop: module loaded
May  3 04:11:47 Mater kernel: [    2.114827] Loading iSCSI transport class v2.0-870.
May  3 04:11:47 Mater kernel: [    2.124383] usbcore: registered new interface driver r8152
May  3 04:11:47 Mater kernel: [    2.126508] usbcore: registered new interface driver lan78xx
May  3 04:11:47 Mater kernel: [    2.128548] usbcore: registered new interface driver smsc95xx
May  3 04:11:47 Mater kernel: [    2.131131] dwc_otg: version 3.00a 10-AUG-2012 (platform bus)
May  3 04:11:47 Mater kernel: [    2.861743] Core Release: 2.80a
May  3 04:11:47 Mater kernel: [    2.863556] Setting default values for core params
May  3 04:11:47 Mater kernel: [    2.865395] Finished setting default values for core params
May  3 04:11:47 Mater kernel: [    3.067775] Using Buffer DMA mode
May  3 04:11:47 Mater kernel: [    3.069587] Periodic Transfer Interrupt Enhancement - disabled
May  3 04:11:47 Mater kernel: [    3.071382] Multiprocessor Interrupt Enhancement - disabled
May  3 04:11:47 Mater kernel: [    3.073175] OTG VER PARAM: 0, OTG VER FLAG: 0
May  3 04:11:47 Mater kernel: [    3.075017] Dedicated Tx FIFOs mode
May  3 04:11:47 Mater kernel: [    3.081681] 
May  3 04:11:47 Mater kernel: [    3.081698] WARN::dwc_otg_hcd_init:1074: FIQ DMA bounce buffers: virt = ffffffc008459000 dma = 0x00000000cc000000 len=9024
May  3 04:11:47 Mater kernel: [    3.086883] FIQ FSM acceleration enabled for :
May  3 04:11:47 Mater kernel: [    3.086883] Non-periodic Split Transactions
May  3 04:11:47 Mater kernel: [    3.086883] Periodic Split Transactions
May  3 04:11:47 Mater kernel: [    3.086883] High-Speed Isochronous Endpoints
May  3 04:11:47 Mater kernel: [    3.086883] Interrupt/Control Split Transaction hack enabled
May  3 04:11:47 Mater kernel: [    3.094877] dwc_otg: Microframe scheduler enabled
May  3 04:11:47 Mater kernel: [    3.094930] 
May  3 04:11:47 Mater kernel: [    3.094945] WARN::hcd_init_fiq:497: MPHI regs_base at ffffffc008065000
May  3 04:11:47 Mater kernel: [    3.098002] dwc_otg 3f980000.usb: DWC OTG Controller
May  3 04:11:47 Mater kernel: [    3.099561] dwc_otg 3f980000.usb: new USB bus registered, assigned bus number 1
May  3 04:11:47 Mater kernel: [    3.101186] dwc_otg 3f980000.usb: irq 74, io mem 0x00000000
May  3 04:11:47 Mater kernel: [    3.102800] Init: Port Power? op_state=1
May  3 04:11:47 Mater kernel: [    3.104372] Init: Power Port (0)
May  3 04:11:47 Mater kernel: [    3.106518] usb usb1: New USB device found, idVendor=1d6b, idProduct=0002, bcdDevice= 6.01
May  3 04:11:47 Mater kernel: [    3.109779] usb usb1: New USB device strings: Mfr=3, Product=2, SerialNumber=1
May  3 04:11:47 Mater kernel: [    3.111521] usb usb1: Product: DWC OTG Controller
May  3 04:11:47 Mater kernel: [    3.113234] usb usb1: Manufacturer: Linux 6.1.21-v8+ dwc_otg_hcd
May  3 04:11:47 Mater kernel: [    3.114976] usb usb1: SerialNumber: 3f980000.usb
May  3 04:11:47 Mater kernel: [    3.117825] hub 1-0:1.0: USB hub found
May  3 04:11:47 Mater kernel: [    3.119575] hub 1-0:1.0: 1 port detected
May  3 04:11:47 Mater kernel: [    3.122581] dwc_otg: FIQ enabled
May  3 04:11:47 Mater kernel: [    3.122601] dwc_otg: NAK holdoff enabled
May  3 04:11:47 Mater kernel: [    3.122617] dwc_otg: FIQ split-transaction FSM enabled
May  3 04:11:47 Mater kernel: [    3.122646] Module dwc_common_port init
May  3 04:11:47 Mater kernel: [    3.123433] usbcore: registered new interface driver uas
May  3 04:11:47 Mater kernel: [    3.125271] usbcore: registered new interface driver usb-storage
May  3 04:11:47 Mater kernel: [    3.127323] mousedev: PS/2 mouse device common for all mice
May  3 04:11:47 Mater kernel: [    3.135573] sdhci: Secure Digital Host Controller Interface driver
May  3 04:11:47 Mater kernel: [    3.137206] sdhci: Copyright(c) Pierre Ossman
May  3 04:11:47 Mater kernel: [    3.139698] sdhci-pltfm: SDHCI platform and OF driver helper
May  3 04:11:47 Mater kernel: [    3.143807] ledtrig-cpu: registered to indicate activity on CPUs
May  3 04:11:47 Mater kernel: [    3.146020] hid: raw HID events driver (C) Jiri Kosina
May  3 04:11:47 Mater kernel: [    3.147957] usbcore: registered new interface driver usbhid
May  3 04:11:47 Mater kernel: [    3.149677] usbhid: USB HID core driver
May  3 04:11:47 Mater kernel: [    3.151708] bcm2835_vchiq 3f00b840.mailbox: there is not valid maps for state default
May  3 04:11:47 Mater kernel: [    3.161817] NET: Registered PF_PACKET protocol family
May  3 04:11:47 Mater kernel: [    3.163749] Key type dns_resolver registered
May  3 04:11:47 Mater kernel: [    3.167708] registered taskstats version 1
May  3 04:11:47 Mater kernel: [    3.169490] Loading compiled-in X.509 certificates
May  3 04:11:47 Mater kernel: [    3.172539] Key type .fscrypt registered
May  3 04:11:47 Mater kernel: [    3.174263] Key type fscrypt-provisioning registered
May  3 04:11:47 Mater kernel: [    3.203382] uart-pl011 3f201000.serial: cts_event_workaround enabled
May  3 04:11:47 Mater kernel: [    3.205269] 3f201000.serial: ttyAMA0 at MMIO 0x3f201000 (irq = 99, base_baud = 0) is a PL011 rev2
May  3 04:11:47 Mater kernel: [    3.214214] bcm2835-wdt bcm2835-wdt: Broadcom BCM2835 watchdog timer
May  3 04:11:47 Mater kernel: [    3.216681] bcm2835-power bcm2835-power: Broadcom BCM2835 power domains driver
May  3 04:11:47 Mater kernel: [    3.221840] mmc-bcm2835 3f300000.mmcnr: mmc_debug:0 mmc_debug2:0
May  3 04:11:47 Mater kernel: [    3.223587] mmc-bcm2835 3f300000.mmcnr: DMA channel allocated
May  3 04:11:47 Mater kernel: [    3.252736] sdhost: log_buf @ 000000005390fff1 (c2f68000)
May  3 04:11:47 Mater kernel: [    3.305602] mmc0: sdhost-bcm2835 loaded - DMA enabled (>1)
May  3 04:11:47 Mater kernel: [    3.312656] of_cfs_init
May  3 04:11:47 Mater kernel: [    3.314677] of_cfs_init: OK
May  3 04:11:47 Mater kernel: [    3.318060] Waiting for root device PARTUUID=8233264a-02...
May  3 04:11:47 Mater kernel: [    3.340225] mmc0: host does not support reading read-only switch, assuming write-enable
May  3 04:11:47 Mater kernel: [    3.345348] mmc0: new high speed SDHC card at address 0001
May  3 04:11:47 Mater kernel: [    3.349043] mmcblk0: mmc0:0001 SD16G 14.6 GiB 
May  3 04:11:47 Mater kernel: [    3.356673]  mmcblk0: p1 p2
May  3 04:11:47 Mater kernel: [    3.359455] mmcblk0: mmc0:0001 SD16G 14.6 GiB
May  3 04:11:47 Mater kernel: [    3.382046] EXT4-fs (mmcblk0p2): mounted filesystem with ordered data mode. Quota mode: none.
May  3 04:11:47 Mater kernel: [    3.385709] VFS: Mounted root (ext4 filesystem) readonly on device 179:2.
May  3 04:11:47 Mater kernel: [    3.397471] devtmpfs: mounted
May  3 04:11:47 Mater kernel: [    3.406340] mmc1: new high speed SDIO card at address 0001
May  3 04:11:47 Mater kernel: [    3.412690] Freeing unused kernel memory: 4160K
May  3 04:11:47 Mater kernel: [    3.414782] Run /sbin/init as init process
May  3 04:11:47 Mater kernel: [    3.416613]   with arguments:
May  3 04:11:47 Mater kernel: [    3.416628]     /sbin/init
May  3 04:11:47 Mater kernel: [    3.416644]   with environment:
May  3 04:11:47 Mater kernel: [    3.416658]     HOME=/
May  3 04:11:47 Mater kernel: [    3.416674]     TERM=linux
May  3 04:11:47 Mater kernel: [    4.327687] NET: Registered PF_INET6 protocol family
May  3 04:11:47 Mater kernel: [    4.332167] Segment Routing with IPv6
May  3 04:11:47 Mater kernel: [    4.334074] In-situ OAM (IOAM) with IPv6
May  3 04:11:47 Mater kernel: [    5.993811] fuse: init (API version 7.37)
May  3 04:11:47 Mater kernel: [    6.599394] EXT4-fs (mmcblk0p2): re-mounted. Quota mode: none.
May  3 04:11:47 Mater kernel: [    8.265950] vc_sm_cma: module is from the staging directory, the quality is unknown, you have been warned.
May  3 04:11:47 Mater kernel: [    8.281146] bcm2835_vc_sm_cma_probe: Videocore shared memory driver
May  3 04:11:47 Mater kernel: [    8.281203] [vc_sm_connected_init]: start
May  3 04:11:47 Mater kernel: [    8.294120] [vc_sm_connected_init]: installed successfully
May  3 04:11:47 Mater kernel: [    8.297485] mc: Linux media interface: v0.10
May  3 04:11:47 Mater kernel: [    8.434647] snd_bcm2835: module is from the staging directory, the quality is unknown, you have been warned.
May  3 04:11:47 Mater kernel: [    8.503857] videodev: Linux video capture interface: v2.00
May  3 04:11:47 Mater kernel: [    8.609356] bcm2835_mmal_vchiq: module is from the staging directory, the quality is unknown, you have been warned.
May  3 04:11:47 Mater kernel: [    8.650569] bcm2835_codec: module is from the staging directory, the quality is unknown, you have been warned.
May  3 04:11:47 Mater kernel: [    8.651107] bcm2835_isp: module is from the staging directory, the quality is unknown, you have been warned.
May  3 04:11:47 Mater kernel: [    8.653230] bcm2835_v4l2: module is from the staging directory, the quality is unknown, you have been warned.
May  3 04:11:47 Mater kernel: [    8.687899] bcm2835-isp bcm2835-isp: Device node output[0] registered as /dev/video13
May  3 04:11:47 Mater kernel: [    8.689111] bcm2835-isp bcm2835-isp: Device node capture[0] registered as /dev/video14
May  3 04:11:47 Mater kernel: [    8.690231] bcm2835-isp bcm2835-isp: Device node capture[1] registered as /dev/video15
May  3 04:11:47 Mater kernel: [    8.691126] bcm2835-isp bcm2835-isp: Device node stats[2] registered as /dev/video16
May  3 04:11:47 Mater kernel: [    8.691186] bcm2835-isp bcm2835-isp: Register output node 0 with media controller
May  3 04:11:47 Mater kernel: [    8.691224] bcm2835-isp bcm2835-isp: Register capture node 1 with media controller
May  3 04:11:47 Mater kernel: [    8.691254] bcm2835-isp bcm2835-isp: Register capture node 2 with media controller
May  3 04:11:47 Mater kernel: [    8.691283] bcm2835-isp bcm2835-isp: Register capture node 3 with media controller
May  3 04:11:47 Mater kernel: [    8.699207] bcm2835-codec bcm2835-codec: Device registered as /dev/video10
May  3 04:11:47 Mater kernel: [    8.699300] bcm2835-codec bcm2835-codec: Loaded V4L2 decode
May  3 04:11:47 Mater kernel: [    8.719771] bcm2835-isp bcm2835-isp: Device node output[0] registered as /dev/video20
May  3 04:11:47 Mater kernel: [    8.722484] bcm2835-codec bcm2835-codec: Device registered as /dev/video11
May  3 04:11:47 Mater kernel: [    8.722576] bcm2835-codec bcm2835-codec: Loaded V4L2 encode
May  3 04:11:47 Mater kernel: [    8.729015] bcm2835-isp bcm2835-isp: Device node capture[0] registered as /dev/video21
May  3 04:11:47 Mater kernel: [    8.731607] bcm2835-isp bcm2835-isp: Device node capture[1] registered as /dev/video22
May  3 04:11:47 Mater kernel: [    8.732216] bcm2835-codec bcm2835-codec: Device registered as /dev/video12
May  3 04:11:47 Mater kernel: [    8.732285] bcm2835-codec bcm2835-codec: Loaded V4L2 isp
May  3 04:11:47 Mater kernel: [    8.732508] bcm2835-isp bcm2835-isp: Device node stats[2] registered as /dev/video23
May  3 04:11:47 Mater kernel: [    8.732553] bcm2835-isp bcm2835-isp: Register output node 0 with media controller
May  3 04:11:47 Mater kernel: [    8.732590] bcm2835-isp bcm2835-isp: Register capture node 1 with media controller
May  3 04:11:47 Mater kernel: [    8.732622] bcm2835-isp bcm2835-isp: Register capture node 2 with media controller
May  3 04:11:47 Mater kernel: [    8.732944] bcm2835-isp bcm2835-isp: Register capture node 3 with media controller
May  3 04:11:47 Mater kernel: [    8.736550] bcm2835-isp bcm2835-isp: Loaded V4L2 bcm2835-isp
May  3 04:11:47 Mater kernel: [    8.738540] bcm2835-codec bcm2835-codec: Device registered as /dev/video18
May  3 04:11:47 Mater kernel: [    8.738672] bcm2835-codec bcm2835-codec: Loaded V4L2 image_fx
May  3 04:11:47 Mater kernel: [    8.750187] bcm2835-codec bcm2835-codec: Device registered as /dev/video31
May  3 04:11:47 Mater kernel: [    8.750272] bcm2835-codec bcm2835-codec: Loaded V4L2 encode_image
May  3 04:11:47 Mater kernel: [    9.111298] cfg80211: Loading compiled-in X.509 certificates for regulatory database
May  3 04:11:47 Mater kernel: [    9.176455] cfg80211: Loaded X.509 cert 'sforshee: 00b28ddf47aef9cea7'
May  3 04:11:47 Mater kernel: [    9.204692] cfg80211: loaded regulatory.db is malformed or signature is missing/invalid
May  3 04:11:47 Mater kernel: [    9.406503] brcmfmac: F1 signature read @0x18000000=0x1542a9a6
May  3 04:11:47 Mater kernel: [    9.425145] brcmfmac: brcmf_fw_alloc_request: using brcm/brcmfmac43436-sdio for chip BCM43430/2
May  3 04:11:47 Mater kernel: [    9.453827] Console: switching to colour dummy device 80x25
May  3 04:11:47 Mater kernel: [    9.465302] vc4-drm soc:gpu: bound 3f400000.hvs (ops vc4_hvs_ops [vc4])
May  3 04:11:47 Mater kernel: [    9.471774] Registered IR keymap rc-cec
May  3 04:11:47 Mater kernel: [    9.473679] usbcore: registered new interface driver brcmfmac
May  3 04:11:47 Mater kernel: [    9.491421] rc rc0: vc4-hdmi as /devices/platform/soc/3f902000.hdmi/rc/rc0
May  3 04:11:47 Mater kernel: [    9.491862] input: vc4-hdmi as /devices/platform/soc/3f902000.hdmi/rc/rc0/input0
May  3 04:11:47 Mater kernel: [    9.545944] vc4-drm soc:gpu: bound 3f902000.hdmi (ops vc4_hdmi_ops [vc4])
May  3 04:11:47 Mater kernel: [    9.546735] vc4-drm soc:gpu: bound 3f004000.txp (ops vc4_txp_ops [vc4])
May  3 04:11:47 Mater kernel: [    9.547465] vc4-drm soc:gpu: bound 3f206000.pixelvalve (ops vc4_crtc_ops [vc4])
May  3 04:11:47 Mater kernel: [    9.548023] vc4-drm soc:gpu: bound 3f207000.pixelvalve (ops vc4_crtc_ops [vc4])
May  3 04:11:47 Mater kernel: [    9.548527] vc4-drm soc:gpu: bound 3f807000.pixelvalve (ops vc4_crtc_ops [vc4])
May  3 04:11:47 Mater kernel: [    9.549884] vc4-drm soc:gpu: bound 3fc00000.v3d (ops vc4_v3d_ops [vc4])
May  3 04:11:47 Mater kernel: [    9.561081] [drm] Initialized vc4 0.0.0 20140616 for soc:gpu on minor 0
May  3 04:11:47 Mater kernel: [    9.563348] vc4-drm soc:gpu: [drm] Cannot find any crtc or sizes
May  3 04:11:47 Mater kernel: [    9.653225] brcmfmac: brcmf_c_preinit_dcmds: Firmware: BCM43430/2 wl0: Mar 31 2022 17:24:51 version 9.88.4.77 (g58bc5cc) FWID 01-3b307371
May  3 04:11:47 Mater kernel: [   11.097167] uart-pl011 3f201000.serial: no DMA platform data
May  3 04:11:47 Mater kernel: [   11.398859] Adding 102396k swap on /var/swap.  Priority:-2 extents:1 across:102396k SSFS
May  3 04:11:47 Mater kernel: [   11.509227] 8021q: 802.1Q VLAN Support v1.8
May  3 04:11:48 Mater kernel: [   12.080831] brcmfmac: brcmf_cfg80211_set_power_mgmt: power save enabled
May  3 04:11:53 Mater kernel: [   16.978065] Bluetooth: Core ver 2.22
May  3 04:11:53 Mater kernel: [   16.978225] NET: Registered PF_BLUETOOTH protocol family
May  3 04:11:53 Mater kernel: [   16.978237] Bluetooth: HCI device and connection manager initialized
May  3 04:11:53 Mater kernel: [   16.978270] Bluetooth: HCI socket layer initialized
May  3 04:11:53 Mater kernel: [   16.978290] Bluetooth: L2CAP socket layer initialized
May  3 04:11:53 Mater kernel: [   16.978323] Bluetooth: SCO socket layer initialized
May  3 04:11:53 Mater kernel: [   16.995020] Bluetooth: HCI UART driver ver 2.3
May  3 04:11:53 Mater kernel: [   16.995055] Bluetooth: HCI UART protocol H4 registered
May  3 04:11:53 Mater kernel: [   16.995178] Bluetooth: HCI UART protocol Three-wire (H5) registered
May  3 04:11:53 Mater kernel: [   16.995532] Bluetooth: HCI UART protocol Broadcom registered
May  3 04:11:53 Mater kernel: [   17.659078] Bluetooth: BNEP (Ethernet Emulation) ver 1.3
May  3 04:11:53 Mater kernel: [   17.659109] Bluetooth: BNEP filters: protocol multicast
May  3 04:11:53 Mater kernel: [   17.659138] Bluetooth: BNEP socket layer initialized
May  3 04:11:53 Mater kernel: [   17.667558] Bluetooth: MGMT ver 1.22
May  3 04:11:53 Mater kernel: [   17.686565] NET: Registered PF_ALG protocol family
May  3 04:12:21 Mater kernel: [   45.712549] IPv6: ADDRCONF(NETDEV_CHANGE): wlan0: link becomes ready
Oct  9 14:59:03 Mater kernel: [    0.000000] Booting Linux on physical CPU 0x0000000000 [0x410fd034]
Oct  9 14:59:03 Mater kernel: [    0.000000] Linux version 6.1.21-v8+ (dom@buildbot) (aarch64-linux-gnu-gcc-8 (Ubuntu/Linaro 8.4.0-3ubuntu1) 8.4.0, GNU ld (GNU Binutils for Ubuntu) 2.34) #1642 SMP PREEMPT Mon Apr  3 17:24:16 BST 2023
Oct  9 14:59:03 Mater kernel: [    0.000000] random: crng init done
Oct  9 14:59:03 Mater kernel: [    0.000000] Machine model: Raspberry Pi Zero 2 W Rev 1.0
Oct  9 14:59:03 Mater kernel: [    0.000000] efi: UEFI not found.
Oct  9 14:59:03 Mater kernel: [    0.000000] Reserved memory: created CMA memory pool at 0x000000000bc00000, size 256 MiB
Oct  9 14:59:03 Mater kernel: [    0.000000] OF: reserved mem: initialized node linux,cma, compatible id shared-dma-pool
Oct  9 14:59:03 Mater kernel: [    0.000000] Zone ranges:
Oct  9 14:59:03 Mater kernel: [    0.000000]   DMA      [mem 0x0000000000000000-0x000000001bffffff]
Oct  9 14:59:03 Mater kernel: [    0.000000]   DMA32    empty
Oct  9 14:59:03 Mater kernel: [    0.000000]   Normal   empty
Oct  9 14:59:03 Mater kernel: [    0.000000] Movable zone start for each node
Oct  9 14:59:03 Mater kernel: [    0.000000] Early memory node ranges
Oct  9 14:59:03 Mater kernel: [    0.000000]   node   0: [mem 0x0000000000000000-0x000000001bffffff]
Oct  9 14:59:03 Mater kernel: [    0.000000] Initmem setup node 0 [mem 0x0000000000000000-0x000000001bffffff]
Oct  9 14:59:03 Mater kernel: [    0.000000] On node 0, zone DMA: 16384 pages in unavailable ranges
Oct  9 14:59:03 Mater kernel: [    0.000000] percpu: Embedded 29 pages/cpu s78504 r8192 d32088 u118784
Oct  9 14:59:03 Mater kernel: [    0.000000] pcpu-alloc: s78504 r8192 d32088 u118784 alloc=29*4096
Oct  9 14:59:03 Mater kernel: [    0.000000] pcpu-alloc: [0] 0 [0] 1 [0] 2 [0] 3 
Oct  9 14:59:03 Mater kernel: [    0.000000] Detected VIPT I-cache on CPU0
Oct  9 14:59:03 Mater kernel: [    0.000000] CPU features: kernel page table isolation forced ON by KASLR
Oct  9 14:59:03 Mater kernel: [    0.000000] CPU features: detected: Kernel page table isolation (KPTI)
Oct  9 14:59:03 Mater kernel: [    0.000000] CPU features: detected: ARM erratum 843419
Oct  9 14:59:03 Mater kernel: [    0.000000] CPU features: detected: ARM erratum 845719
Oct  9 14:59:03 Mater kernel: [    0.000000] alternatives: applying boot alternatives
Oct  9 14:59:03 Mater kernel: [    0.000000] Built 1 zonelists, mobility grouping on.  Total pages: 112896
Oct  9 14:59:03 Mater kernel: [    0.000000] Kernel command line: coherent_pool=1M 8250.nr_uarts=0 snd_bcm2835.enable_headphones=0 snd_bcm2835.enable_hdmi=1 snd_bcm2835.enable_hdmi=0 video=Composite-1:720x480@60i smsc95xx.macaddr=B8:27:EB:97:28:31 vc_mem.mem_base=0x1ec00000 vc_mem.mem_size=0x20000000  console=ttyS0,115200 console=tty1 root=PARTUUID=8233264a-02 rootfstype=ext4 fsck.repair=yes rootwait
Oct  9 14:59:03 Mater kernel: [    0.000000] Dentry cache hash table entries: 65536 (order: 7, 524288 bytes, linear)
Oct  9 14:59:03 Mater kernel: [    0.000000] Inode-cache hash table entries: 32768 (order: 6, 262144 bytes, linear)
Oct  9 14:59:03 Mater kernel: [    0.000000] mem auto-init: stack:off, heap alloc:off, heap free:off
Oct  9 14:59:03 Mater kernel: [    0.000000] Memory: 163096K/458752K available (11776K kernel code, 2106K rwdata, 3688K rodata, 4160K init, 1077K bss, 33512K reserved, 262144K cma-reserved)
Oct  9 14:59:03 Mater kernel: [    0.000000] SLUB: HWalign=64, Order=0-3, MinObjects=0, CPUs=4, Nodes=1
Oct  9 14:59:03 Mater kernel: [    0.000000] ftrace: allocating 39744 entries in 156 pages
Oct  9 14:59:03 Mater kernel: [    0.000000] ftrace: allocated 156 pages with 4 groups
Oct  9 14:59:03 Mater kernel: [    0.000000] trace event string verifier disabled
Oct  9 14:59:03 Mater kernel: [    0.000000] rcu: Preemptible hierarchical RCU implementation.
Oct  9 14:59:03 Mater kernel: [    0.000000] rcu: 	RCU event tracing is enabled.
Oct  9 14:59:03 Mater kernel: [    0.000000] rcu: 	RCU restricting CPUs from NR_CPUS=256 to nr_cpu_ids=4.
Oct  9 14:59:03 Mater kernel: [    0.000000] 	Trampoline variant of Tasks RCU enabled.
Oct  9 14:59:03 Mater kernel: [    0.000000] 	Rude variant of Tasks RCU enabled.
Oct  9 14:59:03 Mater kernel: [    0.000000] 	Tracing variant of Tasks RCU enabled.
Oct  9 14:59:03 Mater kernel: [    0.000000] rcu: RCU calculated value of scheduler-enlistment delay is 25 jiffies.
Oct  9 14:59:03 Mater kernel: [    0.000000] rcu: Adjusting geometry for rcu_fanout_leaf=16, nr_cpu_ids=4
Oct  9 14:59:03 Mater kernel: [    0.000000] NR_IRQS: 64, nr_irqs: 64, preallocated irqs: 0
Oct  9 14:59:03 Mater kernel: [    0.000000] Root IRQ handler: bcm2836_arm_irqchip_handle_irq
Oct  9 14:59:03 Mater kernel: [    0.000000] rcu: srcu_init: Setting srcu_struct sizes based on contention.
Oct  9 14:59:03 Mater kernel: [    0.000000] arch_timer: cp15 timer(s) running at 19.20MHz (phys).
Oct  9 14:59:03 Mater kernel: [    0.000000] clocksource: arch_sys_counter: mask: 0xffffffffffffff max_cycles: 0x46d987e47, max_idle_ns: 440795202767 ns
Oct  9 14:59:03 Mater kernel: [    0.000001] sched_clock: 56 bits at 19MHz, resolution 52ns, wraps every 4398046511078ns
Oct  9 14:59:03 Mater kernel: [    0.000386] Console: colour dummy device 80x25
Oct  9 14:59:03 Mater kernel: [    0.001384] printk: console [tty1] enabled
Oct  9 14:59:03 Mater kernel: [    0.001473] Calibrating delay loop (skipped), value calculated using timer frequency.. 38.40 BogoMIPS (lpj=76800)
Oct  9 14:59:03 Mater kernel: [    0.001541] pid_max: default: 32768 minimum: 301
Oct  9 14:59:03 Mater kernel: [    0.001736] LSM: Security Framework initializing
Oct  9 14:59:03 Mater kernel: [    0.002012] Mount-cache hash table entries: 1024 (order: 1, 8192 bytes, linear)
Oct  9 14:59:03 Mater kernel: [    0.002076] Mountpoint-cache hash table entries: 1024 (order: 1, 8192 bytes, linear)
Oct  9 14:59:03 Mater kernel: [    0.004033] cgroup: Disabling memory control group subsystem
Oct  9 14:59:03 Mater kernel: [    0.007340] cblist_init_generic: Setting adjustable number of callback queues.
Oct  9 14:59:03 Mater kernel: [    0.007391] cblist_init_generic: Setting shift to 2 and lim to 1.
Oct  9 14:59:03 Mater kernel: [    0.007685] cblist_init_generic: Setting shift to 2 and lim to 1.
Oct  9 14:59:03 Mater kernel: [    0.008038] cblist_init_generic: Setting shift to 2 and lim to 1.
Oct  9 14:59:03 Mater kernel: [    0.008713] rcu: Hierarchical SRCU implementation.
Oct  9 14:59:03 Mater kernel: [    0.008752] rcu: 	Max phase no-delay instances is 1000.
Oct  9 14:59:03 Mater kernel: [    0.010582] EFI services will not be available.
Oct  9 14:59:03 Mater kernel: [    0.011374] smp: Bringing up secondary CPUs ...
Oct  9 14:59:03 Mater kernel: [    0.013127] Detected VIPT I-cache on CPU1
Oct  9 14:59:03 Mater kernel: [    0.013311] CPU1: Booted secondary processor 0x0000000001 [0x410fd034]
Oct  9 14:59:03 Mater kernel: [    0.015095] Detected VIPT I-cache on CPU2
Oct  9 14:59:03 Mater kernel: [    0.015236] CPU2: Booted secondary processor 0x0000000002 [0x410fd034]
Oct  9 14:59:03 Mater kernel: [    0.017017] Detected VIPT I-cache on CPU3
Oct  9 14:59:03 Mater kernel: [    0.017157] CPU3: Booted secondary processor 0x0000000003 [0x410fd034]
Oct  9 14:59:03 Mater kernel: [    0.017387] smp: Brought up 1 node, 4 CPUs
Oct  9 14:59:03 Mater kernel: [    0.017553] SMP: Total of 4 processors activated.
Oct  9 14:59:03 Mater kernel: [    0.017588] CPU features: detected: 32-bit EL0 Support
Oct  9 14:59:03 Mater kernel: [    0.017622] CPU features: detected: 32-bit EL1 Support
Oct  9 14:59:03 Mater kernel: [    0.017659] CPU features: detected: CRC32 instructions
Oct  9 14:59:03 Mater kernel: [    0.017854] CPU: All CPU(s) started at EL2
Oct  9 14:59:03 Mater kernel: [    0.017906] alternatives: applying system-wide alternatives
Oct  9 14:59:03 Mater kernel: [    0.020522] devtmpfs: initialized
Oct  9 14:59:03 Mater kernel: [    0.045262] Enabled cp15_barrier support
Oct  9 14:59:03 Mater kernel: [    0.045351] Enabled setend support
Oct  9 14:59:03 Mater kernel: [    0.045719] clocksource: jiffies: mask: 0xffffffff max_cycles: 0xffffffff, max_idle_ns: 7645041785100000 ns
Oct  9 14:59:03 Mater kernel: [    0.045797] futex hash table entries: 1024 (order: 4, 65536 bytes, linear)
Oct  9 14:59:03 Mater kernel: [    0.058443] pinctrl core: initialized pinctrl subsystem
Oct  9 14:59:03 Mater kernel: [    0.059874] DMI not present or invalid.
Oct  9 14:59:03 Mater kernel: [    0.061009] NET: Registered PF_NETLINK/PF_ROUTE protocol family
Oct  9 14:59:03 Mater kernel: [    0.073184] DMA: preallocated 1024 KiB GFP_KERNEL pool for atomic allocations
Oct  9 14:59:03 Mater kernel: [    0.073638] DMA: preallocated 1024 KiB GFP_KERNEL|GFP_DMA pool for atomic allocations
Oct  9 14:59:03 Mater kernel: [    0.075188] DMA: preallocated 1024 KiB GFP_KERNEL|GFP_DMA32 pool for atomic allocations
Oct  9 14:59:03 Mater kernel: [    0.075389] audit: initializing netlink subsys (disabled)
Oct  9 14:59:03 Mater kernel: [    0.075864] audit: type=2000 audit(0.072:1): state=initialized audit_enabled=0 res=1
Oct  9 14:59:03 Mater kernel: [    0.076972] thermal_sys: Registered thermal governor 'step_wise'
Oct  9 14:59:03 Mater kernel: [    0.077109] cpuidle: using governor menu
Oct  9 14:59:03 Mater kernel: [    0.077843] hw-breakpoint: found 6 breakpoint and 4 watchpoint registers.
Oct  9 14:59:03 Mater kernel: [    0.078170] ASID allocator initialised with 32768 entries
Oct  9 14:59:03 Mater kernel: [    0.078462] Serial: AMBA PL011 UART driver
Oct  9 14:59:03 Mater kernel: [    0.094792] bcm2835-mbox 3f00b880.mailbox: mailbox enabled
Oct  9 14:59:03 Mater kernel: [    0.116709] raspberrypi-firmware soc:firmware: Attached to firmware from 2023-03-17T10:52:42, variant start
Oct  9 14:59:03 Mater kernel: [    0.120727] raspberrypi-firmware soc:firmware: Firmware hash is 82f3750a65fadae9a38077e3c2e217ad158c8d54
Oct  9 14:59:03 Mater kernel: [    0.133005] KASLR enabled
Oct  9 14:59:03 Mater kernel: [    0.185531] bcm2835-dma 3f007000.dma: DMA legacy API manager, dmachans=0x1
Oct  9 14:59:03 Mater kernel: [    0.192281] SCSI subsystem initialized
Oct  9 14:59:03 Mater kernel: [    0.192689] usbcore: registered new interface driver usbfs
Oct  9 14:59:03 Mater kernel: [    0.192808] usbcore: registered new interface driver hub
Oct  9 14:59:03 Mater kernel: [    0.192938] usbcore: registered new device driver usb
Oct  9 14:59:03 Mater kernel: [    0.193581] usb_phy_generic phy: supply vcc not found, using dummy regulator
Oct  9 14:59:03 Mater kernel: [    0.194083] usb_phy_generic phy: dummy supplies not allowed for exclusive requests
Oct  9 14:59:03 Mater kernel: [    0.194564] pps_core: LinuxPPS API ver. 1 registered
Oct  9 14:59:03 Mater kernel: [    0.194602] pps_core: Software ver. 5.3.6 - Copyright 2005-2007 Rodolfo Giometti <giometti@linux.it>
Oct  9 14:59:03 Mater kernel: [    0.194674] PTP clock support registered
Oct  9 14:59:03 Mater kernel: [    0.196535] vgaarb: loaded
Oct  9 14:59:03 Mater kernel: [    0.197857] clocksource: Switched to clocksource arch_sys_counter
Oct  9 14:59:03 Mater kernel: [    0.198737] VFS: Disk quotas dquot_6.6.0
Oct  9 14:59:03 Mater kernel: [    0.198879] VFS: Dquot-cache hash table entries: 512 (order 0, 4096 bytes)
Oct  9 14:59:03 Mater kernel: [    0.199207] FS-Cache: Loaded
Oct  9 14:59:03 Mater kernel: [    0.199524] CacheFiles: Loaded
Oct  9 14:59:03 Mater kernel: [    0.216424] NET: Registered PF_INET protocol family
Oct  9 14:59:03 Mater kernel: [    0.216840] IP idents hash table entries: 8192 (order: 4, 65536 bytes, linear)
Oct  9 14:59:03 Mater kernel: [    0.218707] tcp_listen_portaddr_hash hash table entries: 256 (order: 0, 4096 bytes, linear)
Oct  9 14:59:03 Mater kernel: [    0.218915] Table-perturb hash table entries: 65536 (order: 6, 262144 bytes, linear)
Oct  9 14:59:03 Mater kernel: [    0.218981] TCP established hash table entries: 4096 (order: 3, 32768 bytes, linear)
Oct  9 14:59:03 Mater kernel: [    0.219090] TCP bind hash table entries: 4096 (order: 5, 131072 bytes, linear)
Oct  9 14:59:03 Mater kernel: [    0.219316] TCP: Hash tables configured (established 4096 bind 4096)
Oct  9 14:59:03 Mater kernel: [    0.219543] UDP hash table entries: 256 (order: 1, 8192 bytes, linear)
Oct  9 14:59:03 Mater kernel: [    0.219616] UDP-Lite hash table entries: 256 (order: 1, 8192 bytes, linear)
Oct  9 14:59:03 Mater kernel: [    0.219957] NET: Registered PF_UNIX/PF_LOCAL protocol family
Oct  9 14:59:03 Mater kernel: [    0.220968] RPC: Registered named UNIX socket transport module.
Oct  9 14:59:03 Mater kernel: [    0.221013] RPC: Registered udp transport module.
Oct  9 14:59:03 Mater kernel: [    0.221049] RPC: Registered tcp transport module.
Oct  9 14:59:03 Mater kernel: [    0.221083] RPC: Registered tcp NFSv4.1 backchannel transport module.
Oct  9 14:59:03 Mater kernel: [    0.221140] PCI: CLS 0 bytes, default 64
Oct  9 14:59:03 Mater kernel: [    0.223950] hw perfevents: enabled with armv8_cortex_a53 PMU driver, 7 counters available
Oct  9 14:59:03 Mater kernel: [    0.224397] kvm [1]: IPA Size Limit: 40 bits
Oct  9 14:59:03 Mater kernel: [    0.226260] kvm [1]: Hyp mode initialized successfully
Oct  9 14:59:03 Mater kernel: [    2.009155] Initialise system trusted keyrings
Oct  9 14:59:03 Mater kernel: [    2.009962] workingset: timestamp_bits=46 max_order=17 bucket_order=0
Oct  9 14:59:03 Mater kernel: [    2.023449] zbud: loaded
Oct  9 14:59:03 Mater kernel: [    2.028209] NFS: Registering the id_resolver key type
Oct  9 14:59:03 Mater kernel: [    2.028308] Key type id_resolver registered
Oct  9 14:59:03 Mater kernel: [    2.028345] Key type id_legacy registered
Oct  9 14:59:03 Mater kernel: [    2.028550] nfs4filelayout_init: NFSv4 File Layout Driver Registering...
Oct  9 14:59:03 Mater kernel: [    2.028598] nfs4flexfilelayout_init: NFSv4 Flexfile Layout Driver Registering...
Oct  9 14:59:03 Mater kernel: [    2.030903] Key type asymmetric registered
Oct  9 14:59:03 Mater kernel: [    2.030952] Asymmetric key parser 'x509' registered
Oct  9 14:59:03 Mater kernel: [    2.031100] Block layer SCSI generic (bsg) driver version 0.4 loaded (major 247)
Oct  9 14:59:03 Mater kernel: [    2.031566] io scheduler mq-deadline registered
Oct  9 14:59:03 Mater kernel: [    2.031611] io scheduler kyber registered
Oct  9 14:59:03 Mater kernel: [    2.040588] simple-framebuffer 1eaa9000.framebuffer: framebuffer at 0x1eaa9000, 0x151800 bytes
Oct  9 14:59:03 Mater kernel: [    2.040666] simple-framebuffer 1eaa9000.framebuffer: format=a8r8g8b8, mode=720x480x32, linelength=2880
Oct  9 14:59:03 Mater kernel: [    2.044510] Console: switching to colour frame buffer device 90x30
Oct  9 14:59:03 Mater kernel: [    2.049495] simple-framebuffer 1eaa9000.framebuffer: fb0: simplefb registered!
Oct  9 14:59:03 Mater kernel: [    2.062197] bcm2835-rng 3f104000.rng: hwrng registered
Oct  9 14:59:03 Mater kernel: [    2.065201] vc-mem: phys_addr:0x00000000 mem_base=0x1ec00000 mem_size:0x20000000(512 MiB)
Oct  9 14:59:03 Mater kernel: [    2.071245] gpiomem-bcm2835 3f200000.gpiomem: Initialised: Registers at 0x3f200000
Oct  9 14:59:03 Mater kernel: [    2.094517] brd: module loaded
Oct  9 14:59:03 Mater kernel: [    2.111085] loop: module loaded
Oct  9 14:59:03 Mater kernel: [    2.114198] Loading iSCSI transport class v2.0-870.
Oct  9 14:59:03 Mater kernel: [    2.123760] usbcore: registered new interface driver r8152
Oct  9 14:59:03 Mater kernel: [    2.125887] usbcore: registered new interface driver lan78xx
Oct  9 14:59:03 Mater kernel: [    2.127902] usbcore: registered new interface driver smsc95xx
Oct  9 14:59:03 Mater kernel: [    2.130514] dwc_otg: version 3.00a 10-AUG-2012 (platform bus)
Oct  9 14:59:03 Mater kernel: [    2.861124] Core Release: 2.80a
Oct  9 14:59:03 Mater kernel: [    2.862978] Setting default values for core params
Oct  9 14:59:03 Mater kernel: [    2.864820] Finished setting default values for core params
Oct  9 14:59:03 Mater kernel: [    3.067179] Using Buffer DMA mode
Oct  9 14:59:03 Mater kernel: [    3.068977] Periodic Transfer Interrupt Enhancement - disabled
Oct  9 14:59:03 Mater kernel: [    3.070794] Multiprocessor Interrupt Enhancement - disabled
Oct  9 14:59:03 Mater kernel: [    3.072599] OTG VER PARAM: 0, OTG VER FLAG: 0
Oct  9 14:59:03 Mater kernel: [    3.074440] Dedicated Tx FIFOs mode
Oct  9 14:59:03 Mater kernel: [    3.081140] 
Oct  9 14:59:03 Mater kernel: [    3.081157] WARN::dwc_otg_hcd_init:1074: FIQ DMA bounce buffers: virt = ffffffc008459000 dma = 0x00000000cc000000 len=9024
Oct  9 14:59:03 Mater kernel: [    3.086355] FIQ FSM acceleration enabled for :
Oct  9 14:59:03 Mater kernel: [    3.086355] Non-periodic Split Transactions
Oct  9 14:59:03 Mater kernel: [    3.086355] Periodic Split Transactions
Oct  9 14:59:03 Mater kernel: [    3.086355] High-Speed Isochronous Endpoints
Oct  9 14:59:03 Mater kernel: [    3.086355] Interrupt/Control Split Transaction hack enabled
Oct  9 14:59:03 Mater kernel: [    3.094343] dwc_otg: Microframe scheduler enabled
Oct  9 14:59:03 Mater kernel: [    3.094395] 
Oct  9 14:59:03 Mater kernel: [    3.094409] WARN::hcd_init_fiq:497: MPHI regs_base at ffffffc008065000
Oct  9 14:59:03 Mater kernel: [    3.097444] dwc_otg 3f980000.usb: DWC OTG Controller
Oct  9 14:59:03 Mater kernel: [    3.099022] dwc_otg 3f980000.usb: new USB bus registered, assigned bus number 1
Oct  9 14:59:03 Mater kernel: [    3.100647] dwc_otg 3f980000.usb: irq 74, io mem 0x00000000
Oct  9 14:59:03 Mater kernel: [    3.102259] Init: Port Power? op_state=1
Oct  9 14:59:03 Mater kernel: [    3.103827] Init: Power Port (0)
Oct  9 14:59:03 Mater kernel: [    3.105958] usb usb1: New USB device found, idVendor=1d6b, idProduct=0002, bcdDevice= 6.01
Oct  9 14:59:03 Mater kernel: [    3.109193] usb usb1: New USB device strings: Mfr=3, Product=2, SerialNumber=1
Oct  9 14:59:03 Mater kernel: [    3.110962] usb usb1: Product: DWC OTG Controller
Oct  9 14:59:03 Mater kernel: [    3.112676] usb usb1: Manufacturer: Linux 6.1.21-v8+ dwc_otg_hcd
Oct  9 14:59:03 Mater kernel: [    3.114418] usb usb1: SerialNumber: 3f980000.usb
Oct  9 14:59:03 Mater kernel: [    3.117237] hub 1-0:1.0: USB hub found
Oct  9 14:59:03 Mater kernel: [    3.119037] hub 1-0:1.0: 1 port detected
Oct  9 14:59:03 Mater kernel: [    3.121982] dwc_otg: FIQ enabled
Oct  9 14:59:03 Mater kernel: [    3.122002] dwc_otg: NAK holdoff enabled
Oct  9 14:59:03 Mater kernel: [    3.122018] dwc_otg: FIQ split-transaction FSM enabled
Oct  9 14:59:03 Mater kernel: [    3.122048] Module dwc_common_port init
Oct  9 14:59:03 Mater kernel: [    3.122928] usbcore: registered new interface driver uas
Oct  9 14:59:03 Mater kernel: [    3.124734] usbcore: registered new interface driver usb-storage
Oct  9 14:59:03 Mater kernel: [    3.126965] mousedev: PS/2 mouse device common for all mice
Oct  9 14:59:03 Mater kernel: [    3.134941] sdhci: Secure Digital Host Controller Interface driver
Oct  9 14:59:03 Mater kernel: [    3.136567] sdhci: Copyright(c) Pierre Ossman
Oct  9 14:59:03 Mater kernel: [    3.139035] sdhci-pltfm: SDHCI platform and OF driver helper
Oct  9 14:59:03 Mater kernel: [    3.143131] ledtrig-cpu: registered to indicate activity on CPUs
Oct  9 14:59:03 Mater kernel: [    3.145271] hid: raw HID events driver (C) Jiri Kosina
Oct  9 14:59:03 Mater kernel: [    3.147232] usbcore: registered new interface driver usbhid
Oct  9 14:59:03 Mater kernel: [    3.148910] usbhid: USB HID core driver
Oct  9 14:59:03 Mater kernel: [    3.150984] bcm2835_vchiq 3f00b840.mailbox: there is not valid maps for state default
Oct  9 14:59:03 Mater kernel: [    3.161146] NET: Registered PF_PACKET protocol family
Oct  9 14:59:03 Mater kernel: [    3.163098] Key type dns_resolver registered
Oct  9 14:59:03 Mater kernel: [    3.167050] registered taskstats version 1
Oct  9 14:59:03 Mater kernel: [    3.168828] Loading compiled-in X.509 certificates
Oct  9 14:59:03 Mater kernel: [    3.171908] Key type .fscrypt registered
Oct  9 14:59:03 Mater kernel: [    3.173590] Key type fscrypt-provisioning registered
Oct  9 14:59:03 Mater kernel: [    3.202939] uart-pl011 3f201000.serial: cts_event_workaround enabled
Oct  9 14:59:03 Mater kernel: [    3.204865] 3f201000.serial: ttyAMA0 at MMIO 0x3f201000 (irq = 99, base_baud = 0) is a PL011 rev2
Oct  9 14:59:03 Mater kernel: [    3.213501] bcm2835-wdt bcm2835-wdt: Broadcom BCM2835 watchdog timer
Oct  9 14:59:03 Mater kernel: [    3.216054] bcm2835-power bcm2835-power: Broadcom BCM2835 power domains driver
Oct  9 14:59:03 Mater kernel: [    3.221171] mmc-bcm2835 3f300000.mmcnr: mmc_debug:0 mmc_debug2:0
Oct  9 14:59:03 Mater kernel: [    3.222971] mmc-bcm2835 3f300000.mmcnr: DMA channel allocated
Oct  9 14:59:03 Mater kernel: [    3.252229] sdhost: log_buf @ 000000000a921dc3 (c2fbc000)
Oct  9 14:59:03 Mater kernel: [    3.301919] mmc0: sdhost-bcm2835 loaded - DMA enabled (>1)
Oct  9 14:59:03 Mater kernel: [    3.311007] of_cfs_init
Oct  9 14:59:03 Mater kernel: [    3.313003] of_cfs_init: OK
Oct  9 14:59:03 Mater kernel: [    3.316372] Waiting for root device PARTUUID=8233264a-02...
Oct  9 14:59:03 Mater kernel: [    3.339832] mmc0: host does not support reading read-only switch, assuming write-enable
Oct  9 14:59:03 Mater kernel: [    3.344927] mmc0: new high speed SDHC card at address 0001
Oct  9 14:59:03 Mater kernel: [    3.348799] mmcblk0: mmc0:0001 SD16G 14.6 GiB 
Oct  9 14:59:03 Mater kernel: [    3.356122]  mmcblk0: p1 p2
Oct  9 14:59:03 Mater kernel: [    3.358905] mmcblk0: mmc0:0001 SD16G 14.6 GiB
Oct  9 14:59:03 Mater kernel: [    3.377930] EXT4-fs (mmcblk0p2): INFO: recovery required on readonly filesystem
Oct  9 14:59:03 Mater kernel: [    3.379766] EXT4-fs (mmcblk0p2): write access will be enabled during recovery
Oct  9 14:59:03 Mater kernel: [    3.396812] mmc1: new high speed SDIO card at address 0001
Oct  9 14:59:03 Mater kernel: [    3.813501] EXT4-fs (mmcblk0p2): recovery complete
Oct  9 14:59:03 Mater kernel: [    3.825319] EXT4-fs (mmcblk0p2): mounted filesystem with ordered data mode. Quota mode: none.
Oct  9 14:59:03 Mater kernel: [    3.829006] VFS: Mounted root (ext4 filesystem) readonly on device 179:2.
Oct  9 14:59:03 Mater kernel: [    3.831149] devtmpfs: mounted
Oct  9 14:59:03 Mater kernel: [    3.845566] Freeing unused kernel memory: 4160K
Oct  9 14:59:03 Mater kernel: [    3.847701] Run /sbin/init as init process
Oct  9 14:59:03 Mater kernel: [    3.849454]   with arguments:
Oct  9 14:59:03 Mater kernel: [    3.849469]     /sbin/init
Oct  9 14:59:03 Mater kernel: [    3.849485]   with environment:
Oct  9 14:59:03 Mater kernel: [    3.849499]     HOME=/
Oct  9 14:59:03 Mater kernel: [    3.849515]     TERM=linux
Oct  9 14:59:03 Mater kernel: [    4.755558] NET: Registered PF_INET6 protocol family
Oct  9 14:59:03 Mater kernel: [    4.759977] Segment Routing with IPv6
Oct  9 14:59:03 Mater kernel: [    4.761774] In-situ OAM (IOAM) with IPv6
Oct  9 14:59:03 Mater kernel: [    6.364476] fuse: init (API version 7.37)
Oct  9 14:59:03 Mater kernel: [    7.054928] EXT4-fs (mmcblk0p2): re-mounted. Quota mode: none.
Oct  9 14:59:03 Mater kernel: [    8.835601] vc_sm_cma: module is from the staging directory, the quality is unknown, you have been warned.
Oct  9 14:59:03 Mater kernel: [    8.846162] bcm2835_vc_sm_cma_probe: Videocore shared memory driver
Oct  9 14:59:03 Mater kernel: [    8.846218] [vc_sm_connected_init]: start
Oct  9 14:59:03 Mater kernel: [    8.851962] [vc_sm_connected_init]: installed successfully
Oct  9 14:59:03 Mater kernel: [    8.861708] mc: Linux media interface: v0.10
Oct  9 14:59:03 Mater kernel: [    9.036641] videodev: Linux video capture interface: v2.00
Oct  9 14:59:03 Mater kernel: [    9.141347] bcm2835_mmal_vchiq: module is from the staging directory, the quality is unknown, you have been warned.
Oct  9 14:59:03 Mater kernel: [    9.145697] bcm2835_mmal_vchiq: module is from the staging directory, the quality is unknown, you have been warned.
Oct  9 14:59:03 Mater kernel: [    9.145705] snd_bcm2835: module is from the staging directory, the quality is unknown, you have been warned.
Oct  9 14:59:03 Mater kernel: [    9.178833] bcm2835_isp: module is from the staging directory, the quality is unknown, you have been warned.
Oct  9 14:59:03 Mater kernel: [    9.195415] bcm2835-isp bcm2835-isp: Device node output[0] registered as /dev/video13
Oct  9 14:59:03 Mater kernel: [    9.196288] bcm2835-isp bcm2835-isp: Device node capture[0] registered as /dev/video14
Oct  9 14:59:03 Mater kernel: [    9.196957] bcm2835-isp bcm2835-isp: Device node capture[1] registered as /dev/video15
Oct  9 14:59:03 Mater kernel: [    9.197609] bcm2835-isp bcm2835-isp: Device node stats[2] registered as /dev/video16
Oct  9 14:59:03 Mater kernel: [    9.197664] bcm2835-isp bcm2835-isp: Register output node 0 with media controller
Oct  9 14:59:03 Mater kernel: [    9.197699] bcm2835-isp bcm2835-isp: Register capture node 1 with media controller
Oct  9 14:59:03 Mater kernel: [    9.197728] bcm2835-isp bcm2835-isp: Register capture node 2 with media controller
Oct  9 14:59:03 Mater kernel: [    9.197757] bcm2835-isp bcm2835-isp: Register capture node 3 with media controller
Oct  9 14:59:03 Mater kernel: [    9.205636] bcm2835-isp bcm2835-isp: Device node output[0] registered as /dev/video20
Oct  9 14:59:03 Mater kernel: [    9.206927] bcm2835-isp bcm2835-isp: Device node capture[0] registered as /dev/video21
Oct  9 14:59:03 Mater kernel: [    9.207617] bcm2835-isp bcm2835-isp: Device node capture[1] registered as /dev/video22
Oct  9 14:59:03 Mater kernel: [    9.208142] bcm2835-isp bcm2835-isp: Device node stats[2] registered as /dev/video23
Oct  9 14:59:03 Mater kernel: [    9.208191] bcm2835-isp bcm2835-isp: Register output node 0 with media controller
Oct  9 14:59:03 Mater kernel: [    9.208230] bcm2835-isp bcm2835-isp: Register capture node 1 with media controller
Oct  9 14:59:03 Mater kernel: [    9.208277] bcm2835-isp bcm2835-isp: Register capture node 2 with media controller
Oct  9 14:59:03 Mater kernel: [    9.208307] bcm2835-isp bcm2835-isp: Register capture node 3 with media controller
Oct  9 14:59:03 Mater kernel: [    9.208650] bcm2835-isp bcm2835-isp: Loaded V4L2 bcm2835-isp
Oct  9 14:59:03 Mater kernel: [    9.220116] bcm2835_v4l2: module is from the staging directory, the quality is unknown, you have been warned.
Oct  9 14:59:03 Mater kernel: [    9.234881] bcm2835_codec: module is from the staging directory, the quality is unknown, you have been warned.
Oct  9 14:59:03 Mater kernel: [    9.280890] bcm2835-codec bcm2835-codec: Device registered as /dev/video10
Oct  9 14:59:03 Mater kernel: [    9.281044] bcm2835-codec bcm2835-codec: Loaded V4L2 decode
Oct  9 14:59:03 Mater kernel: [    9.286545] bcm2835-codec bcm2835-codec: Device registered as /dev/video11
Oct  9 14:59:03 Mater kernel: [    9.286632] bcm2835-codec bcm2835-codec: Loaded V4L2 encode
Oct  9 14:59:03 Mater kernel: [    9.299099] bcm2835-codec bcm2835-codec: Device registered as /dev/video12
Oct  9 14:59:03 Mater kernel: [    9.299182] bcm2835-codec bcm2835-codec: Loaded V4L2 isp
Oct  9 14:59:03 Mater kernel: [    9.312601] bcm2835-codec bcm2835-codec: Device registered as /dev/video18
Oct  9 14:59:03 Mater kernel: [    9.312718] bcm2835-codec bcm2835-codec: Loaded V4L2 image_fx
Oct  9 14:59:03 Mater kernel: [    9.318400] bcm2835-codec bcm2835-codec: Device registered as /dev/video31
Oct  9 14:59:03 Mater kernel: [    9.318486] bcm2835-codec bcm2835-codec: Loaded V4L2 encode_image
Oct  9 14:59:03 Mater kernel: [    9.619218] cfg80211: Loading compiled-in X.509 certificates for regulatory database
Oct  9 14:59:03 Mater kernel: [    9.677704] cfg80211: Loaded X.509 cert 'sforshee: 00b28ddf47aef9cea7'
Oct  9 14:59:03 Mater kernel: [    9.733555] cfg80211: loaded regulatory.db is malformed or signature is missing/invalid
Oct  9 14:59:03 Mater kernel: [   10.181322] brcmfmac: F1 signature read @0x18000000=0x1542a9a6
Oct  9 14:59:03 Mater kernel: [   10.257003] brcmfmac: brcmf_fw_alloc_request: using brcm/brcmfmac43436-sdio for chip BCM43430/2
Oct  9 14:59:03 Mater kernel: [   10.257470] usbcore: registered new interface driver brcmfmac
Oct  9 14:59:03 Mater kernel: [   10.276149] Console: switching to colour dummy device 80x25
Oct  9 14:59:03 Mater kernel: [   10.305077] vc4-drm soc:gpu: bound 3f400000.hvs (ops vc4_hvs_ops [vc4])
Oct  9 14:59:03 Mater kernel: [   10.318905] Registered IR keymap rc-cec
Oct  9 14:59:03 Mater kernel: [   10.319281] rc rc0: vc4-hdmi as /devices/platform/soc/3f902000.hdmi/rc/rc0
Oct  9 14:59:03 Mater kernel: [   10.319729] input: vc4-hdmi as /devices/platform/soc/3f902000.hdmi/rc/rc0/input0
Oct  9 14:59:03 Mater kernel: [   10.440155] vc4-drm soc:gpu: bound 3f902000.hdmi (ops vc4_hdmi_ops [vc4])
Oct  9 14:59:03 Mater kernel: [   10.440996] vc4-drm soc:gpu: bound 3f004000.txp (ops vc4_txp_ops [vc4])
Oct  9 14:59:03 Mater kernel: [   10.441693] vc4-drm soc:gpu: bound 3f206000.pixelvalve (ops vc4_crtc_ops [vc4])
Oct  9 14:59:03 Mater kernel: [   10.455720] vc4-drm soc:gpu: bound 3f207000.pixelvalve (ops vc4_crtc_ops [vc4])
Oct  9 14:59:03 Mater kernel: [   10.460790] vc4-drm soc:gpu: bound 3f807000.pixelvalve (ops vc4_crtc_ops [vc4])
Oct  9 14:59:03 Mater kernel: [   10.461369] vc4-drm soc:gpu: bound 3fc00000.v3d (ops vc4_v3d_ops [vc4])
Oct  9 14:59:03 Mater kernel: [   10.481511] brcmfmac: brcmf_c_preinit_dcmds: Firmware: BCM43430/2 wl0: Mar 31 2022 17:24:51 version 9.88.4.77 (g58bc5cc) FWID 01-3b307371
Oct  9 14:59:03 Mater kernel: [   10.503741] [drm] Initialized vc4 0.0.0 20140616 for soc:gpu on minor 0
Oct  9 14:59:03 Mater kernel: [   10.513410] vc4-drm soc:gpu: [drm] Cannot find any crtc or sizes
Oct  9 14:59:03 Mater kernel: [   12.293007] uart-pl011 3f201000.serial: no DMA platform data
Oct  9 14:59:03 Mater kernel: [   12.409398] 8021q: 802.1Q VLAN Support v1.8
Oct  9 14:59:03 Mater kernel: [   12.436285] Adding 102396k swap on /var/swap.  Priority:-2 extents:1 across:102396k SSFS
Oct  9 14:59:03 Mater kernel: [   12.788878] brcmfmac: brcmf_cfg80211_set_power_mgmt: power save enabled
Oct  9 14:59:05 Mater kernel: [   14.309999] IPv6: ADDRCONF(NETDEV_CHANGE): wlan0: link becomes ready
Oct  9 14:59:08 Mater kernel: [   18.092436] Bluetooth: Core ver 2.22
Oct  9 14:59:08 Mater kernel: [   18.092601] NET: Registered PF_BLUETOOTH protocol family
Oct  9 14:59:08 Mater kernel: [   18.092614] Bluetooth: HCI device and connection manager initialized
Oct  9 14:59:08 Mater kernel: [   18.092646] Bluetooth: HCI socket layer initialized
Oct  9 14:59:08 Mater kernel: [   18.092664] Bluetooth: L2CAP socket layer initialized
Oct  9 14:59:08 Mater kernel: [   18.092699] Bluetooth: SCO socket layer initialized
Oct  9 14:59:08 Mater kernel: [   18.119756] Bluetooth: HCI UART driver ver 2.3
Oct  9 14:59:08 Mater kernel: [   18.119791] Bluetooth: HCI UART protocol H4 registered
Oct  9 14:59:08 Mater kernel: [   18.119920] Bluetooth: HCI UART protocol Three-wire (H5) registered
Oct  9 14:59:08 Mater kernel: [   18.120264] Bluetooth: HCI UART protocol Broadcom registered
Oct  9 14:59:10 Mater kernel: [   19.363118] Bluetooth: BNEP (Ethernet Emulation) ver 1.3
Oct  9 14:59:10 Mater kernel: [   19.363151] Bluetooth: BNEP filters: protocol multicast
Oct  9 14:59:10 Mater kernel: [   19.363181] Bluetooth: BNEP socket layer initialized
Oct  9 14:59:10 Mater kernel: [   19.373371] Bluetooth: MGMT ver 1.22
Oct  9 14:59:10 Mater kernel: [   19.395719] NET: Registered PF_ALG protocol family
Oct  9 16:09:55 Mater kernel: [    0.000000] Booting Linux on physical CPU 0x0000000000 [0x410fd034]
Oct  9 16:09:55 Mater kernel: [    0.000000] Linux version 6.1.21-v8+ (dom@buildbot) (aarch64-linux-gnu-gcc-8 (Ubuntu/Linaro 8.4.0-3ubuntu1) 8.4.0, GNU ld (GNU Binutils for Ubuntu) 2.34) #1642 SMP PREEMPT Mon Apr  3 17:24:16 BST 2023
Oct  9 16:09:55 Mater kernel: [    0.000000] random: crng init done
Oct  9 16:09:55 Mater kernel: [    0.000000] Machine model: Raspberry Pi Zero 2 W Rev 1.0
Oct  9 16:09:55 Mater kernel: [    0.000000] efi: UEFI not found.
Oct  9 16:09:55 Mater kernel: [    0.000000] Reserved memory: created CMA memory pool at 0x000000000bc00000, size 256 MiB
Oct  9 16:09:55 Mater kernel: [    0.000000] OF: reserved mem: initialized node linux,cma, compatible id shared-dma-pool
Oct  9 16:09:55 Mater kernel: [    0.000000] Zone ranges:
Oct  9 16:09:55 Mater kernel: [    0.000000]   DMA      [mem 0x0000000000000000-0x000000001bffffff]
Oct  9 16:09:55 Mater kernel: [    0.000000]   DMA32    empty
Oct  9 16:09:55 Mater kernel: [    0.000000]   Normal   empty
Oct  9 16:09:55 Mater kernel: [    0.000000] Movable zone start for each node
Oct  9 16:09:55 Mater kernel: [    0.000000] Early memory node ranges
Oct  9 16:09:55 Mater kernel: [    0.000000]   node   0: [mem 0x0000000000000000-0x000000001bffffff]
Oct  9 16:09:55 Mater kernel: [    0.000000] Initmem setup node 0 [mem 0x0000000000000000-0x000000001bffffff]
Oct  9 16:09:55 Mater kernel: [    0.000000] On node 0, zone DMA: 16384 pages in unavailable ranges
Oct  9 16:09:55 Mater kernel: [    0.000000] percpu: Embedded 29 pages/cpu s78504 r8192 d32088 u118784
Oct  9 16:09:55 Mater kernel: [    0.000000] pcpu-alloc: s78504 r8192 d32088 u118784 alloc=29*4096
Oct  9 16:09:55 Mater kernel: [    0.000000] pcpu-alloc: [0] 0 [0] 1 [0] 2 [0] 3 
Oct  9 16:09:55 Mater kernel: [    0.000000] Detected VIPT I-cache on CPU0
Oct  9 16:09:55 Mater kernel: [    0.000000] CPU features: kernel page table isolation forced ON by KASLR
Oct  9 16:09:55 Mater kernel: [    0.000000] CPU features: detected: Kernel page table isolation (KPTI)
Oct  9 16:09:55 Mater kernel: [    0.000000] CPU features: detected: ARM erratum 843419
Oct  9 16:09:55 Mater kernel: [    0.000000] CPU features: detected: ARM erratum 845719
Oct  9 16:09:55 Mater kernel: [    0.000000] alternatives: applying boot alternatives
Oct  9 16:09:55 Mater kernel: [    0.000000] Built 1 zonelists, mobility grouping on.  Total pages: 112896
Oct  9 16:09:55 Mater kernel: [    0.000000] Kernel command line: coherent_pool=1M 8250.nr_uarts=0 snd_bcm2835.enable_headphones=0 snd_bcm2835.enable_hdmi=1 snd_bcm2835.enable_hdmi=0 video=Composite-1:720x480@60i smsc95xx.macaddr=B8:27:EB:97:28:31 vc_mem.mem_base=0x1ec00000 vc_mem.mem_size=0x20000000  console=ttyS0,115200 console=tty1 root=PARTUUID=8233264a-02 rootfstype=ext4 fsck.repair=yes rootwait
Oct  9 16:09:55 Mater kernel: [    0.000000] Dentry cache hash table entries: 65536 (order: 7, 524288 bytes, linear)
Oct  9 16:09:55 Mater kernel: [    0.000000] Inode-cache hash table entries: 32768 (order: 6, 262144 bytes, linear)
Oct  9 16:09:55 Mater kernel: [    0.000000] mem auto-init: stack:off, heap alloc:off, heap free:off
Oct  9 16:09:55 Mater kernel: [    0.000000] Memory: 163096K/458752K available (11776K kernel code, 2106K rwdata, 3688K rodata, 4160K init, 1077K bss, 33512K reserved, 262144K cma-reserved)
Oct  9 16:09:55 Mater kernel: [    0.000000] SLUB: HWalign=64, Order=0-3, MinObjects=0, CPUs=4, Nodes=1
Oct  9 16:09:55 Mater kernel: [    0.000000] ftrace: allocating 39744 entries in 156 pages
Oct  9 16:09:55 Mater kernel: [    0.000000] ftrace: allocated 156 pages with 4 groups
Oct  9 16:09:55 Mater kernel: [    0.000000] trace event string verifier disabled
Oct  9 16:09:55 Mater kernel: [    0.000000] rcu: Preemptible hierarchical RCU implementation.
Oct  9 16:09:55 Mater kernel: [    0.000000] rcu: 	RCU event tracing is enabled.
Oct  9 16:09:55 Mater kernel: [    0.000000] rcu: 	RCU restricting CPUs from NR_CPUS=256 to nr_cpu_ids=4.
Oct  9 16:09:55 Mater kernel: [    0.000000] 	Trampoline variant of Tasks RCU enabled.
Oct  9 16:09:55 Mater kernel: [    0.000000] 	Rude variant of Tasks RCU enabled.
Oct  9 16:09:55 Mater kernel: [    0.000000] 	Tracing variant of Tasks RCU enabled.
Oct  9 16:09:55 Mater kernel: [    0.000000] rcu: RCU calculated value of scheduler-enlistment delay is 25 jiffies.
Oct  9 16:09:55 Mater kernel: [    0.000000] rcu: Adjusting geometry for rcu_fanout_leaf=16, nr_cpu_ids=4
Oct  9 16:09:55 Mater kernel: [    0.000000] NR_IRQS: 64, nr_irqs: 64, preallocated irqs: 0
Oct  9 16:09:55 Mater kernel: [    0.000000] Root IRQ handler: bcm2836_arm_irqchip_handle_irq
Oct  9 16:09:55 Mater kernel: [    0.000000] rcu: srcu_init: Setting srcu_struct sizes based on contention.
Oct  9 16:09:55 Mater kernel: [    0.000000] arch_timer: cp15 timer(s) running at 19.20MHz (phys).
Oct  9 16:09:55 Mater kernel: [    0.000000] clocksource: arch_sys_counter: mask: 0xffffffffffffff max_cycles: 0x46d987e47, max_idle_ns: 440795202767 ns
Oct  9 16:09:55 Mater kernel: [    0.000001] sched_clock: 56 bits at 19MHz, resolution 52ns, wraps every 4398046511078ns
Oct  9 16:09:55 Mater kernel: [    0.000387] Console: colour dummy device 80x25
Oct  9 16:09:55 Mater kernel: [    0.001382] printk: console [tty1] enabled
Oct  9 16:09:55 Mater kernel: [    0.001471] Calibrating delay loop (skipped), value calculated using timer frequency.. 38.40 BogoMIPS (lpj=76800)
Oct  9 16:09:55 Mater kernel: [    0.001538] pid_max: default: 32768 minimum: 301
Oct  9 16:09:55 Mater kernel: [    0.001732] LSM: Security Framework initializing
Oct  9 16:09:55 Mater kernel: [    0.002008] Mount-cache hash table entries: 1024 (order: 1, 8192 bytes, linear)
Oct  9 16:09:55 Mater kernel: [    0.002071] Mountpoint-cache hash table entries: 1024 (order: 1, 8192 bytes, linear)
Oct  9 16:09:55 Mater kernel: [    0.004031] cgroup: Disabling memory control group subsystem
Oct  9 16:09:55 Mater kernel: [    0.007347] cblist_init_generic: Setting adjustable number of callback queues.
Oct  9 16:09:55 Mater kernel: [    0.007397] cblist_init_generic: Setting shift to 2 and lim to 1.
Oct  9 16:09:55 Mater kernel: [    0.007693] cblist_init_generic: Setting shift to 2 and lim to 1.
Oct  9 16:09:55 Mater kernel: [    0.008051] cblist_init_generic: Setting shift to 2 and lim to 1.
Oct  9 16:09:55 Mater kernel: [    0.008724] rcu: Hierarchical SRCU implementation.
Oct  9 16:09:55 Mater kernel: [    0.008762] rcu: 	Max phase no-delay instances is 1000.
Oct  9 16:09:55 Mater kernel: [    0.010580] EFI services will not be available.
Oct  9 16:09:55 Mater kernel: [    0.011365] smp: Bringing up secondary CPUs ...
Oct  9 16:09:55 Mater kernel: [    0.013115] Detected VIPT I-cache on CPU1
Oct  9 16:09:55 Mater kernel: [    0.013301] CPU1: Booted secondary processor 0x0000000001 [0x410fd034]
Oct  9 16:09:55 Mater kernel: [    0.015092] Detected VIPT I-cache on CPU2
Oct  9 16:09:55 Mater kernel: [    0.015235] CPU2: Booted secondary processor 0x0000000002 [0x410fd034]
Oct  9 16:09:55 Mater kernel: [    0.017020] Detected VIPT I-cache on CPU3
Oct  9 16:09:55 Mater kernel: [    0.017161] CPU3: Booted secondary processor 0x0000000003 [0x410fd034]
Oct  9 16:09:55 Mater kernel: [    0.017395] smp: Brought up 1 node, 4 CPUs
Oct  9 16:09:55 Mater kernel: [    0.017558] SMP: Total of 4 processors activated.
Oct  9 16:09:55 Mater kernel: [    0.017594] CPU features: detected: 32-bit EL0 Support
Oct  9 16:09:55 Mater kernel: [    0.017628] CPU features: detected: 32-bit EL1 Support
Oct  9 16:09:55 Mater kernel: [    0.017665] CPU features: detected: CRC32 instructions
Oct  9 16:09:55 Mater kernel: [    0.017862] CPU: All CPU(s) started at EL2
Oct  9 16:09:55 Mater kernel: [    0.017920] alternatives: applying system-wide alternatives
Oct  9 16:09:55 Mater kernel: [    0.020536] devtmpfs: initialized
Oct  9 16:09:55 Mater kernel: [    0.045306] Enabled cp15_barrier support
Oct  9 16:09:55 Mater kernel: [    0.045396] Enabled setend support
Oct  9 16:09:55 Mater kernel: [    0.045762] clocksource: jiffies: mask: 0xffffffff max_cycles: 0xffffffff, max_idle_ns: 7645041785100000 ns
Oct  9 16:09:55 Mater kernel: [    0.045839] futex hash table entries: 1024 (order: 4, 65536 bytes, linear)
Oct  9 16:09:55 Mater kernel: [    0.058505] pinctrl core: initialized pinctrl subsystem
Oct  9 16:09:55 Mater kernel: [    0.059912] DMI not present or invalid.
Oct  9 16:09:55 Mater kernel: [    0.061036] NET: Registered PF_NETLINK/PF_ROUTE protocol family
Oct  9 16:09:55 Mater kernel: [    0.073182] DMA: preallocated 1024 KiB GFP_KERNEL pool for atomic allocations
Oct  9 16:09:55 Mater kernel: [    0.073728] DMA: preallocated 1024 KiB GFP_KERNEL|GFP_DMA pool for atomic allocations
Oct  9 16:09:55 Mater kernel: [    0.075277] DMA: preallocated 1024 KiB GFP_KERNEL|GFP_DMA32 pool for atomic allocations
Oct  9 16:09:55 Mater kernel: [    0.075477] audit: initializing netlink subsys (disabled)
Oct  9 16:09:55 Mater kernel: [    0.075946] audit: type=2000 audit(0.072:1): state=initialized audit_enabled=0 res=1
Oct  9 16:09:55 Mater kernel: [    0.077060] thermal_sys: Registered thermal governor 'step_wise'
Oct  9 16:09:55 Mater kernel: [    0.077198] cpuidle: using governor menu
Oct  9 16:09:55 Mater kernel: [    0.077932] hw-breakpoint: found 6 breakpoint and 4 watchpoint registers.
Oct  9 16:09:55 Mater kernel: [    0.078259] ASID allocator initialised with 32768 entries
Oct  9 16:09:55 Mater kernel: [    0.078553] Serial: AMBA PL011 UART driver
Oct  9 16:09:55 Mater kernel: [    0.094881] bcm2835-mbox 3f00b880.mailbox: mailbox enabled
Oct  9 16:09:55 Mater kernel: [    0.116687] raspberrypi-firmware soc:firmware: Attached to firmware from 2023-03-17T10:52:42, variant start
Oct  9 16:09:55 Mater kernel: [    0.120706] raspberrypi-firmware soc:firmware: Firmware hash is 82f3750a65fadae9a38077e3c2e217ad158c8d54
Oct  9 16:09:55 Mater kernel: [    0.132986] KASLR enabled
Oct  9 16:09:55 Mater kernel: [    0.185569] bcm2835-dma 3f007000.dma: DMA legacy API manager, dmachans=0x1
Oct  9 16:09:55 Mater kernel: [    0.192309] SCSI subsystem initialized
Oct  9 16:09:55 Mater kernel: [    0.192718] usbcore: registered new interface driver usbfs
Oct  9 16:09:55 Mater kernel: [    0.192838] usbcore: registered new interface driver hub
Oct  9 16:09:55 Mater kernel: [    0.192967] usbcore: registered new device driver usb
Oct  9 16:09:55 Mater kernel: [    0.193611] usb_phy_generic phy: supply vcc not found, using dummy regulator
Oct  9 16:09:55 Mater kernel: [    0.194117] usb_phy_generic phy: dummy supplies not allowed for exclusive requests
Oct  9 16:09:55 Mater kernel: [    0.194594] pps_core: LinuxPPS API ver. 1 registered
Oct  9 16:09:55 Mater kernel: [    0.194633] pps_core: Software ver. 5.3.6 - Copyright 2005-2007 Rodolfo Giometti <giometti@linux.it>
Oct  9 16:09:55 Mater kernel: [    0.194705] PTP clock support registered
Oct  9 16:09:55 Mater kernel: [    0.196564] vgaarb: loaded
Oct  9 16:09:55 Mater kernel: [    0.197810] clocksource: Switched to clocksource arch_sys_counter
Oct  9 16:09:55 Mater kernel: [    0.198863] VFS: Disk quotas dquot_6.6.0
Oct  9 16:09:55 Mater kernel: [    0.199004] VFS: Dquot-cache hash table entries: 512 (order 0, 4096 bytes)
Oct  9 16:09:55 Mater kernel: [    0.199330] FS-Cache: Loaded
Oct  9 16:09:55 Mater kernel: [    0.199641] CacheFiles: Loaded
Oct  9 16:09:55 Mater kernel: [    0.216845] NET: Registered PF_INET protocol family
Oct  9 16:09:55 Mater kernel: [    0.217579] IP idents hash table entries: 8192 (order: 4, 65536 bytes, linear)
Oct  9 16:09:55 Mater kernel: [    0.219643] tcp_listen_portaddr_hash hash table entries: 256 (order: 0, 4096 bytes, linear)
Oct  9 16:09:55 Mater kernel: [    0.219725] Table-perturb hash table entries: 65536 (order: 6, 262144 bytes, linear)
Oct  9 16:09:55 Mater kernel: [    0.219793] TCP established hash table entries: 4096 (order: 3, 32768 bytes, linear)
Oct  9 16:09:55 Mater kernel: [    0.219902] TCP bind hash table entries: 4096 (order: 5, 131072 bytes, linear)
Oct  9 16:09:55 Mater kernel: [    0.220126] TCP: Hash tables configured (established 4096 bind 4096)
Oct  9 16:09:55 Mater kernel: [    0.220353] UDP hash table entries: 256 (order: 1, 8192 bytes, linear)
Oct  9 16:09:55 Mater kernel: [    0.220427] UDP-Lite hash table entries: 256 (order: 1, 8192 bytes, linear)
Oct  9 16:09:55 Mater kernel: [    0.220794] NET: Registered PF_UNIX/PF_LOCAL protocol family
Oct  9 16:09:55 Mater kernel: [    0.221920] RPC: Registered named UNIX socket transport module.
Oct  9 16:09:55 Mater kernel: [    0.221965] RPC: Registered udp transport module.
Oct  9 16:09:55 Mater kernel: [    0.222001] RPC: Registered tcp transport module.
Oct  9 16:09:55 Mater kernel: [    0.222035] RPC: Registered tcp NFSv4.1 backchannel transport module.
Oct  9 16:09:55 Mater kernel: [    0.222093] PCI: CLS 0 bytes, default 64
Oct  9 16:09:55 Mater kernel: [    0.225372] hw perfevents: enabled with armv8_cortex_a53 PMU driver, 7 counters available
Oct  9 16:09:55 Mater kernel: [    0.225960] kvm [1]: IPA Size Limit: 40 bits
Oct  9 16:09:55 Mater kernel: [    0.227756] kvm [1]: Hyp mode initialized successfully
Oct  9 16:09:55 Mater kernel: [    2.013371] Initialise system trusted keyrings
Oct  9 16:09:55 Mater kernel: [    2.014143] workingset: timestamp_bits=46 max_order=17 bucket_order=0
Oct  9 16:09:55 Mater kernel: [    2.027479] zbud: loaded
Oct  9 16:09:55 Mater kernel: [    2.032231] NFS: Registering the id_resolver key type
Oct  9 16:09:55 Mater kernel: [    2.032326] Key type id_resolver registered
Oct  9 16:09:55 Mater kernel: [    2.032363] Key type id_legacy registered
Oct  9 16:09:55 Mater kernel: [    2.032567] nfs4filelayout_init: NFSv4 File Layout Driver Registering...
Oct  9 16:09:55 Mater kernel: [    2.032616] nfs4flexfilelayout_init: NFSv4 Flexfile Layout Driver Registering...
Oct  9 16:09:55 Mater kernel: [    2.034938] Key type asymmetric registered
Oct  9 16:09:55 Mater kernel: [    2.034988] Asymmetric key parser 'x509' registered
Oct  9 16:09:55 Mater kernel: [    2.035162] Block layer SCSI generic (bsg) driver version 0.4 loaded (major 247)
Oct  9 16:09:55 Mater kernel: [    2.035620] io scheduler mq-deadline registered
Oct  9 16:09:55 Mater kernel: [    2.035665] io scheduler kyber registered
Oct  9 16:09:55 Mater kernel: [    2.044666] simple-framebuffer 1eaa9000.framebuffer: framebuffer at 0x1eaa9000, 0x151800 bytes
Oct  9 16:09:55 Mater kernel: [    2.044743] simple-framebuffer 1eaa9000.framebuffer: format=a8r8g8b8, mode=720x480x32, linelength=2880
Oct  9 16:09:55 Mater kernel: [    2.048597] Console: switching to colour frame buffer device 90x30
Oct  9 16:09:55 Mater kernel: [    2.053579] simple-framebuffer 1eaa9000.framebuffer: fb0: simplefb registered!
Oct  9 16:09:55 Mater kernel: [    2.066295] bcm2835-rng 3f104000.rng: hwrng registered
Oct  9 16:09:55 Mater kernel: [    2.069284] vc-mem: phys_addr:0x00000000 mem_base=0x1ec00000 mem_size:0x20000000(512 MiB)
Oct  9 16:09:55 Mater kernel: [    2.075366] gpiomem-bcm2835 3f200000.gpiomem: Initialised: Registers at 0x3f200000
Oct  9 16:09:55 Mater kernel: [    2.098511] brd: module loaded
Oct  9 16:09:55 Mater kernel: [    2.115018] loop: module loaded
Oct  9 16:09:55 Mater kernel: [    2.118163] Loading iSCSI transport class v2.0-870.
Oct  9 16:09:55 Mater kernel: [    2.127704] usbcore: registered new interface driver r8152
Oct  9 16:09:55 Mater kernel: [    2.129820] usbcore: registered new interface driver lan78xx
Oct  9 16:09:55 Mater kernel: [    2.131834] usbcore: registered new interface driver smsc95xx
Oct  9 16:09:55 Mater kernel: [    2.134436] dwc_otg: version 3.00a 10-AUG-2012 (platform bus)
Oct  9 16:09:55 Mater kernel: [    2.864993] Core Release: 2.80a
Oct  9 16:09:55 Mater kernel: [    2.866843] Setting default values for core params
Oct  9 16:09:55 Mater kernel: [    2.868674] Finished setting default values for core params
Oct  9 16:09:55 Mater kernel: [    3.071036] Using Buffer DMA mode
Oct  9 16:09:55 Mater kernel: [    3.072830] Periodic Transfer Interrupt Enhancement - disabled
Oct  9 16:09:55 Mater kernel: [    3.074655] Multiprocessor Interrupt Enhancement - disabled
Oct  9 16:09:55 Mater kernel: [    3.076455] OTG VER PARAM: 0, OTG VER FLAG: 0
Oct  9 16:09:55 Mater kernel: [    3.078296] Dedicated Tx FIFOs mode
Oct  9 16:09:55 Mater kernel: [    3.085038] 
Oct  9 16:09:55 Mater kernel: [    3.085055] WARN::dwc_otg_hcd_init:1074: FIQ DMA bounce buffers: virt = ffffffc008459000 dma = 0x00000000cc000000 len=9024
Oct  9 16:09:55 Mater kernel: [    3.090257] FIQ FSM acceleration enabled for :
Oct  9 16:09:55 Mater kernel: [    3.090257] Non-periodic Split Transactions
Oct  9 16:09:55 Mater kernel: [    3.090257] Periodic Split Transactions
Oct  9 16:09:55 Mater kernel: [    3.090257] High-Speed Isochronous Endpoints
Oct  9 16:09:55 Mater kernel: [    3.090257] Interrupt/Control Split Transaction hack enabled
Oct  9 16:09:55 Mater kernel: [    3.098243] dwc_otg: Microframe scheduler enabled
Oct  9 16:09:55 Mater kernel: [    3.098285] 
Oct  9 16:09:55 Mater kernel: [    3.098300] WARN::hcd_init_fiq:497: MPHI regs_base at ffffffc008065000
Oct  9 16:09:55 Mater kernel: [    3.101343] dwc_otg 3f980000.usb: DWC OTG Controller
Oct  9 16:09:55 Mater kernel: [    3.102928] dwc_otg 3f980000.usb: new USB bus registered, assigned bus number 1
Oct  9 16:09:55 Mater kernel: [    3.104553] dwc_otg 3f980000.usb: irq 74, io mem 0x00000000
Oct  9 16:09:55 Mater kernel: [    3.106170] Init: Port Power? op_state=1
Oct  9 16:09:55 Mater kernel: [    3.107736] Init: Power Port (0)
Oct  9 16:09:55 Mater kernel: [    3.109861] usb usb1: New USB device found, idVendor=1d6b, idProduct=0002, bcdDevice= 6.01
Oct  9 16:09:55 Mater kernel: [    3.113100] usb usb1: New USB device strings: Mfr=3, Product=2, SerialNumber=1
Oct  9 16:09:55 Mater kernel: [    3.114852] usb usb1: Product: DWC OTG Controller
Oct  9 16:09:55 Mater kernel: [    3.116566] usb usb1: Manufacturer: Linux 6.1.21-v8+ dwc_otg_hcd
Oct  9 16:09:55 Mater kernel: [    3.118305] usb usb1: SerialNumber: 3f980000.usb
Oct  9 16:09:55 Mater kernel: [    3.121086] hub 1-0:1.0: USB hub found
Oct  9 16:09:55 Mater kernel: [    3.122887] hub 1-0:1.0: 1 port detected
Oct  9 16:09:55 Mater kernel: [    3.125847] dwc_otg: FIQ enabled
Oct  9 16:09:55 Mater kernel: [    3.125867] dwc_otg: NAK holdoff enabled
Oct  9 16:09:55 Mater kernel: [    3.125883] dwc_otg: FIQ split-transaction FSM enabled
Oct  9 16:09:55 Mater kernel: [    3.125927] Module dwc_common_port init
Oct  9 16:09:55 Mater kernel: [    3.126800] usbcore: registered new interface driver uas
Oct  9 16:09:55 Mater kernel: [    3.128602] usbcore: registered new interface driver usb-storage
Oct  9 16:09:55 Mater kernel: [    3.130869] mousedev: PS/2 mouse device common for all mice
Oct  9 16:09:55 Mater kernel: [    3.138889] sdhci: Secure Digital Host Controller Interface driver
Oct  9 16:09:55 Mater kernel: [    3.140519] sdhci: Copyright(c) Pierre Ossman
Oct  9 16:09:55 Mater kernel: [    3.142969] sdhci-pltfm: SDHCI platform and OF driver helper
Oct  9 16:09:55 Mater kernel: [    3.147101] ledtrig-cpu: registered to indicate activity on CPUs
Oct  9 16:09:55 Mater kernel: [    3.149243] hid: raw HID events driver (C) Jiri Kosina
Oct  9 16:09:55 Mater kernel: [    3.151199] usbcore: registered new interface driver usbhid
Oct  9 16:09:55 Mater kernel: [    3.152876] usbhid: USB HID core driver
Oct  9 16:09:55 Mater kernel: [    3.154951] bcm2835_vchiq 3f00b840.mailbox: there is not valid maps for state default
Oct  9 16:09:55 Mater kernel: [    3.165042] NET: Registered PF_PACKET protocol family
Oct  9 16:09:55 Mater kernel: [    3.166996] Key type dns_resolver registered
Oct  9 16:09:55 Mater kernel: [    3.170998] registered taskstats version 1
Oct  9 16:09:55 Mater kernel: [    3.172770] Loading compiled-in X.509 certificates
Oct  9 16:09:55 Mater kernel: [    3.175814] Key type .fscrypt registered
Oct  9 16:09:55 Mater kernel: [    3.177489] Key type fscrypt-provisioning registered
Oct  9 16:09:55 Mater kernel: [    3.206792] uart-pl011 3f201000.serial: cts_event_workaround enabled
Oct  9 16:09:55 Mater kernel: [    3.208720] 3f201000.serial: ttyAMA0 at MMIO 0x3f201000 (irq = 99, base_baud = 0) is a PL011 rev2
Oct  9 16:09:55 Mater kernel: [    3.218220] bcm2835-wdt bcm2835-wdt: Broadcom BCM2835 watchdog timer
Oct  9 16:09:55 Mater kernel: [    3.220651] bcm2835-power bcm2835-power: Broadcom BCM2835 power domains driver
Oct  9 16:09:55 Mater kernel: [    3.225764] mmc-bcm2835 3f300000.mmcnr: mmc_debug:0 mmc_debug2:0
Oct  9 16:09:55 Mater kernel: [    3.227569] mmc-bcm2835 3f300000.mmcnr: DMA channel allocated
Oct  9 16:09:55 Mater kernel: [    3.256681] sdhost: log_buf @ 00000000bb48bede (c2f1c000)
Oct  9 16:09:55 Mater kernel: [    3.305929] mmc0: sdhost-bcm2835 loaded - DMA enabled (>1)
Oct  9 16:09:55 Mater kernel: [    3.314949] of_cfs_init
Oct  9 16:09:55 Mater kernel: [    3.316919] of_cfs_init: OK
Oct  9 16:09:55 Mater kernel: [    3.320311] Waiting for root device PARTUUID=8233264a-02...
Oct  9 16:09:55 Mater kernel: [    3.343757] mmc0: host does not support reading read-only switch, assuming write-enable
Oct  9 16:09:55 Mater kernel: [    3.348856] mmc0: new high speed SDHC card at address 0001
Oct  9 16:09:55 Mater kernel: [    3.352656] mmcblk0: mmc0:0001 SD16G 14.6 GiB 
Oct  9 16:09:55 Mater kernel: [    3.360086]  mmcblk0: p1 p2
Oct  9 16:09:55 Mater kernel: [    3.362893] mmcblk0: mmc0:0001 SD16G 14.6 GiB
Oct  9 16:09:55 Mater kernel: [    3.382049] EXT4-fs (mmcblk0p2): INFO: recovery required on readonly filesystem
Oct  9 16:09:55 Mater kernel: [    3.383886] EXT4-fs (mmcblk0p2): write access will be enabled during recovery
Oct  9 16:09:55 Mater kernel: [    3.403684] mmc1: new high speed SDIO card at address 0001
Oct  9 16:09:55 Mater kernel: [    3.696405] EXT4-fs (mmcblk0p2): recovery complete
Oct  9 16:09:55 Mater kernel: [    3.704198] EXT4-fs (mmcblk0p2): mounted filesystem with ordered data mode. Quota mode: none.
Oct  9 16:09:55 Mater kernel: [    3.707864] VFS: Mounted root (ext4 filesystem) readonly on device 179:2.
Oct  9 16:09:55 Mater kernel: [    3.719685] devtmpfs: mounted
Oct  9 16:09:55 Mater kernel: [    3.734410] Freeing unused kernel memory: 4160K
Oct  9 16:09:55 Mater kernel: [    3.736482] Run /sbin/init as init process
Oct  9 16:09:55 Mater kernel: [    3.738289]   with arguments:
Oct  9 16:09:55 Mater kernel: [    3.738305]     /sbin/init
Oct  9 16:09:55 Mater kernel: [    3.738321]   with environment:
Oct  9 16:09:55 Mater kernel: [    3.738336]     HOME=/
Oct  9 16:09:55 Mater kernel: [    3.738351]     TERM=linux
Oct  9 16:09:55 Mater kernel: [    4.648712] NET: Registered PF_INET6 protocol family
Oct  9 16:09:55 Mater kernel: [    4.653146] Segment Routing with IPv6
Oct  9 16:09:55 Mater kernel: [    4.655015] In-situ OAM (IOAM) with IPv6
Oct  9 16:09:55 Mater kernel: [    6.258528] fuse: init (API version 7.37)
Oct  9 16:09:55 Mater kernel: [    6.925739] EXT4-fs (mmcblk0p2): re-mounted. Quota mode: none.
Oct  9 16:09:55 Mater kernel: [    8.571345] vc_sm_cma: module is from the staging directory, the quality is unknown, you have been warned.
Oct  9 16:09:55 Mater kernel: [    8.583256] bcm2835_vc_sm_cma_probe: Videocore shared memory driver
Oct  9 16:09:55 Mater kernel: [    8.583316] [vc_sm_connected_init]: start
Oct  9 16:09:55 Mater kernel: [    8.585314] mc: Linux media interface: v0.10
Oct  9 16:09:55 Mater kernel: [    8.594845] [vc_sm_connected_init]: installed successfully
Oct  9 16:09:55 Mater kernel: [    8.683143] snd_bcm2835: module is from the staging directory, the quality is unknown, you have been warned.
Oct  9 16:09:55 Mater kernel: [    8.724119] videodev: Linux video capture interface: v2.00
Oct  9 16:09:55 Mater kernel: [    8.828591] bcm2835_mmal_vchiq: module is from the staging directory, the quality is unknown, you have been warned.
Oct  9 16:09:55 Mater kernel: [    8.833563] bcm2835_mmal_vchiq: module is from the staging directory, the quality is unknown, you have been warned.
Oct  9 16:09:55 Mater kernel: [    8.846622] bcm2835_mmal_vchiq: module is from the staging directory, the quality is unknown, you have been warned.
Oct  9 16:09:55 Mater kernel: [    8.894119] bcm2835_codec: module is from the staging directory, the quality is unknown, you have been warned.
Oct  9 16:09:55 Mater kernel: [    8.902542] bcm2835_isp: module is from the staging directory, the quality is unknown, you have been warned.
Oct  9 16:09:55 Mater kernel: [    8.906128] bcm2835-codec bcm2835-codec: Device registered as /dev/video10
Oct  9 16:09:55 Mater kernel: [    8.906216] bcm2835-codec bcm2835-codec: Loaded V4L2 decode
Oct  9 16:09:55 Mater kernel: [    8.916163] bcm2835-codec bcm2835-codec: Device registered as /dev/video11
Oct  9 16:09:55 Mater kernel: [    8.916266] bcm2835-codec bcm2835-codec: Loaded V4L2 encode
Oct  9 16:09:55 Mater kernel: [    8.918088] bcm2835_v4l2: module is from the staging directory, the quality is unknown, you have been warned.
Oct  9 16:09:55 Mater kernel: [    8.921360] bcm2835-codec bcm2835-codec: Device registered as /dev/video12
Oct  9 16:09:55 Mater kernel: [    8.921437] bcm2835-codec bcm2835-codec: Loaded V4L2 isp
Oct  9 16:09:55 Mater kernel: [    8.925028] bcm2835-codec bcm2835-codec: Device registered as /dev/video18
Oct  9 16:09:55 Mater kernel: [    8.925107] bcm2835-codec bcm2835-codec: Loaded V4L2 image_fx
Oct  9 16:09:55 Mater kernel: [    8.930112] bcm2835-isp bcm2835-isp: Device node output[0] registered as /dev/video13
Oct  9 16:09:55 Mater kernel: [    8.940706] bcm2835-codec bcm2835-codec: Device registered as /dev/video31
Oct  9 16:09:55 Mater kernel: [    8.940791] bcm2835-codec bcm2835-codec: Loaded V4L2 encode_image
Oct  9 16:09:55 Mater kernel: [    8.940834] bcm2835-isp bcm2835-isp: Device node capture[0] registered as /dev/video14
Oct  9 16:09:55 Mater kernel: [    8.941556] bcm2835-isp bcm2835-isp: Device node capture[1] registered as /dev/video15
Oct  9 16:09:55 Mater kernel: [    8.942183] bcm2835-isp bcm2835-isp: Device node stats[2] registered as /dev/video16
Oct  9 16:09:55 Mater kernel: [    8.942236] bcm2835-isp bcm2835-isp: Register output node 0 with media controller
Oct  9 16:09:55 Mater kernel: [    8.942273] bcm2835-isp bcm2835-isp: Register capture node 1 with media controller
Oct  9 16:09:55 Mater kernel: [    8.942304] bcm2835-isp bcm2835-isp: Register capture node 2 with media controller
Oct  9 16:09:55 Mater kernel: [    8.942355] bcm2835-isp bcm2835-isp: Register capture node 3 with media controller
Oct  9 16:09:55 Mater kernel: [    8.948092] bcm2835-isp bcm2835-isp: Device node output[0] registered as /dev/video20
Oct  9 16:09:55 Mater kernel: [    8.953624] bcm2835-isp bcm2835-isp: Device node capture[0] registered as /dev/video21
Oct  9 16:09:55 Mater kernel: [    8.954729] bcm2835-isp bcm2835-isp: Device node capture[1] registered as /dev/video22
Oct  9 16:09:55 Mater kernel: [    8.955543] bcm2835-isp bcm2835-isp: Device node stats[2] registered as /dev/video23
Oct  9 16:09:55 Mater kernel: [    8.955605] bcm2835-isp bcm2835-isp: Register output node 0 with media controller
Oct  9 16:09:55 Mater kernel: [    8.955641] bcm2835-isp bcm2835-isp: Register capture node 1 with media controller
Oct  9 16:09:55 Mater kernel: [    8.955691] bcm2835-isp bcm2835-isp: Register capture node 2 with media controller
Oct  9 16:09:55 Mater kernel: [    8.955721] bcm2835-isp bcm2835-isp: Register capture node 3 with media controller
Oct  9 16:09:55 Mater kernel: [    8.956044] bcm2835-isp bcm2835-isp: Loaded V4L2 bcm2835-isp
Oct  9 16:09:55 Mater kernel: [    9.326359] cfg80211: Loading compiled-in X.509 certificates for regulatory database
Oct  9 16:09:55 Mater kernel: [    9.383452] cfg80211: Loaded X.509 cert 'sforshee: 00b28ddf47aef9cea7'
Oct  9 16:09:55 Mater kernel: [    9.428585] cfg80211: loaded regulatory.db is malformed or signature is missing/invalid
Oct  9 16:09:55 Mater kernel: [    9.690376] brcmfmac: F1 signature read @0x18000000=0x1542a9a6
Oct  9 16:09:55 Mater kernel: [    9.723089] brcmfmac: brcmf_fw_alloc_request: using brcm/brcmfmac43436-sdio for chip BCM43430/2
Oct  9 16:09:55 Mater kernel: [    9.724235] usbcore: registered new interface driver brcmfmac
Oct  9 16:09:55 Mater kernel: [    9.955762] brcmfmac: brcmf_c_preinit_dcmds: Firmware: BCM43430/2 wl0: Mar 31 2022 17:24:51 version 9.88.4.77 (g58bc5cc) FWID 01-3b307371
Oct  9 16:09:55 Mater kernel: [   10.377196] Console: switching to colour dummy device 80x25
Oct  9 16:09:55 Mater kernel: [   10.386962] vc4-drm soc:gpu: bound 3f400000.hvs (ops vc4_hvs_ops [vc4])
Oct  9 16:09:55 Mater kernel: [   10.402238] Registered IR keymap rc-cec
Oct  9 16:09:55 Mater kernel: [   10.402610] rc rc0: vc4-hdmi as /devices/platform/soc/3f902000.hdmi/rc/rc0
Oct  9 16:09:55 Mater kernel: [   10.403012] input: vc4-hdmi as /devices/platform/soc/3f902000.hdmi/rc/rc0/input0
Oct  9 16:09:55 Mater kernel: [   10.428079] vc4-drm soc:gpu: bound 3f902000.hdmi (ops vc4_hdmi_ops [vc4])
Oct  9 16:09:55 Mater kernel: [   10.428876] vc4-drm soc:gpu: bound 3f004000.txp (ops vc4_txp_ops [vc4])
Oct  9 16:09:55 Mater kernel: [   10.429467] vc4-drm soc:gpu: bound 3f206000.pixelvalve (ops vc4_crtc_ops [vc4])
Oct  9 16:09:55 Mater kernel: [   10.438511] vc4-drm soc:gpu: bound 3f207000.pixelvalve (ops vc4_crtc_ops [vc4])
Oct  9 16:09:55 Mater kernel: [   10.439132] vc4-drm soc:gpu: bound 3f807000.pixelvalve (ops vc4_crtc_ops [vc4])
Oct  9 16:09:55 Mater kernel: [   10.439560] vc4-drm soc:gpu: bound 3fc00000.v3d (ops vc4_v3d_ops [vc4])
Oct  9 16:09:55 Mater kernel: [   10.489659] [drm] Initialized vc4 0.0.0 20140616 for soc:gpu on minor 0
Oct  9 16:09:55 Mater kernel: [   10.493038] vc4-drm soc:gpu: [drm] Cannot find any crtc or sizes
Oct  9 16:09:55 Mater kernel: [   11.176950] 8021q: 802.1Q VLAN Support v1.8
Oct  9 16:09:55 Mater kernel: [   11.200318] uart-pl011 3f201000.serial: no DMA platform data
Oct  9 16:09:55 Mater kernel: [   11.354420] Adding 102396k swap on /var/swap.  Priority:-2 extents:1 across:102396k SSFS
Oct  9 16:09:55 Mater kernel: [   11.633498] brcmfmac: brcmf_cfg80211_set_power_mgmt: power save enabled
Oct  9 16:09:56 Mater kernel: [   13.149740] IPv6: ADDRCONF(NETDEV_CHANGE): wlan0: link becomes ready
Oct  9 16:10:00 Mater kernel: [   17.048100] Bluetooth: Core ver 2.22
Oct  9 16:10:00 Mater kernel: [   17.048253] NET: Registered PF_BLUETOOTH protocol family
Oct  9 16:10:00 Mater kernel: [   17.048265] Bluetooth: HCI device and connection manager initialized
Oct  9 16:10:00 Mater kernel: [   17.048296] Bluetooth: HCI socket layer initialized
Oct  9 16:10:00 Mater kernel: [   17.048316] Bluetooth: L2CAP socket layer initialized
Oct  9 16:10:00 Mater kernel: [   17.048348] Bluetooth: SCO socket layer initialized
Oct  9 16:10:00 Mater kernel: [   17.065220] Bluetooth: HCI UART driver ver 2.3
Oct  9 16:10:00 Mater kernel: [   17.065256] Bluetooth: HCI UART protocol H4 registered
Oct  9 16:10:00 Mater kernel: [   17.065391] Bluetooth: HCI UART protocol Three-wire (H5) registered
Oct  9 16:10:00 Mater kernel: [   17.065735] Bluetooth: HCI UART protocol Broadcom registered
Oct  9 16:10:01 Mater kernel: [   17.729714] Bluetooth: BNEP (Ethernet Emulation) ver 1.3
Oct  9 16:10:01 Mater kernel: [   17.729745] Bluetooth: BNEP filters: protocol multicast
Oct  9 16:10:01 Mater kernel: [   17.729774] Bluetooth: BNEP socket layer initialized
Oct  9 16:10:01 Mater kernel: [   17.740381] Bluetooth: MGMT ver 1.22
Oct  9 16:10:01 Mater kernel: [   17.759054] NET: Registered PF_ALG protocol family
Oct  9 20:21:06 Mater kernel: [    0.000000] Booting Linux on physical CPU 0x0000000000 [0x410fd034]
Oct  9 20:21:06 Mater kernel: [    0.000000] Linux version 6.1.21-v8+ (dom@buildbot) (aarch64-linux-gnu-gcc-8 (Ubuntu/Linaro 8.4.0-3ubuntu1) 8.4.0, GNU ld (GNU Binutils for Ubuntu) 2.34) #1642 SMP PREEMPT Mon Apr  3 17:24:16 BST 2023
Oct  9 20:21:06 Mater kernel: [    0.000000] random: crng init done
Oct  9 20:21:06 Mater kernel: [    0.000000] Machine model: Raspberry Pi Zero 2 W Rev 1.0
Oct  9 20:21:06 Mater kernel: [    0.000000] efi: UEFI not found.
Oct  9 20:21:06 Mater kernel: [    0.000000] Reserved memory: created CMA memory pool at 0x000000000bc00000, size 256 MiB
Oct  9 20:21:06 Mater kernel: [    0.000000] OF: reserved mem: initialized node linux,cma, compatible id shared-dma-pool
Oct  9 20:21:06 Mater kernel: [    0.000000] Zone ranges:
Oct  9 20:21:06 Mater kernel: [    0.000000]   DMA      [mem 0x0000000000000000-0x000000001bffffff]
Oct  9 20:21:06 Mater kernel: [    0.000000]   DMA32    empty
Oct  9 20:21:06 Mater kernel: [    0.000000]   Normal   empty
Oct  9 20:21:06 Mater kernel: [    0.000000] Movable zone start for each node
Oct  9 20:21:06 Mater kernel: [    0.000000] Early memory node ranges
Oct  9 20:21:06 Mater kernel: [    0.000000]   node   0: [mem 0x0000000000000000-0x000000001bffffff]
Oct  9 20:21:06 Mater kernel: [    0.000000] Initmem setup node 0 [mem 0x0000000000000000-0x000000001bffffff]
Oct  9 20:21:06 Mater kernel: [    0.000000] On node 0, zone DMA: 16384 pages in unavailable ranges
Oct  9 20:21:06 Mater kernel: [    0.000000] percpu: Embedded 29 pages/cpu s78504 r8192 d32088 u118784
Oct  9 20:21:06 Mater kernel: [    0.000000] pcpu-alloc: s78504 r8192 d32088 u118784 alloc=29*4096
Oct  9 20:21:06 Mater kernel: [    0.000000] pcpu-alloc: [0] 0 [0] 1 [0] 2 [0] 3 
Oct  9 20:21:06 Mater kernel: [    0.000000] Detected VIPT I-cache on CPU0
Oct  9 20:21:06 Mater kernel: [    0.000000] CPU features: kernel page table isolation forced ON by KASLR
Oct  9 20:21:06 Mater kernel: [    0.000000] CPU features: detected: Kernel page table isolation (KPTI)
Oct  9 20:21:06 Mater kernel: [    0.000000] CPU features: detected: ARM erratum 843419
Oct  9 20:21:06 Mater kernel: [    0.000000] CPU features: detected: ARM erratum 845719
Oct  9 20:21:06 Mater kernel: [    0.000000] alternatives: applying boot alternatives
Oct  9 20:21:06 Mater kernel: [    0.000000] Built 1 zonelists, mobility grouping on.  Total pages: 112896
Oct  9 20:21:06 Mater kernel: [    0.000000] Kernel command line: coherent_pool=1M 8250.nr_uarts=0 snd_bcm2835.enable_headphones=0 snd_bcm2835.enable_hdmi=1 snd_bcm2835.enable_hdmi=0 video=Composite-1:720x480@60i smsc95xx.macaddr=B8:27:EB:97:28:31 vc_mem.mem_base=0x1ec00000 vc_mem.mem_size=0x20000000  console=ttyS0,115200 console=tty1 root=PARTUUID=8233264a-02 rootfstype=ext4 fsck.repair=yes rootwait
Oct  9 20:21:06 Mater kernel: [    0.000000] Dentry cache hash table entries: 65536 (order: 7, 524288 bytes, linear)
Oct  9 20:21:06 Mater kernel: [    0.000000] Inode-cache hash table entries: 32768 (order: 6, 262144 bytes, linear)
Oct  9 20:21:06 Mater kernel: [    0.000000] mem auto-init: stack:off, heap alloc:off, heap free:off
Oct  9 20:21:06 Mater kernel: [    0.000000] Memory: 163096K/458752K available (11776K kernel code, 2106K rwdata, 3688K rodata, 4160K init, 1077K bss, 33512K reserved, 262144K cma-reserved)
Oct  9 20:21:06 Mater kernel: [    0.000000] SLUB: HWalign=64, Order=0-3, MinObjects=0, CPUs=4, Nodes=1
Oct  9 20:21:06 Mater kernel: [    0.000000] ftrace: allocating 39744 entries in 156 pages
Oct  9 20:21:06 Mater kernel: [    0.000000] ftrace: allocated 156 pages with 4 groups
Oct  9 20:21:06 Mater kernel: [    0.000000] trace event string verifier disabled
Oct  9 20:21:06 Mater kernel: [    0.000000] rcu: Preemptible hierarchical RCU implementation.
Oct  9 20:21:06 Mater kernel: [    0.000000] rcu: 	RCU event tracing is enabled.
Oct  9 20:21:06 Mater kernel: [    0.000000] rcu: 	RCU restricting CPUs from NR_CPUS=256 to nr_cpu_ids=4.
Oct  9 20:21:06 Mater kernel: [    0.000000] 	Trampoline variant of Tasks RCU enabled.
Oct  9 20:21:06 Mater kernel: [    0.000000] 	Rude variant of Tasks RCU enabled.
Oct  9 20:21:06 Mater kernel: [    0.000000] 	Tracing variant of Tasks RCU enabled.
Oct  9 20:21:06 Mater kernel: [    0.000000] rcu: RCU calculated value of scheduler-enlistment delay is 25 jiffies.
Oct  9 20:21:06 Mater kernel: [    0.000000] rcu: Adjusting geometry for rcu_fanout_leaf=16, nr_cpu_ids=4
Oct  9 20:21:06 Mater kernel: [    0.000000] NR_IRQS: 64, nr_irqs: 64, preallocated irqs: 0
Oct  9 20:21:06 Mater kernel: [    0.000000] Root IRQ handler: bcm2836_arm_irqchip_handle_irq
Oct  9 20:21:06 Mater kernel: [    0.000000] rcu: srcu_init: Setting srcu_struct sizes based on contention.
Oct  9 20:21:06 Mater kernel: [    0.000000] arch_timer: cp15 timer(s) running at 19.20MHz (phys).
Oct  9 20:21:06 Mater kernel: [    0.000000] clocksource: arch_sys_counter: mask: 0xffffffffffffff max_cycles: 0x46d987e47, max_idle_ns: 440795202767 ns
Oct  9 20:21:06 Mater kernel: [    0.000001] sched_clock: 56 bits at 19MHz, resolution 52ns, wraps every 4398046511078ns
Oct  9 20:21:06 Mater kernel: [    0.000380] Console: colour dummy device 80x25
Oct  9 20:21:06 Mater kernel: [    0.001377] printk: console [tty1] enabled
Oct  9 20:21:06 Mater kernel: [    0.001465] Calibrating delay loop (skipped), value calculated using timer frequency.. 38.40 BogoMIPS (lpj=76800)
