Oct 12 19:56:26 Mater kernel: [ 3502.215818] mydev: loading out-of-tree module taints kernel.
Oct 12 19:56:26 Mater kernel: [ 3502.216712] mydev: Hi parameter, <no parameter>
Oct 12 19:58:53 Mater kernel: [ 3648.887413] mydev: Bye parameter, <no parameter>
Oct 12 19:58:58 Mater kernel: [ 3653.947248] mydev: Hi parameter, UnnarFreyr
Oct 12 20:35:49 Mater kernel: [    0.000000] Booting Linux on physical CPU 0x0000000000 [0x410fd034]
Oct 12 20:35:49 Mater kernel: [    0.000000] Linux version 6.1.21-v8+ (dom@buildbot) (aarch64-linux-gnu-gcc-8 (Ubuntu/Linaro 8.4.0-3ubuntu1) 8.4.0, GNU ld (GNU Binutils for Ubuntu) 2.34) #1642 SMP PREEMPT Mon Apr  3 17:24:16 BST 2023
Oct 12 20:35:49 Mater kernel: [    0.000000] random: crng init done
Oct 12 20:35:49 Mater kernel: [    0.000000] Machine model: Raspberry Pi Zero 2 W Rev 1.0
Oct 12 20:35:49 Mater kernel: [    0.000000] efi: UEFI not found.
Oct 12 20:35:49 Mater kernel: [    0.000000] Reserved memory: created CMA memory pool at 0x000000000bc00000, size 256 MiB
Oct 12 20:35:49 Mater kernel: [    0.000000] OF: reserved mem: initialized node linux,cma, compatible id shared-dma-pool
Oct 12 20:35:49 Mater kernel: [    0.000000] Zone ranges:
Oct 12 20:35:49 Mater kernel: [    0.000000]   DMA      [mem 0x0000000000000000-0x000000001bffffff]
Oct 12 20:35:49 Mater kernel: [    0.000000]   DMA32    empty
Oct 12 20:35:49 Mater kernel: [    0.000000]   Normal   empty
Oct 12 20:35:49 Mater kernel: [    0.000000] Movable zone start for each node
Oct 12 20:35:49 Mater kernel: [    0.000000] Early memory node ranges
Oct 12 20:35:49 Mater kernel: [    0.000000]   node   0: [mem 0x0000000000000000-0x000000001bffffff]
Oct 12 20:35:49 Mater kernel: [    0.000000] Initmem setup node 0 [mem 0x0000000000000000-0x000000001bffffff]
Oct 12 20:35:49 Mater kernel: [    0.000000] On node 0, zone DMA: 16384 pages in unavailable ranges
Oct 12 20:35:49 Mater kernel: [    0.000000] percpu: Embedded 29 pages/cpu s78504 r8192 d32088 u118784
Oct 12 20:35:49 Mater kernel: [    0.000000] pcpu-alloc: s78504 r8192 d32088 u118784 alloc=29*4096
Oct 12 20:35:49 Mater kernel: [    0.000000] pcpu-alloc: [0] 0 [0] 1 [0] 2 [0] 3 
Oct 12 20:35:49 Mater kernel: [    0.000000] Detected VIPT I-cache on CPU0
Oct 12 20:35:49 Mater kernel: [    0.000000] CPU features: kernel page table isolation forced ON by KASLR
Oct 12 20:35:49 Mater kernel: [    0.000000] CPU features: detected: Kernel page table isolation (KPTI)
Oct 12 20:35:49 Mater kernel: [    0.000000] CPU features: detected: ARM erratum 843419
Oct 12 20:35:49 Mater kernel: [    0.000000] CPU features: detected: ARM erratum 845719
Oct 12 20:35:49 Mater kernel: [    0.000000] alternatives: applying boot alternatives
Oct 12 20:35:49 Mater kernel: [    0.000000] Built 1 zonelists, mobility grouping on.  Total pages: 112896
Oct 12 20:35:49 Mater kernel: [    0.000000] Kernel command line: coherent_pool=1M 8250.nr_uarts=0 snd_bcm2835.enable_headphones=0 snd_bcm2835.enable_hdmi=1 snd_bcm2835.enable_hdmi=0 video=Composite-1:720x480@60i smsc95xx.macaddr=B8:27:EB:97:28:31 vc_mem.mem_base=0x1ec00000 vc_mem.mem_size=0x20000000  console=ttyS0,115200 console=tty1 root=PARTUUID=8233264a-02 rootfstype=ext4 fsck.repair=yes rootwait
Oct 12 20:35:49 Mater kernel: [    0.000000] Dentry cache hash table entries: 65536 (order: 7, 524288 bytes, linear)
Oct 12 20:35:49 Mater kernel: [    0.000000] Inode-cache hash table entries: 32768 (order: 6, 262144 bytes, linear)
Oct 12 20:35:49 Mater kernel: [    0.000000] mem auto-init: stack:off, heap alloc:off, heap free:off
Oct 12 20:35:49 Mater kernel: [    0.000000] Memory: 163096K/458752K available (11776K kernel code, 2106K rwdata, 3688K rodata, 4160K init, 1077K bss, 33512K reserved, 262144K cma-reserved)
Oct 12 20:35:49 Mater kernel: [    0.000000] SLUB: HWalign=64, Order=0-3, MinObjects=0, CPUs=4, Nodes=1
Oct 12 20:35:49 Mater kernel: [    0.000000] ftrace: allocating 39744 entries in 156 pages
Oct 12 20:35:49 Mater kernel: [    0.000000] ftrace: allocated 156 pages with 4 groups
Oct 12 20:35:49 Mater kernel: [    0.000000] trace event string verifier disabled
Oct 12 20:35:49 Mater kernel: [    0.000000] rcu: Preemptible hierarchical RCU implementation.
Oct 12 20:35:49 Mater kernel: [    0.000000] rcu: 	RCU event tracing is enabled.
Oct 12 20:35:49 Mater kernel: [    0.000000] rcu: 	RCU restricting CPUs from NR_CPUS=256 to nr_cpu_ids=4.
Oct 12 20:35:49 Mater kernel: [    0.000000] 	Trampoline variant of Tasks RCU enabled.
Oct 12 20:35:49 Mater kernel: [    0.000000] 	Rude variant of Tasks RCU enabled.
Oct 12 20:35:49 Mater kernel: [    0.000000] 	Tracing variant of Tasks RCU enabled.
Oct 12 20:35:49 Mater kernel: [    0.000000] rcu: RCU calculated value of scheduler-enlistment delay is 25 jiffies.
Oct 12 20:35:49 Mater kernel: [    0.000000] rcu: Adjusting geometry for rcu_fanout_leaf=16, nr_cpu_ids=4
Oct 12 20:35:49 Mater kernel: [    0.000000] NR_IRQS: 64, nr_irqs: 64, preallocated irqs: 0
Oct 12 20:35:49 Mater kernel: [    0.000000] Root IRQ handler: bcm2836_arm_irqchip_handle_irq
Oct 12 20:35:49 Mater kernel: [    0.000000] rcu: srcu_init: Setting srcu_struct sizes based on contention.
Oct 12 20:35:49 Mater kernel: [    0.000000] arch_timer: cp15 timer(s) running at 19.20MHz (phys).
Oct 12 20:35:49 Mater kernel: [    0.000000] clocksource: arch_sys_counter: mask: 0xffffffffffffff max_cycles: 0x46d987e47, max_idle_ns: 440795202767 ns
Oct 12 20:35:49 Mater kernel: [    0.000001] sched_clock: 56 bits at 19MHz, resolution 52ns, wraps every 4398046511078ns
Oct 12 20:35:49 Mater kernel: [    0.000382] Console: colour dummy device 80x25
Oct 12 20:35:49 Mater kernel: [    0.001380] printk: console [tty1] enabled
Oct 12 20:35:49 Mater kernel: [    0.001470] Calibrating delay loop (skipped), value calculated using timer frequency.. 38.40 BogoMIPS (lpj=76800)
Oct 12 20:35:49 Mater kernel: [    0.001538] pid_max: default: 32768 minimum: 301
Oct 12 20:35:49 Mater kernel: [    0.001731] LSM: Security Framework initializing
Oct 12 20:35:49 Mater kernel: [    0.002009] Mount-cache hash table entries: 1024 (order: 1, 8192 bytes, linear)
Oct 12 20:35:49 Mater kernel: [    0.002071] Mountpoint-cache hash table entries: 1024 (order: 1, 8192 bytes, linear)
Oct 12 20:35:49 Mater kernel: [    0.004026] cgroup: Disabling memory control group subsystem
Oct 12 20:35:49 Mater kernel: [    0.007341] cblist_init_generic: Setting adjustable number of callback queues.
Oct 12 20:35:49 Mater kernel: [    0.007392] cblist_init_generic: Setting shift to 2 and lim to 1.
Oct 12 20:35:49 Mater kernel: [    0.007688] cblist_init_generic: Setting shift to 2 and lim to 1.
Oct 12 20:35:49 Mater kernel: [    0.008042] cblist_init_generic: Setting shift to 2 and lim to 1.
Oct 12 20:35:49 Mater kernel: [    0.008717] rcu: Hierarchical SRCU implementation.
Oct 12 20:35:49 Mater kernel: [    0.008755] rcu: 	Max phase no-delay instances is 1000.
Oct 12 20:35:49 Mater kernel: [    0.010593] EFI services will not be available.
Oct 12 20:35:49 Mater kernel: [    0.011382] smp: Bringing up secondary CPUs ...
Oct 12 20:35:49 Mater kernel: [    0.013139] Detected VIPT I-cache on CPU1
Oct 12 20:35:49 Mater kernel: [    0.013321] CPU1: Booted secondary processor 0x0000000001 [0x410fd034]
Oct 12 20:35:49 Mater kernel: [    0.015100] Detected VIPT I-cache on CPU2
Oct 12 20:35:49 Mater kernel: [    0.015241] CPU2: Booted secondary processor 0x0000000002 [0x410fd034]
Oct 12 20:35:49 Mater kernel: [    0.017037] Detected VIPT I-cache on CPU3
Oct 12 20:35:49 Mater kernel: [    0.017181] CPU3: Booted secondary processor 0x0000000003 [0x410fd034]
Oct 12 20:35:49 Mater kernel: [    0.017414] smp: Brought up 1 node, 4 CPUs
Oct 12 20:35:49 Mater kernel: [    0.017580] SMP: Total of 4 processors activated.
Oct 12 20:35:49 Mater kernel: [    0.017615] CPU features: detected: 32-bit EL0 Support
Oct 12 20:35:49 Mater kernel: [    0.017649] CPU features: detected: 32-bit EL1 Support
Oct 12 20:35:49 Mater kernel: [    0.017686] CPU features: detected: CRC32 instructions
Oct 12 20:35:49 Mater kernel: [    0.017881] CPU: All CPU(s) started at EL2
Oct 12 20:35:49 Mater kernel: [    0.017932] alternatives: applying system-wide alternatives
Oct 12 20:35:49 Mater kernel: [    0.020546] devtmpfs: initialized
Oct 12 20:35:49 Mater kernel: [    0.045265] Enabled cp15_barrier support
Oct 12 20:35:49 Mater kernel: [    0.045355] Enabled setend support
Oct 12 20:35:49 Mater kernel: [    0.045723] clocksource: jiffies: mask: 0xffffffff max_cycles: 0xffffffff, max_idle_ns: 7645041785100000 ns
Oct 12 20:35:49 Mater kernel: [    0.045800] futex hash table entries: 1024 (order: 4, 65536 bytes, linear)
Oct 12 20:35:49 Mater kernel: [    0.059317] pinctrl core: initialized pinctrl subsystem
Oct 12 20:35:49 Mater kernel: [    0.060800] DMI not present or invalid.
Oct 12 20:35:49 Mater kernel: [    0.061878] NET: Registered PF_NETLINK/PF_ROUTE protocol family
Oct 12 20:35:49 Mater kernel: [    0.073952] DMA: preallocated 1024 KiB GFP_KERNEL pool for atomic allocations
Oct 12 20:35:49 Mater kernel: [    0.074411] DMA: preallocated 1024 KiB GFP_KERNEL|GFP_DMA pool for atomic allocations
Oct 12 20:35:49 Mater kernel: [    0.075957] DMA: preallocated 1024 KiB GFP_KERNEL|GFP_DMA32 pool for atomic allocations
Oct 12 20:35:49 Mater kernel: [    0.076157] audit: initializing netlink subsys (disabled)
Oct 12 20:35:49 Mater kernel: [    0.076667] audit: type=2000 audit(0.076:1): state=initialized audit_enabled=0 res=1
Oct 12 20:35:49 Mater kernel: [    0.077735] thermal_sys: Registered thermal governor 'step_wise'
Oct 12 20:35:49 Mater kernel: [    0.077873] cpuidle: using governor menu
Oct 12 20:35:49 Mater kernel: [    0.078608] hw-breakpoint: found 6 breakpoint and 4 watchpoint registers.
Oct 12 20:35:49 Mater kernel: [    0.078936] ASID allocator initialised with 32768 entries
Oct 12 20:35:49 Mater kernel: [    0.079230] Serial: AMBA PL011 UART driver
Oct 12 20:35:49 Mater kernel: [    0.095562] bcm2835-mbox 3f00b880.mailbox: mailbox enabled
Oct 12 20:35:49 Mater kernel: [    0.116695] raspberrypi-firmware soc:firmware: Attached to firmware from 2023-03-17T10:52:42, variant start
Oct 12 20:35:49 Mater kernel: [    0.120715] raspberrypi-firmware soc:firmware: Firmware hash is 82f3750a65fadae9a38077e3c2e217ad158c8d54
Oct 12 20:35:49 Mater kernel: [    0.132996] KASLR enabled
Oct 12 20:35:49 Mater kernel: [    0.185640] bcm2835-dma 3f007000.dma: DMA legacy API manager, dmachans=0x1
Oct 12 20:35:49 Mater kernel: [    0.192354] SCSI subsystem initialized
Oct 12 20:35:49 Mater kernel: [    0.192766] usbcore: registered new interface driver usbfs
Oct 12 20:35:49 Mater kernel: [    0.192906] usbcore: registered new interface driver hub
Oct 12 20:35:49 Mater kernel: [    0.193036] usbcore: registered new device driver usb
Oct 12 20:35:49 Mater kernel: [    0.193657] usb_phy_generic phy: supply vcc not found, using dummy regulator
Oct 12 20:35:49 Mater kernel: [    0.194172] usb_phy_generic phy: dummy supplies not allowed for exclusive requests
Oct 12 20:35:49 Mater kernel: [    0.194653] pps_core: LinuxPPS API ver. 1 registered
Oct 12 20:35:49 Mater kernel: [    0.194692] pps_core: Software ver. 5.3.6 - Copyright 2005-2007 Rodolfo Giometti <giometti@linux.it>
Oct 12 20:35:49 Mater kernel: [    0.194763] PTP clock support registered
Oct 12 20:35:49 Mater kernel: [    0.196558] vgaarb: loaded
Oct 12 20:35:49 Mater kernel: [    0.197805] clocksource: Switched to clocksource arch_sys_counter
Oct 12 20:35:49 Mater kernel: [    0.198856] VFS: Disk quotas dquot_6.6.0
Oct 12 20:35:49 Mater kernel: [    0.198995] VFS: Dquot-cache hash table entries: 512 (order 0, 4096 bytes)
Oct 12 20:35:49 Mater kernel: [    0.199326] FS-Cache: Loaded
Oct 12 20:35:49 Mater kernel: [    0.199611] CacheFiles: Loaded
Oct 12 20:35:49 Mater kernel: [    0.214437] NET: Registered PF_INET protocol family
Oct 12 20:35:49 Mater kernel: [    0.215183] IP idents hash table entries: 8192 (order: 4, 65536 bytes, linear)
Oct 12 20:35:49 Mater kernel: [    0.217191] tcp_listen_portaddr_hash hash table entries: 256 (order: 0, 4096 bytes, linear)
Oct 12 20:35:49 Mater kernel: [    0.217268] Table-perturb hash table entries: 65536 (order: 6, 262144 bytes, linear)
Oct 12 20:35:49 Mater kernel: [    0.217337] TCP established hash table entries: 4096 (order: 3, 32768 bytes, linear)
Oct 12 20:35:49 Mater kernel: [    0.217445] TCP bind hash table entries: 4096 (order: 5, 131072 bytes, linear)
Oct 12 20:35:49 Mater kernel: [    0.217672] TCP: Hash tables configured (established 4096 bind 4096)
Oct 12 20:35:49 Mater kernel: [    0.217931] UDP hash table entries: 256 (order: 1, 8192 bytes, linear)
Oct 12 20:35:49 Mater kernel: [    0.218006] UDP-Lite hash table entries: 256 (order: 1, 8192 bytes, linear)
Oct 12 20:35:49 Mater kernel: [    0.218367] NET: Registered PF_UNIX/PF_LOCAL protocol family
Oct 12 20:35:49 Mater kernel: [    0.219452] RPC: Registered named UNIX socket transport module.
Oct 12 20:35:49 Mater kernel: [    0.219499] RPC: Registered udp transport module.
Oct 12 20:35:49 Mater kernel: [    0.219534] RPC: Registered tcp transport module.
Oct 12 20:35:49 Mater kernel: [    0.219569] RPC: Registered tcp NFSv4.1 backchannel transport module.
Oct 12 20:35:49 Mater kernel: [    0.219626] PCI: CLS 0 bytes, default 64
Oct 12 20:35:49 Mater kernel: [    0.222552] hw perfevents: enabled with armv8_cortex_a53 PMU driver, 7 counters available
Oct 12 20:35:49 Mater kernel: [    0.223010] kvm [1]: IPA Size Limit: 40 bits
Oct 12 20:35:49 Mater kernel: [    0.224825] kvm [1]: Hyp mode initialized successfully
Oct 12 20:35:49 Mater kernel: [    2.009473] Initialise system trusted keyrings
Oct 12 20:35:49 Mater kernel: [    2.010237] workingset: timestamp_bits=46 max_order=17 bucket_order=0
Oct 12 20:35:49 Mater kernel: [    2.023653] zbud: loaded
Oct 12 20:35:49 Mater kernel: [    2.028483] NFS: Registering the id_resolver key type
Oct 12 20:35:49 Mater kernel: [    2.028593] Key type id_resolver registered
Oct 12 20:35:49 Mater kernel: [    2.028630] Key type id_legacy registered
Oct 12 20:35:49 Mater kernel: [    2.028835] nfs4filelayout_init: NFSv4 File Layout Driver Registering...
Oct 12 20:35:49 Mater kernel: [    2.028884] nfs4flexfilelayout_init: NFSv4 Flexfile Layout Driver Registering...
Oct 12 20:35:49 Mater kernel: [    2.031169] Key type asymmetric registered
Oct 12 20:35:49 Mater kernel: [    2.031218] Asymmetric key parser 'x509' registered
Oct 12 20:35:49 Mater kernel: [    2.031378] Block layer SCSI generic (bsg) driver version 0.4 loaded (major 247)
Oct 12 20:35:49 Mater kernel: [    2.031828] io scheduler mq-deadline registered
Oct 12 20:35:49 Mater kernel: [    2.031873] io scheduler kyber registered
Oct 12 20:35:49 Mater kernel: [    2.040512] simple-framebuffer 1eaa9000.framebuffer: framebuffer at 0x1eaa9000, 0x151800 bytes
Oct 12 20:35:49 Mater kernel: [    2.040591] simple-framebuffer 1eaa9000.framebuffer: format=a8r8g8b8, mode=720x480x32, linelength=2880
Oct 12 20:35:49 Mater kernel: [    2.044424] Console: switching to colour frame buffer device 90x30
Oct 12 20:35:49 Mater kernel: [    2.049380] simple-framebuffer 1eaa9000.framebuffer: fb0: simplefb registered!
Oct 12 20:35:49 Mater kernel: [    2.062107] bcm2835-rng 3f104000.rng: hwrng registered
Oct 12 20:35:49 Mater kernel: [    2.065127] vc-mem: phys_addr:0x00000000 mem_base=0x1ec00000 mem_size:0x20000000(512 MiB)
Oct 12 20:35:49 Mater kernel: [    2.071134] gpiomem-bcm2835 3f200000.gpiomem: Initialised: Registers at 0x3f200000
Oct 12 20:35:49 Mater kernel: [    2.093951] brd: module loaded
Oct 12 20:35:49 Mater kernel: [    2.110170] loop: module loaded
Oct 12 20:35:49 Mater kernel: [    2.113193] Loading iSCSI transport class v2.0-870.
Oct 12 20:35:49 Mater kernel: [    2.122888] usbcore: registered new interface driver r8152
Oct 12 20:35:49 Mater kernel: [    2.124974] usbcore: registered new interface driver lan78xx
Oct 12 20:35:49 Mater kernel: [    2.127046] usbcore: registered new interface driver smsc95xx
Oct 12 20:35:49 Mater kernel: [    2.129604] dwc_otg: version 3.00a 10-AUG-2012 (platform bus)
Oct 12 20:35:49 Mater kernel: [    2.860182] Core Release: 2.80a
Oct 12 20:35:49 Mater kernel: [    2.862027] Setting default values for core params
Oct 12 20:35:49 Mater kernel: [    2.863862] Finished setting default values for core params
Oct 12 20:35:49 Mater kernel: [    3.066259] Using Buffer DMA mode
Oct 12 20:35:49 Mater kernel: [    3.068050] Periodic Transfer Interrupt Enhancement - disabled
Oct 12 20:35:49 Mater kernel: [    3.069861] Multiprocessor Interrupt Enhancement - disabled
Oct 12 20:35:49 Mater kernel: [    3.071660] OTG VER PARAM: 0, OTG VER FLAG: 0
Oct 12 20:35:49 Mater kernel: [    3.073477] Dedicated Tx FIFOs mode
Oct 12 20:35:49 Mater kernel: [    3.080158] 
Oct 12 20:35:49 Mater kernel: [    3.080175] WARN::dwc_otg_hcd_init:1074: FIQ DMA bounce buffers: virt = ffffffc008459000 dma = 0x00000000cc000000 len=9024
Oct 12 20:35:49 Mater kernel: [    3.085347] FIQ FSM acceleration enabled for :
Oct 12 20:35:49 Mater kernel: [    3.085347] Non-periodic Split Transactions
Oct 12 20:35:49 Mater kernel: [    3.085347] Periodic Split Transactions
Oct 12 20:35:49 Mater kernel: [    3.085347] High-Speed Isochronous Endpoints
Oct 12 20:35:49 Mater kernel: [    3.085347] Interrupt/Control Split Transaction hack enabled
Oct 12 20:35:49 Mater kernel: [    3.093353] dwc_otg: Microframe scheduler enabled
Oct 12 20:35:49 Mater kernel: [    3.093420] 
Oct 12 20:35:49 Mater kernel: [    3.093435] WARN::hcd_init_fiq:497: MPHI regs_base at ffffffc008065000
Oct 12 20:35:49 Mater kernel: [    3.096503] dwc_otg 3f980000.usb: DWC OTG Controller
Oct 12 20:35:49 Mater kernel: [    3.098087] dwc_otg 3f980000.usb: new USB bus registered, assigned bus number 1
Oct 12 20:35:49 Mater kernel: [    3.099703] dwc_otg 3f980000.usb: irq 74, io mem 0x00000000
Oct 12 20:35:49 Mater kernel: [    3.101287] Init: Port Power? op_state=1
Oct 12 20:35:49 Mater kernel: [    3.102873] Init: Power Port (0)
Oct 12 20:35:49 Mater kernel: [    3.104974] usb usb1: New USB device found, idVendor=1d6b, idProduct=0002, bcdDevice= 6.01
Oct 12 20:35:49 Mater kernel: [    3.108237] usb usb1: New USB device strings: Mfr=3, Product=2, SerialNumber=1
Oct 12 20:35:49 Mater kernel: [    3.110006] usb usb1: Product: DWC OTG Controller
Oct 12 20:35:49 Mater kernel: [    3.111724] usb usb1: Manufacturer: Linux 6.1.21-v8+ dwc_otg_hcd
Oct 12 20:35:49 Mater kernel: [    3.113447] usb usb1: SerialNumber: 3f980000.usb
Oct 12 20:35:49 Mater kernel: [    3.116253] hub 1-0:1.0: USB hub found
Oct 12 20:35:49 Mater kernel: [    3.118046] hub 1-0:1.0: 1 port detected
Oct 12 20:35:49 Mater kernel: [    3.120975] dwc_otg: FIQ enabled
Oct 12 20:35:49 Mater kernel: [    3.120995] dwc_otg: NAK holdoff enabled
Oct 12 20:35:49 Mater kernel: [    3.121011] dwc_otg: FIQ split-transaction FSM enabled
Oct 12 20:35:49 Mater kernel: [    3.121040] Module dwc_common_port init
Oct 12 20:35:49 Mater kernel: [    3.121919] usbcore: registered new interface driver uas
Oct 12 20:35:49 Mater kernel: [    3.123740] usbcore: registered new interface driver usb-storage
Oct 12 20:35:49 Mater kernel: [    3.125992] mousedev: PS/2 mouse device common for all mice
Oct 12 20:35:49 Mater kernel: [    3.133985] sdhci: Secure Digital Host Controller Interface driver
Oct 12 20:35:49 Mater kernel: [    3.135620] sdhci: Copyright(c) Pierre Ossman
Oct 12 20:35:49 Mater kernel: [    3.138071] sdhci-pltfm: SDHCI platform and OF driver helper
Oct 12 20:35:49 Mater kernel: [    3.142596] ledtrig-cpu: registered to indicate activity on CPUs
Oct 12 20:35:49 Mater kernel: [    3.144760] hid: raw HID events driver (C) Jiri Kosina
Oct 12 20:35:49 Mater kernel: [    3.146734] usbcore: registered new interface driver usbhid
Oct 12 20:35:49 Mater kernel: [    3.148413] usbhid: USB HID core driver
Oct 12 20:35:49 Mater kernel: [    3.150487] bcm2835_vchiq 3f00b840.mailbox: there is not valid maps for state default
Oct 12 20:35:49 Mater kernel: [    3.160550] NET: Registered PF_PACKET protocol family
Oct 12 20:35:49 Mater kernel: [    3.162502] Key type dns_resolver registered
Oct 12 20:35:49 Mater kernel: [    3.166425] registered taskstats version 1
Oct 12 20:35:49 Mater kernel: [    3.168220] Loading compiled-in X.509 certificates
Oct 12 20:35:49 Mater kernel: [    3.171299] Key type .fscrypt registered
Oct 12 20:35:49 Mater kernel: [    3.172989] Key type fscrypt-provisioning registered
Oct 12 20:35:49 Mater kernel: [    3.202286] uart-pl011 3f201000.serial: cts_event_workaround enabled
Oct 12 20:35:49 Mater kernel: [    3.204209] 3f201000.serial: ttyAMA0 at MMIO 0x3f201000 (irq = 99, base_baud = 0) is a PL011 rev2
Oct 12 20:35:49 Mater kernel: [    3.212995] bcm2835-wdt bcm2835-wdt: Broadcom BCM2835 watchdog timer
Oct 12 20:35:49 Mater kernel: [    3.215554] bcm2835-power bcm2835-power: Broadcom BCM2835 power domains driver
Oct 12 20:35:49 Mater kernel: [    3.220628] mmc-bcm2835 3f300000.mmcnr: mmc_debug:0 mmc_debug2:0
Oct 12 20:35:49 Mater kernel: [    3.222416] mmc-bcm2835 3f300000.mmcnr: DMA channel allocated
Oct 12 20:35:49 Mater kernel: [    3.251509] sdhost: log_buf @ 0000000086525476 (c2fc9000)
Oct 12 20:35:49 Mater kernel: [    3.303154] mmc0: sdhost-bcm2835 loaded - DMA enabled (>1)
Oct 12 20:35:49 Mater kernel: [    3.312147] of_cfs_init
Oct 12 20:35:49 Mater kernel: [    3.314200] of_cfs_init: OK
Oct 12 20:35:49 Mater kernel: [    3.317664] Waiting for root device PARTUUID=8233264a-02...
Oct 12 20:35:49 Mater kernel: [    3.340963] mmc0: host does not support reading read-only switch, assuming write-enable
Oct 12 20:35:49 Mater kernel: [    3.346117] mmc0: new high speed SDHC card at address 0001
Oct 12 20:35:49 Mater kernel: [    3.350072] mmcblk0: mmc0:0001 SD16G 14.6 GiB 
Oct 12 20:35:49 Mater kernel: [    3.357629]  mmcblk0: p1 p2
Oct 12 20:35:49 Mater kernel: [    3.360463] mmcblk0: mmc0:0001 SD16G 14.6 GiB
Oct 12 20:35:49 Mater kernel: [    3.381953] EXT4-fs (mmcblk0p2): mounted filesystem with ordered data mode. Quota mode: none.
Oct 12 20:35:49 Mater kernel: [    3.385568] VFS: Mounted root (ext4 filesystem) readonly on device 179:2.
Oct 12 20:35:49 Mater kernel: [    3.397358] devtmpfs: mounted
Oct 12 20:35:49 Mater kernel: [    3.403297] mmc1: new high speed SDIO card at address 0001
Oct 12 20:35:49 Mater kernel: [    3.412267] Freeing unused kernel memory: 4160K
Oct 12 20:35:49 Mater kernel: [    3.414464] Run /sbin/init as init process
Oct 12 20:35:49 Mater kernel: [    3.416297]   with arguments:
Oct 12 20:35:49 Mater kernel: [    3.416312]     /sbin/init
Oct 12 20:35:49 Mater kernel: [    3.416328]   with environment:
Oct 12 20:35:49 Mater kernel: [    3.416343]     HOME=/
Oct 12 20:35:49 Mater kernel: [    3.416358]     TERM=linux
Oct 12 20:35:49 Mater kernel: [    4.368216] NET: Registered PF_INET6 protocol family
Oct 12 20:35:49 Mater kernel: [    4.372666] Segment Routing with IPv6
Oct 12 20:35:49 Mater kernel: [    4.374571] In-situ OAM (IOAM) with IPv6
Oct 12 20:35:49 Mater kernel: [    5.973225] fuse: init (API version 7.37)
Oct 12 20:35:49 Mater kernel: [    6.608245] EXT4-fs (mmcblk0p2): re-mounted. Quota mode: none.
Oct 12 20:35:49 Mater kernel: [    8.211730] mc: Linux media interface: v0.10
Oct 12 20:35:49 Mater kernel: [    8.222413] vc_sm_cma: module is from the staging directory, the quality is unknown, you have been warned.
Oct 12 20:35:49 Mater kernel: [    8.231777] bcm2835_vc_sm_cma_probe: Videocore shared memory driver
Oct 12 20:35:49 Mater kernel: [    8.231833] [vc_sm_connected_init]: start
Oct 12 20:35:49 Mater kernel: [    8.242315] [vc_sm_connected_init]: installed successfully
Oct 12 20:35:49 Mater kernel: [    8.350702] videodev: Linux video capture interface: v2.00
Oct 12 20:35:49 Mater kernel: [    8.424584] snd_bcm2835: module is from the staging directory, the quality is unknown, you have been warned.
Oct 12 20:35:49 Mater kernel: [    8.437508] bcm2835_mmal_vchiq: module is from the staging directory, the quality is unknown, you have been warned.
Oct 12 20:35:49 Mater kernel: [    8.441543] bcm2835_mmal_vchiq: module is from the staging directory, the quality is unknown, you have been warned.
Oct 12 20:35:49 Mater kernel: [    8.462367] bcm2835_isp: module is from the staging directory, the quality is unknown, you have been warned.
Oct 12 20:35:49 Mater kernel: [    8.466270] bcm2835_v4l2: module is from the staging directory, the quality is unknown, you have been warned.
Oct 12 20:35:49 Mater kernel: [    8.494016] bcm2835-isp bcm2835-isp: Device node output[0] registered as /dev/video13
Oct 12 20:35:49 Mater kernel: [    8.495027] bcm2835-isp bcm2835-isp: Device node capture[0] registered as /dev/video14
Oct 12 20:35:49 Mater kernel: [    8.495695] bcm2835-isp bcm2835-isp: Device node capture[1] registered as /dev/video15
Oct 12 20:35:49 Mater kernel: [    8.496224] bcm2835-isp bcm2835-isp: Device node stats[2] registered as /dev/video16
Oct 12 20:35:49 Mater kernel: [    8.496270] bcm2835-isp bcm2835-isp: Register output node 0 with media controller
Oct 12 20:35:49 Mater kernel: [    8.496323] bcm2835-isp bcm2835-isp: Register capture node 1 with media controller
Oct 12 20:35:49 Mater kernel: [    8.496354] bcm2835-isp bcm2835-isp: Register capture node 2 with media controller
Oct 12 20:35:49 Mater kernel: [    8.496383] bcm2835-isp bcm2835-isp: Register capture node 3 with media controller
Oct 12 20:35:49 Mater kernel: [    8.500814] bcm2835-isp bcm2835-isp: Device node output[0] registered as /dev/video20
Oct 12 20:35:49 Mater kernel: [    8.501665] bcm2835-isp bcm2835-isp: Device node capture[0] registered as /dev/video21
Oct 12 20:35:49 Mater kernel: [    8.502617] bcm2835-isp bcm2835-isp: Device node capture[1] registered as /dev/video22
Oct 12 20:35:49 Mater kernel: [    8.503378] bcm2835-isp bcm2835-isp: Device node stats[2] registered as /dev/video23
Oct 12 20:35:49 Mater kernel: [    8.503441] bcm2835-isp bcm2835-isp: Register output node 0 with media controller
Oct 12 20:35:49 Mater kernel: [    8.503478] bcm2835-isp bcm2835-isp: Register capture node 1 with media controller
Oct 12 20:35:49 Mater kernel: [    8.503535] bcm2835-isp bcm2835-isp: Register capture node 2 with media controller
Oct 12 20:35:49 Mater kernel: [    8.503565] bcm2835-isp bcm2835-isp: Register capture node 3 with media controller
Oct 12 20:35:49 Mater kernel: [    8.503941] bcm2835-isp bcm2835-isp: Loaded V4L2 bcm2835-isp
Oct 12 20:35:49 Mater kernel: [    8.530541] bcm2835_codec: module is from the staging directory, the quality is unknown, you have been warned.
Oct 12 20:35:49 Mater kernel: [    8.542982] bcm2835-codec bcm2835-codec: Device registered as /dev/video10
Oct 12 20:35:49 Mater kernel: [    8.543085] bcm2835-codec bcm2835-codec: Loaded V4L2 decode
Oct 12 20:35:49 Mater kernel: [    8.548296] bcm2835-codec bcm2835-codec: Device registered as /dev/video11
Oct 12 20:35:49 Mater kernel: [    8.548378] bcm2835-codec bcm2835-codec: Loaded V4L2 encode
Oct 12 20:35:49 Mater kernel: [    8.553089] bcm2835-codec bcm2835-codec: Device registered as /dev/video12
Oct 12 20:35:49 Mater kernel: [    8.553165] bcm2835-codec bcm2835-codec: Loaded V4L2 isp
Oct 12 20:35:49 Mater kernel: [    8.557293] bcm2835-codec bcm2835-codec: Device registered as /dev/video18
Oct 12 20:35:49 Mater kernel: [    8.557389] bcm2835-codec bcm2835-codec: Loaded V4L2 image_fx
Oct 12 20:35:49 Mater kernel: [    8.562572] bcm2835-codec bcm2835-codec: Device registered as /dev/video31
Oct 12 20:35:49 Mater kernel: [    8.562655] bcm2835-codec bcm2835-codec: Loaded V4L2 encode_image
Oct 12 20:35:49 Mater kernel: [    9.018170] cfg80211: Loading compiled-in X.509 certificates for regulatory database
Oct 12 20:35:49 Mater kernel: [    9.080866] cfg80211: Loaded X.509 cert 'sforshee: 00b28ddf47aef9cea7'
Oct 12 20:35:49 Mater kernel: [    9.108938] cfg80211: loaded regulatory.db is malformed or signature is missing/invalid
Oct 12 20:35:49 Mater kernel: [    9.430817] brcmfmac: F1 signature read @0x18000000=0x1542a9a6
Oct 12 20:35:49 Mater kernel: [    9.435253] Console: switching to colour dummy device 80x25
Oct 12 20:35:49 Mater kernel: [    9.444991] brcmfmac: brcmf_fw_alloc_request: using brcm/brcmfmac43436-sdio for chip BCM43430/2
Oct 12 20:35:49 Mater kernel: [    9.446807] usbcore: registered new interface driver brcmfmac
Oct 12 20:35:49 Mater kernel: [    9.446803] vc4-drm soc:gpu: bound 3f400000.hvs (ops vc4_hvs_ops [vc4])
Oct 12 20:35:49 Mater kernel: [    9.462285] Registered IR keymap rc-cec
Oct 12 20:35:49 Mater kernel: [    9.464196] rc rc0: vc4-hdmi as /devices/platform/soc/3f902000.hdmi/rc/rc0
Oct 12 20:35:49 Mater kernel: [    9.464640] input: vc4-hdmi as /devices/platform/soc/3f902000.hdmi/rc/rc0/input0
Oct 12 20:35:49 Mater kernel: [    9.599374] vc4-drm soc:gpu: bound 3f902000.hdmi (ops vc4_hdmi_ops [vc4])
Oct 12 20:35:49 Mater kernel: [    9.600124] vc4-drm soc:gpu: bound 3f004000.txp (ops vc4_txp_ops [vc4])
Oct 12 20:35:49 Mater kernel: [    9.600691] vc4-drm soc:gpu: bound 3f206000.pixelvalve (ops vc4_crtc_ops [vc4])
Oct 12 20:35:49 Mater kernel: [    9.601232] vc4-drm soc:gpu: bound 3f207000.pixelvalve (ops vc4_crtc_ops [vc4])
Oct 12 20:35:49 Mater kernel: [    9.601861] vc4-drm soc:gpu: bound 3f807000.pixelvalve (ops vc4_crtc_ops [vc4])
Oct 12 20:35:49 Mater kernel: [    9.602354] vc4-drm soc:gpu: bound 3fc00000.v3d (ops vc4_v3d_ops [vc4])
Oct 12 20:35:49 Mater kernel: [    9.619847] [drm] Initialized vc4 0.0.0 20140616 for soc:gpu on minor 0
Oct 12 20:35:49 Mater kernel: [    9.622095] vc4-drm soc:gpu: [drm] Cannot find any crtc or sizes
Oct 12 20:35:49 Mater kernel: [    9.695223] brcmfmac: brcmf_c_preinit_dcmds: Firmware: BCM43430/2 wl0: Mar 31 2022 17:24:51 version 9.88.4.77 (g58bc5cc) FWID 01-3b307371
Oct 12 20:35:49 Mater kernel: [   10.789153] uart-pl011 3f201000.serial: no DMA platform data
Oct 12 20:35:50 Mater kernel: [   11.047464] Adding 102396k swap on /var/swap.  Priority:-2 extents:1 across:102396k SSFS
Oct 12 20:35:50 Mater kernel: [   11.180528] 8021q: 802.1Q VLAN Support v1.8
Oct 12 20:35:50 Mater kernel: [   11.474650] brcmfmac: brcmf_cfg80211_set_power_mgmt: power save enabled
Oct 12 20:35:55 Mater kernel: [   16.580384] Bluetooth: Core ver 2.22
Oct 12 20:35:55 Mater kernel: [   16.580534] NET: Registered PF_BLUETOOTH protocol family
Oct 12 20:35:55 Mater kernel: [   16.580546] Bluetooth: HCI device and connection manager initialized
Oct 12 20:35:55 Mater kernel: [   16.580578] Bluetooth: HCI socket layer initialized
Oct 12 20:35:55 Mater kernel: [   16.580598] Bluetooth: L2CAP socket layer initialized
Oct 12 20:35:55 Mater kernel: [   16.580630] Bluetooth: SCO socket layer initialized
Oct 12 20:35:55 Mater kernel: [   16.596083] Bluetooth: HCI UART driver ver 2.3
Oct 12 20:35:55 Mater kernel: [   16.596119] Bluetooth: HCI UART protocol H4 registered
Oct 12 20:35:55 Mater kernel: [   16.596245] Bluetooth: HCI UART protocol Three-wire (H5) registered
Oct 12 20:35:55 Mater kernel: [   16.596608] Bluetooth: HCI UART protocol Broadcom registered
Oct 12 20:35:56 Mater kernel: [   17.293951] Bluetooth: BNEP (Ethernet Emulation) ver 1.3
Oct 12 20:35:56 Mater kernel: [   17.293992] Bluetooth: BNEP filters: protocol multicast
Oct 12 20:35:56 Mater kernel: [   17.294032] Bluetooth: BNEP socket layer initialized
Oct 12 20:35:56 Mater kernel: [   17.306457] Bluetooth: MGMT ver 1.22
Oct 12 20:35:56 Mater kernel: [   17.331166] NET: Registered PF_ALG protocol family
Oct 12 20:36:40 Mater kernel: [   61.149767] ieee80211 phy0: brcmf_escan_timeout: timer expired
Oct 12 20:37:38 Mater kernel: [  119.351509] IPv6: ADDRCONF(NETDEV_CHANGE): wlan0: link becomes ready
Oct 12 21:17:36 Mater kernel: [  393.840731] mydev: loading out-of-tree module taints kernel.
Oct 12 21:17:36 Mater kernel: [  393.841564] mydev: Hi parameter, <no parameter>
Oct 12 21:17:42 Mater kernel: [  399.262959] mydev: Bye parameter, <no parameter>
Oct 12 21:32:27 Mater kernel: [ 1284.934243] mydev: Hello <no parameter> from the RPi LKM!
Oct 12 21:32:27 Mater kernel: [ 1284.934307] mydev: Device registered correctly with major number 236
Oct 12 21:44:12 Mater kernel: [ 1989.826710] mydev: Device has been opened 1 time(s)
Oct 12 21:44:12 Mater kernel: [ 1989.826851] mydev write: accepting 29 bytes from the user
Oct 12 21:44:12 Mater kernel: [ 1989.826899] mydev: Device successfully closed
Oct 12 21:44:45 Mater kernel: [ 2022.796365] mydev: Bye parameter, <no parameter>
Oct 12 21:45:03 Mater kernel: [ 2040.196055] mydev: Hello Part2 from the RPi LKM!
Oct 12 21:45:03 Mater kernel: [ 2040.196104] mydev: Device registered correctly with major number 236
Oct 12 21:45:09 Mater kernel: [ 2047.079593] mydev: Device has been opened 1 time(s)
Oct 12 21:45:09 Mater kernel: [ 2047.079752] mydev write: accepting 29 bytes from the user
Oct 12 21:45:09 Mater kernel: [ 2047.079801] mydev: Device successfully closed
Oct 12 21:50:43 Mater kernel: [ 2380.416080] mydev: Device has been opened 2 time(s)
Oct 12 21:50:43 Mater kernel: [ 2380.416245] mydev write: accepting 29 bytes from the user
Oct 12 21:50:43 Mater kernel: [ 2380.416293] mydev: Device successfully closed
Oct 12 21:50:45 Mater kernel: [ 2382.434380] mydev: Device has been opened 3 time(s)
Oct 12 21:50:45 Mater kernel: [ 2382.434524] mydev write: accepting 29 bytes from the user
Oct 12 21:50:45 Mater kernel: [ 2382.434572] mydev: Device successfully closed
Oct 12 21:50:46 Mater kernel: [ 2383.336172] mydev: Device has been opened 4 time(s)
Oct 12 21:50:46 Mater kernel: [ 2383.336316] mydev write: accepting 29 bytes from the user
Oct 12 21:50:46 Mater kernel: [ 2383.336363] mydev: Device successfully closed
Oct 12 22:56:49 Mater kernel: [ 6346.842371] mydev: Device has been opened 5 time(s)
Oct 12 22:56:49 Mater kernel: [ 6346.842440] mydev write: accepting 1 bytes from the user
Oct 12 22:56:49 Mater kernel: [ 6346.842485] mydev: Device successfully closed
Oct 12 22:56:50 Mater kernel: [ 6347.842795] mydev: Device has been opened 6 time(s)
Oct 12 22:56:50 Mater kernel: [ 6347.842853] mydev write: accepting 2 bytes from the user
Oct 12 22:56:50 Mater kernel: [ 6347.842894] mydev: Device successfully closed
Oct 12 22:56:51 Mater kernel: [ 6348.843152] mydev: Device has been opened 7 time(s)
Oct 12 22:56:51 Mater kernel: [ 6348.843210] mydev write: accepting 3 bytes from the user
Oct 12 22:56:51 Mater kernel: [ 6348.843250] mydev: Device successfully closed
Oct 12 22:56:52 Mater kernel: [ 6349.843516] mydev: Device has been opened 8 time(s)
Oct 12 22:56:52 Mater kernel: [ 6349.843575] mydev write: accepting 4 bytes from the user
Oct 12 22:56:52 Mater kernel: [ 6349.843617] mydev: Device successfully closed
Oct 12 22:56:53 Mater kernel: [ 6350.843871] mydev: Device has been opened 9 time(s)
Oct 12 22:56:53 Mater kernel: [ 6350.843928] mydev write: accepting 5 bytes from the user
Oct 12 22:56:53 Mater kernel: [ 6350.843970] mydev: Device successfully closed
Oct 12 22:56:54 Mater kernel: [ 6351.844197] mydev: Device has been opened 10 time(s)
Oct 12 22:56:54 Mater kernel: [ 6351.844257] mydev write: accepting 6 bytes from the user
Oct 12 22:56:54 Mater kernel: [ 6351.844299] mydev: Device successfully closed
Oct 12 22:56:55 Mater kernel: [ 6352.844572] mydev: Device has been opened 11 time(s)
Oct 12 22:56:55 Mater kernel: [ 6352.844635] mydev write: accepting 7 bytes from the user
Oct 12 22:56:55 Mater kernel: [ 6352.844677] mydev: Device successfully closed
Oct 12 22:58:02 Mater kernel: [ 6419.321781] mydev: Device has been opened 12 time(s)
Oct 12 22:58:02 Mater kernel: [ 6419.321852] mydev write: accepting 1 bytes from the user
Oct 12 22:58:02 Mater kernel: [ 6419.321895] mydev: Device successfully closed
Oct 12 22:58:03 Mater kernel: [ 6420.322188] mydev: Device has been opened 13 time(s)
Oct 12 22:58:03 Mater kernel: [ 6420.322246] mydev write: accepting 2 bytes from the user
Oct 12 22:58:03 Mater kernel: [ 6420.322287] mydev: Device successfully closed
Oct 12 22:58:04 Mater kernel: [ 6421.322507] mydev: Device has been opened 14 time(s)
Oct 12 22:58:04 Mater kernel: [ 6421.322563] mydev write: accepting 3 bytes from the user
Oct 12 22:58:04 Mater kernel: [ 6421.322605] mydev: Device successfully closed
Oct 12 22:58:05 Mater kernel: [ 6422.322814] mydev: Device has been opened 15 time(s)
Oct 12 22:58:05 Mater kernel: [ 6422.322870] mydev write: accepting 4 bytes from the user
Oct 12 22:58:05 Mater kernel: [ 6422.322910] mydev: Device successfully closed
Oct 12 22:58:06 Mater kernel: [ 6423.323113] mydev: Device has been opened 16 time(s)
Oct 12 22:58:06 Mater kernel: [ 6423.323168] mydev write: accepting 5 bytes from the user
Oct 12 22:58:06 Mater kernel: [ 6423.323205] mydev: Device successfully closed
Oct 12 22:58:07 Mater kernel: [ 6424.323425] mydev: Device has been opened 17 time(s)
Oct 12 22:58:07 Mater kernel: [ 6424.323485] mydev write: accepting 6 bytes from the user
Oct 12 22:58:07 Mater kernel: [ 6424.323527] mydev: Device successfully closed
Oct 12 22:58:08 Mater kernel: [ 6425.323752] mydev: Device has been opened 18 time(s)
Oct 12 22:58:08 Mater kernel: [ 6425.323811] mydev write: accepting 7 bytes from the user
Oct 12 22:58:08 Mater kernel: [ 6425.323853] mydev: Device successfully closed
Oct 12 22:58:09 Mater kernel: [ 6426.324071] mydev: Device has been opened 19 time(s)
Oct 12 22:58:09 Mater kernel: [ 6426.324129] mydev write: accepting 8 bytes from the user
Oct 12 22:58:09 Mater kernel: [ 6426.324170] mydev: Device successfully closed
Oct 12 22:58:10 Mater kernel: [ 6427.324403] mydev: Device has been opened 20 time(s)
Oct 12 22:58:10 Mater kernel: [ 6427.324462] mydev write: accepting 9 bytes from the user
Oct 12 22:58:10 Mater kernel: [ 6427.324502] mydev: Device successfully closed
Oct 12 22:58:11 Mater kernel: [ 6428.324722] mydev: Device has been opened 21 time(s)
Oct 12 22:58:11 Mater kernel: [ 6428.324781] mydev write: accepting 10 bytes from the user
Oct 12 22:58:11 Mater kernel: [ 6428.324823] mydev: Device successfully closed
Oct 12 22:58:12 Mater kernel: [ 6429.325045] mydev: Device has been opened 22 time(s)
Oct 12 22:58:12 Mater kernel: [ 6429.325103] mydev write: accepting 11 bytes from the user
Oct 12 22:58:12 Mater kernel: [ 6429.325144] mydev: Device successfully closed
Oct 12 22:58:13 Mater kernel: [ 6430.325432] mydev: Device has been opened 23 time(s)
Oct 12 22:58:13 Mater kernel: [ 6430.325493] mydev write: accepting 12 bytes from the user
Oct 12 22:58:13 Mater kernel: [ 6430.325534] mydev: Device successfully closed
Oct 12 22:58:14 Mater kernel: [ 6431.325730] mydev: Device has been opened 24 time(s)
Oct 12 22:58:14 Mater kernel: [ 6431.325782] mydev write: accepting 13 bytes from the user
Oct 12 22:58:14 Mater kernel: [ 6431.325823] mydev: Device successfully closed
Oct 12 22:58:15 Mater kernel: [ 6432.326030] mydev: Device has been opened 25 time(s)
Oct 12 22:58:15 Mater kernel: [ 6432.326086] mydev write: accepting 14 bytes from the user
Oct 12 22:58:15 Mater kernel: [ 6432.326126] mydev: Device successfully closed
Oct 12 22:58:16 Mater kernel: [ 6433.326320] mydev: Device has been opened 26 time(s)
Oct 12 22:58:16 Mater kernel: [ 6433.326373] mydev write: accepting 15 bytes from the user
Oct 12 22:58:16 Mater kernel: [ 6433.326415] mydev: Device successfully closed
Oct 12 22:58:17 Mater kernel: [ 6434.326631] mydev: Device has been opened 27 time(s)
Oct 12 22:58:17 Mater kernel: [ 6434.326687] mydev write: accepting 16 bytes from the user
Oct 12 22:58:17 Mater kernel: [ 6434.326728] mydev: Device successfully closed
Oct 12 22:58:18 Mater kernel: [ 6435.326949] mydev: Device has been opened 28 time(s)
Oct 12 22:58:18 Mater kernel: [ 6435.327008] mydev write: accepting 17 bytes from the user
Oct 12 22:58:18 Mater kernel: [ 6435.327049] mydev: Device successfully closed
Oct 12 22:58:19 Mater kernel: [ 6436.327263] mydev: Device has been opened 29 time(s)
Oct 12 22:58:19 Mater kernel: [ 6436.327317] mydev write: accepting 18 bytes from the user
Oct 12 22:58:19 Mater kernel: [ 6436.327358] mydev: Device successfully closed
Oct 12 22:58:20 Mater kernel: [ 6437.327593] mydev: Device has been opened 30 time(s)
Oct 12 22:58:20 Mater kernel: [ 6437.327656] mydev write: accepting 19 bytes from the user
Oct 12 22:58:20 Mater kernel: [ 6437.327697] mydev: Device successfully closed
Oct 12 22:58:21 Mater kernel: [ 6438.327919] mydev: Device has been opened 31 time(s)
Oct 12 22:58:21 Mater kernel: [ 6438.327970] mydev write: accepting 20 bytes from the user
Oct 12 22:58:21 Mater kernel: [ 6438.328009] mydev: Device successfully closed
Oct 12 22:58:22 Mater kernel: [ 6439.328190] mydev: Device has been opened 32 time(s)
Oct 12 22:58:22 Mater kernel: [ 6439.328236] mydev write: accepting 21 bytes from the user
Oct 12 22:58:22 Mater kernel: [ 6439.328274] mydev: Device successfully closed
Oct 12 22:58:23 Mater kernel: [ 6440.328471] mydev: Device has been opened 33 time(s)
Oct 12 22:58:23 Mater kernel: [ 6440.328525] mydev write: accepting 22 bytes from the user
Oct 12 22:58:23 Mater kernel: [ 6440.328567] mydev: Device successfully closed
Oct 12 22:58:24 Mater kernel: [ 6441.328752] mydev: Device has been opened 34 time(s)
Oct 12 22:58:24 Mater kernel: [ 6441.328798] mydev write: accepting 23 bytes from the user
Oct 12 22:58:24 Mater kernel: [ 6441.328837] mydev: Device successfully closed
Oct 12 22:58:25 Mater kernel: [ 6442.329049] mydev: Device has been opened 35 time(s)
Oct 12 22:58:25 Mater kernel: [ 6442.329108] mydev write: accepting 24 bytes from the user
Oct 12 22:58:25 Mater kernel: [ 6442.329150] mydev: Device successfully closed
Oct 12 22:58:26 Mater kernel: [ 6443.329365] mydev: Device has been opened 36 time(s)
Oct 12 22:58:26 Mater kernel: [ 6443.329422] mydev write: accepting 25 bytes from the user
Oct 12 22:58:26 Mater kernel: [ 6443.329463] mydev: Device successfully closed
Oct 12 22:58:27 Mater kernel: [ 6444.329648] mydev: Device has been opened 37 time(s)
Oct 12 22:58:27 Mater kernel: [ 6444.329695] mydev write: accepting 26 bytes from the user
Oct 12 22:58:27 Mater kernel: [ 6444.329734] mydev: Device successfully closed
Oct 12 22:58:28 Mater kernel: [ 6445.329924] mydev: Device has been opened 38 time(s)
Oct 12 22:58:28 Mater kernel: [ 6445.329975] mydev write: accepting 27 bytes from the user
Oct 12 22:58:28 Mater kernel: [ 6445.330016] mydev: Device successfully closed
Oct 12 22:58:29 Mater kernel: [ 6446.330200] mydev: Device has been opened 39 time(s)
Oct 12 22:58:29 Mater kernel: [ 6446.330246] mydev write: accepting 28 bytes from the user
Oct 12 22:58:29 Mater kernel: [ 6446.330285] mydev: Device successfully closed
Oct 12 22:58:30 Mater kernel: [ 6447.330478] mydev: Device has been opened 40 time(s)
Oct 12 22:58:30 Mater kernel: [ 6447.330523] mydev write: accepting 29 bytes from the user
Oct 12 22:58:30 Mater kernel: [ 6447.330561] mydev: Device successfully closed
Oct 12 22:58:31 Mater kernel: [ 6448.330762] mydev: Device has been opened 41 time(s)
Oct 12 22:58:31 Mater kernel: [ 6448.330811] mydev write: accepting 30 bytes from the user
Oct 12 22:58:31 Mater kernel: [ 6448.330850] mydev: Device successfully closed
Oct 12 22:58:32 Mater kernel: [ 6449.331031] mydev: Device has been opened 42 time(s)
Oct 12 22:58:32 Mater kernel: [ 6449.331076] mydev write: accepting 31 bytes from the user
Oct 12 22:58:32 Mater kernel: [ 6449.331114] mydev: Device successfully closed
Oct 12 22:58:33 Mater kernel: [ 6450.331321] mydev: Device has been opened 43 time(s)
Oct 12 22:58:33 Mater kernel: [ 6450.331379] mydev write: accepting 32 bytes from the user
Oct 12 22:58:33 Mater kernel: [ 6450.331418] mydev: Device successfully closed
Oct 12 22:58:34 Mater kernel: [ 6451.331624] mydev: Device has been opened 44 time(s)
Oct 12 22:58:34 Mater kernel: [ 6451.331681] mydev write: accepting 33 bytes from the user
Oct 12 22:58:34 Mater kernel: [ 6451.331723] mydev: Device successfully closed
Oct 12 22:58:35 Mater kernel: [ 6452.331923] mydev: Device has been opened 45 time(s)
Oct 12 22:58:35 Mater kernel: [ 6452.331971] mydev write: accepting 34 bytes from the user
Oct 12 22:58:35 Mater kernel: [ 6452.332010] mydev: Device successfully closed
Oct 12 22:58:36 Mater kernel: [ 6453.332192] mydev: Device has been opened 46 time(s)
Oct 12 22:58:36 Mater kernel: [ 6453.332237] mydev write: accepting 35 bytes from the user
Oct 12 22:58:36 Mater kernel: [ 6453.332276] mydev: Device successfully closed
Oct 12 22:58:37 Mater kernel: [ 6454.332476] mydev: Device has been opened 47 time(s)
Oct 12 22:58:37 Mater kernel: [ 6454.332521] mydev write: accepting 36 bytes from the user
Oct 12 22:58:37 Mater kernel: [ 6454.332560] mydev: Device successfully closed
Oct 12 22:58:38 Mater kernel: [ 6455.332764] mydev: Device has been opened 48 time(s)
Oct 12 22:58:38 Mater kernel: [ 6455.332818] mydev write: accepting 37 bytes from the user
Oct 12 22:58:38 Mater kernel: [ 6455.332861] mydev: Device successfully closed
Oct 12 22:58:39 Mater kernel: [ 6456.333047] mydev: Device has been opened 49 time(s)
Oct 12 22:58:39 Mater kernel: [ 6456.333094] mydev write: accepting 38 bytes from the user
Oct 12 22:58:39 Mater kernel: [ 6456.333134] mydev: Device successfully closed
Oct 12 22:58:40 Mater kernel: [ 6457.333405] mydev: Device has been opened 50 time(s)
Oct 12 22:58:40 Mater kernel: [ 6457.333451] mydev write: accepting 39 bytes from the user
Oct 12 22:58:40 Mater kernel: [ 6457.333490] mydev: Device successfully closed
Oct 12 22:58:41 Mater kernel: [ 6458.333710] mydev: Device has been opened 51 time(s)
Oct 12 22:58:41 Mater kernel: [ 6458.333760] mydev write: accepting 40 bytes from the user
Oct 12 22:58:41 Mater kernel: [ 6458.333799] mydev: Device successfully closed
Oct 12 22:58:42 Mater kernel: [ 6459.333978] mydev: Device has been opened 52 time(s)
Oct 12 22:58:42 Mater kernel: [ 6459.334021] mydev write: accepting 41 bytes from the user
Oct 12 22:58:42 Mater kernel: [ 6459.334059] mydev: Device successfully closed
Oct 12 22:58:43 Mater kernel: [ 6460.334253] mydev: Device has been opened 53 time(s)
Oct 12 22:58:43 Mater kernel: [ 6460.334307] mydev write: accepting 42 bytes from the user
Oct 12 22:58:43 Mater kernel: [ 6460.334349] mydev: Device successfully closed
Oct 12 22:58:44 Mater kernel: [ 6461.334540] mydev: Device has been opened 54 time(s)
Oct 12 22:58:44 Mater kernel: [ 6461.334589] mydev write: accepting 43 bytes from the user
Oct 12 22:58:44 Mater kernel: [ 6461.334629] mydev: Device successfully closed
Oct 12 22:58:45 Mater kernel: [ 6462.334842] mydev: Device has been opened 55 time(s)
Oct 12 22:58:45 Mater kernel: [ 6462.334902] mydev write: accepting 44 bytes from the user
Oct 12 22:58:45 Mater kernel: [ 6462.334944] mydev: Device successfully closed
Oct 12 22:58:46 Mater kernel: [ 6463.335172] mydev: Device has been opened 56 time(s)
Oct 12 22:58:46 Mater kernel: [ 6463.335234] mydev write: accepting 45 bytes from the user
Oct 12 22:58:46 Mater kernel: [ 6463.335275] mydev: Device successfully closed
Oct 12 22:58:47 Mater kernel: [ 6464.335482] mydev: Device has been opened 57 time(s)
Oct 12 22:58:47 Mater kernel: [ 6464.335530] mydev write: accepting 46 bytes from the user
Oct 12 22:58:47 Mater kernel: [ 6464.335569] mydev: Device successfully closed
Oct 12 22:58:48 Mater kernel: [ 6465.335785] mydev: Device has been opened 58 time(s)
Oct 12 22:58:48 Mater kernel: [ 6465.335838] mydev write: accepting 47 bytes from the user
Oct 12 22:58:48 Mater kernel: [ 6465.335878] mydev: Device successfully closed
Oct 12 22:58:49 Mater kernel: [ 6466.336069] mydev: Device has been opened 59 time(s)
Oct 12 22:58:49 Mater kernel: [ 6466.336117] mydev write: accepting 48 bytes from the user
Oct 12 22:58:49 Mater kernel: [ 6466.336156] mydev: Device successfully closed
Oct 12 22:58:50 Mater kernel: [ 6467.336375] mydev: Device has been opened 60 time(s)
Oct 12 22:58:50 Mater kernel: [ 6467.336436] mydev write: accepting 49 bytes from the user
Oct 12 22:58:50 Mater kernel: [ 6467.336477] mydev: Device successfully closed
Oct 12 22:59:10 Mater kernel: [ 6487.209453] mydev: Device has been opened 61 time(s)
Oct 12 22:59:10 Mater kernel: [ 6487.209584] mydev write: accepting 1 bytes from the user
Oct 12 22:59:10 Mater kernel: [ 6487.209628] mydev: Device successfully closed
Oct 12 22:59:11 Mater kernel: [ 6488.209872] mydev: Device has been opened 62 time(s)
Oct 12 22:59:11 Mater kernel: [ 6488.209930] mydev write: accepting 2 bytes from the user
Oct 12 22:59:11 Mater kernel: [ 6488.209971] mydev: Device successfully closed
Oct 12 22:59:12 Mater kernel: [ 6489.210236] mydev: Device has been opened 63 time(s)
Oct 12 22:59:12 Mater kernel: [ 6489.210295] mydev write: accepting 3 bytes from the user
Oct 12 22:59:12 Mater kernel: [ 6489.210336] mydev: Device successfully closed
Oct 12 22:59:13 Mater kernel: [ 6490.210556] mydev: Device has been opened 64 time(s)
Oct 12 22:59:13 Mater kernel: [ 6490.210613] mydev write: accepting 4 bytes from the user
Oct 12 22:59:13 Mater kernel: [ 6490.210655] mydev: Device successfully closed
Oct 12 22:59:14 Mater kernel: [ 6491.210933] mydev: Device has been opened 65 time(s)
Oct 12 22:59:14 Mater kernel: [ 6491.210993] mydev write: accepting 5 bytes from the user
Oct 12 22:59:14 Mater kernel: [ 6491.211036] mydev: Device successfully closed
Oct 12 22:59:15 Mater kernel: [ 6492.211298] mydev: Device has been opened 66 time(s)
Oct 12 22:59:15 Mater kernel: [ 6492.211357] mydev write: accepting 6 bytes from the user
Oct 12 22:59:15 Mater kernel: [ 6492.211399] mydev: Device successfully closed
Oct 12 22:59:16 Mater kernel: [ 6493.211666] mydev: Device has been opened 67 time(s)
Oct 12 22:59:16 Mater kernel: [ 6493.211727] mydev write: accepting 7 bytes from the user
Oct 12 22:59:16 Mater kernel: [ 6493.211769] mydev: Device successfully closed
Oct 12 22:59:17 Mater kernel: [ 6494.212032] mydev: Device has been opened 68 time(s)
Oct 12 22:59:17 Mater kernel: [ 6494.212091] mydev write: accepting 8 bytes from the user
Oct 12 22:59:17 Mater kernel: [ 6494.212133] mydev: Device successfully closed
Oct 12 22:59:18 Mater kernel: [ 6495.212394] mydev: Device has been opened 69 time(s)
Oct 12 22:59:18 Mater kernel: [ 6495.212450] mydev write: accepting 9 bytes from the user
Oct 12 22:59:18 Mater kernel: [ 6495.212492] mydev: Device successfully closed
Oct 12 22:59:19 Mater kernel: [ 6496.212712] mydev: Device has been opened 70 time(s)
Oct 12 22:59:19 Mater kernel: [ 6496.212770] mydev write: accepting 10 bytes from the user
Oct 12 22:59:19 Mater kernel: [ 6496.212812] mydev: Device successfully closed
Oct 12 22:59:20 Mater kernel: [ 6497.213025] mydev: Device has been opened 71 time(s)
Oct 12 22:59:20 Mater kernel: [ 6497.213082] mydev write: accepting 11 bytes from the user
Oct 12 22:59:20 Mater kernel: [ 6497.213124] mydev: Device successfully closed
Oct 12 22:59:21 Mater kernel: [ 6498.213348] mydev: Device has been opened 72 time(s)
Oct 12 22:59:21 Mater kernel: [ 6498.213411] mydev write: accepting 12 bytes from the user
Oct 12 22:59:21 Mater kernel: [ 6498.213453] mydev: Device successfully closed
Oct 12 22:59:22 Mater kernel: [ 6499.213712] mydev: Device has been opened 73 time(s)
Oct 12 22:59:22 Mater kernel: [ 6499.213770] mydev write: accepting 1 bytes from the user
Oct 12 22:59:22 Mater kernel: [ 6499.213812] mydev: Device successfully closed
Oct 12 22:59:23 Mater kernel: [ 6500.214073] mydev: Device has been opened 74 time(s)
Oct 12 22:59:23 Mater kernel: [ 6500.214132] mydev write: accepting 2 bytes from the user
Oct 12 22:59:23 Mater kernel: [ 6500.214173] mydev: Device successfully closed
Oct 12 22:59:24 Mater kernel: [ 6501.214435] mydev: Device has been opened 75 time(s)
Oct 12 22:59:24 Mater kernel: [ 6501.214494] mydev write: accepting 3 bytes from the user
Oct 12 22:59:24 Mater kernel: [ 6501.214535] mydev: Device successfully closed
Oct 12 22:59:25 Mater kernel: [ 6502.214751] mydev: Device has been opened 76 time(s)
Oct 12 22:59:25 Mater kernel: [ 6502.214809] mydev write: accepting 4 bytes from the user
Oct 12 22:59:25 Mater kernel: [ 6502.214852] mydev: Device successfully closed
Oct 12 22:59:26 Mater kernel: [ 6503.215075] mydev: Device has been opened 77 time(s)
Oct 12 22:59:26 Mater kernel: [ 6503.215138] mydev write: accepting 5 bytes from the user
Oct 12 22:59:26 Mater kernel: [ 6503.215180] mydev: Device successfully closed
Oct 12 22:59:43 Mater kernel: [ 6520.498347] mydev: Device has been opened 78 time(s)
Oct 12 22:59:43 Mater kernel: [ 6520.498396] mydev write: accepting 1 bytes from the user
Oct 12 22:59:43 Mater kernel: [ 6520.498423] mydev: Device successfully closed
Oct 12 22:59:44 Mater kernel: [ 6521.498639] mydev: Device has been opened 79 time(s)
Oct 12 22:59:44 Mater kernel: [ 6521.498686] mydev write: accepting 2 bytes from the user
Oct 12 22:59:44 Mater kernel: [ 6521.498718] mydev: Device successfully closed
Oct 12 22:59:45 Mater kernel: [ 6522.498938] mydev: Device has been opened 80 time(s)
Oct 12 22:59:45 Mater kernel: [ 6522.499002] mydev write: accepting 3 bytes from the user
Oct 12 22:59:45 Mater kernel: [ 6522.499045] mydev: Device successfully closed
Oct 12 22:59:46 Mater kernel: [ 6523.499264] mydev: Device has been opened 81 time(s)
Oct 12 22:59:46 Mater kernel: [ 6523.499323] mydev write: accepting 1 bytes from the user
Oct 12 22:59:46 Mater kernel: [ 6523.499365] mydev: Device successfully closed
Oct 12 22:59:47 Mater kernel: [ 6524.499579] mydev: Device has been opened 82 time(s)
Oct 12 22:59:47 Mater kernel: [ 6524.499639] mydev write: accepting 2 bytes from the user
Oct 12 22:59:47 Mater kernel: [ 6524.499681] mydev: Device successfully closed
Oct 12 22:59:48 Mater kernel: [ 6525.499941] mydev: Device has been opened 83 time(s)
Oct 12 22:59:48 Mater kernel: [ 6525.500000] mydev write: accepting 3 bytes from the user
Oct 12 22:59:48 Mater kernel: [ 6525.500041] mydev: Device successfully closed
Oct 12 22:59:49 Mater kernel: [ 6526.500301] mydev: Device has been opened 84 time(s)
Oct 12 22:59:49 Mater kernel: [ 6526.500363] mydev write: accepting 1 bytes from the user
Oct 12 22:59:49 Mater kernel: [ 6526.500405] mydev: Device successfully closed
Oct 12 22:59:50 Mater kernel: [ 6527.500674] mydev: Device has been opened 85 time(s)
Oct 12 22:59:50 Mater kernel: [ 6527.500734] mydev write: accepting 2 bytes from the user
Oct 12 22:59:50 Mater kernel: [ 6527.500777] mydev: Device successfully closed
Oct 12 22:59:51 Mater kernel: [ 6528.501031] mydev: Device has been opened 86 time(s)
Oct 12 22:59:51 Mater kernel: [ 6528.501088] mydev write: accepting 3 bytes from the user
Oct 12 22:59:51 Mater kernel: [ 6528.501129] mydev: Device successfully closed
Oct 12 22:59:52 Mater kernel: [ 6529.501378] mydev: Device has been opened 87 time(s)
Oct 12 22:59:52 Mater kernel: [ 6529.501432] mydev write: accepting 1 bytes from the user
Oct 12 22:59:52 Mater kernel: [ 6529.501473] mydev: Device successfully closed
Oct 12 22:59:53 Mater kernel: [ 6530.501829] mydev: Device has been opened 88 time(s)
Oct 12 22:59:53 Mater kernel: [ 6530.501885] mydev write: accepting 2 bytes from the user
Oct 12 22:59:53 Mater kernel: [ 6530.501926] mydev: Device successfully closed
Oct 12 22:59:54 Mater kernel: [ 6531.502132] mydev: Device has been opened 89 time(s)
Oct 12 22:59:54 Mater kernel: [ 6531.502186] mydev write: accepting 3 bytes from the user
Oct 12 22:59:54 Mater kernel: [ 6531.502227] mydev: Device successfully closed
Oct 12 22:59:55 Mater kernel: [ 6532.502455] mydev: Device has been opened 90 time(s)
Oct 12 22:59:55 Mater kernel: [ 6532.502517] mydev write: accepting 1 bytes from the user
Oct 12 22:59:55 Mater kernel: [ 6532.502559] mydev: Device successfully closed
Oct 12 22:59:56 Mater kernel: [ 6533.502781] mydev: Device has been opened 91 time(s)
Oct 12 22:59:56 Mater kernel: [ 6533.502838] mydev write: accepting 2 bytes from the user
Oct 12 22:59:56 Mater kernel: [ 6533.502880] mydev: Device successfully closed
Oct 12 22:59:57 Mater kernel: [ 6534.503099] mydev: Device has been opened 92 time(s)
Oct 12 22:59:57 Mater kernel: [ 6534.503156] mydev write: accepting 3 bytes from the user
Oct 12 22:59:57 Mater kernel: [ 6534.503198] mydev: Device successfully closed
Oct 12 22:59:58 Mater kernel: [ 6535.503464] mydev: Device has been opened 93 time(s)
Oct 12 22:59:58 Mater kernel: [ 6535.503520] mydev write: accepting 1 bytes from the user
Oct 12 22:59:58 Mater kernel: [ 6535.503561] mydev: Device successfully closed
Oct 12 22:59:59 Mater kernel: [ 6536.503778] mydev: Device has been opened 94 time(s)
Oct 12 22:59:59 Mater kernel: [ 6536.503836] mydev write: accepting 2 bytes from the user
Oct 12 22:59:59 Mater kernel: [ 6536.503877] mydev: Device successfully closed
Oct 12 23:00:00 Mater kernel: [ 6537.504142] mydev: Device has been opened 95 time(s)
Oct 12 23:00:00 Mater kernel: [ 6537.504200] mydev write: accepting 3 bytes from the user
Oct 12 23:00:00 Mater kernel: [ 6537.504242] mydev: Device successfully closed
Oct 12 23:00:01 Mater kernel: [ 6538.504459] mydev: Device has been opened 96 time(s)
Oct 12 23:00:01 Mater kernel: [ 6538.504517] mydev write: accepting 1 bytes from the user
Oct 12 23:00:01 Mater kernel: [ 6538.504559] mydev: Device successfully closed
Oct 12 23:00:02 Mater kernel: [ 6539.504764] mydev: Device has been opened 97 time(s)
Oct 12 23:00:02 Mater kernel: [ 6539.504820] mydev write: accepting 2 bytes from the user
Oct 12 23:00:02 Mater kernel: [ 6539.504861] mydev: Device successfully closed
Oct 12 23:00:03 Mater kernel: [ 6540.505078] mydev: Device has been opened 98 time(s)
Oct 12 23:00:03 Mater kernel: [ 6540.505135] mydev write: accepting 3 bytes from the user
Oct 12 23:00:03 Mater kernel: [ 6540.505176] mydev: Device successfully closed
Oct 12 23:00:04 Mater kernel: [ 6541.505442] mydev: Device has been opened 99 time(s)
Oct 12 23:00:04 Mater kernel: [ 6541.505498] mydev write: accepting 1 bytes from the user
Oct 12 23:00:04 Mater kernel: [ 6541.505540] mydev: Device successfully closed
Oct 12 23:00:05 Mater kernel: [ 6542.506033] mydev: Device has been opened 100 time(s)
Oct 12 23:00:05 Mater kernel: [ 6542.506097] mydev write: accepting 2 bytes from the user
Oct 12 23:00:05 Mater kernel: [ 6542.506139] mydev: Device successfully closed
Oct 12 23:00:06 Mater kernel: [ 6543.506382] mydev: Device has been opened 101 time(s)
Oct 12 23:00:06 Mater kernel: [ 6543.506436] mydev write: accepting 3 bytes from the user
Oct 12 23:00:06 Mater kernel: [ 6543.506473] mydev: Device successfully closed
Oct 12 23:00:07 Mater kernel: [ 6544.506683] mydev: Device has been opened 102 time(s)
Oct 12 23:00:07 Mater kernel: [ 6544.506741] mydev write: accepting 1 bytes from the user
Oct 12 23:00:07 Mater kernel: [ 6544.506783] mydev: Device successfully closed
Oct 12 23:00:08 Mater kernel: [ 6545.506995] mydev: Device has been opened 103 time(s)
Oct 12 23:00:08 Mater kernel: [ 6545.507049] mydev write: accepting 2 bytes from the user
Oct 12 23:00:08 Mater kernel: [ 6545.507091] mydev: Device successfully closed
Oct 12 23:01:57 Mater kernel: [ 6655.141160] mydev: Device has been opened 104 time(s)
Oct 12 23:01:57 Mater kernel: [ 6655.141231] mydev write: accepting 1 bytes from the user
Oct 12 23:01:57 Mater kernel: [ 6655.141273] mydev: Device successfully closed
Oct 12 23:01:58 Mater kernel: [ 6656.141565] mydev: Device has been opened 105 time(s)
Oct 12 23:01:58 Mater kernel: [ 6656.141622] mydev write: accepting 2 bytes from the user
Oct 12 23:01:58 Mater kernel: [ 6656.141663] mydev: Device successfully closed
Oct 12 23:01:59 Mater kernel: [ 6657.141883] mydev: Device has been opened 106 time(s)
Oct 12 23:01:59 Mater kernel: [ 6657.141941] mydev write: accepting 3 bytes from the user
Oct 12 23:01:59 Mater kernel: [ 6657.141982] mydev: Device successfully closed
Oct 12 23:02:00 Mater kernel: [ 6658.142214] mydev: Device has been opened 107 time(s)
Oct 12 23:02:00 Mater kernel: [ 6658.142336] mydev write: accepting 1 bytes from the user
Oct 12 23:02:00 Mater kernel: [ 6658.142385] mydev: Device successfully closed
Oct 12 23:02:01 Mater kernel: [ 6659.142636] mydev: Device has been opened 108 time(s)
Oct 12 23:02:01 Mater kernel: [ 6659.142692] mydev write: accepting 2 bytes from the user
Oct 12 23:02:01 Mater kernel: [ 6659.142734] mydev: Device successfully closed
Oct 12 23:02:02 Mater kernel: [ 6660.142991] mydev: Device has been opened 109 time(s)
Oct 12 23:02:02 Mater kernel: [ 6660.143051] mydev write: accepting 3 bytes from the user
Oct 12 23:02:02 Mater kernel: [ 6660.143092] mydev: Device successfully closed
Oct 12 23:02:03 Mater kernel: [ 6661.143360] mydev: Device has been opened 110 time(s)
Oct 12 23:02:03 Mater kernel: [ 6661.143421] mydev write: accepting 1 bytes from the user
Oct 12 23:02:03 Mater kernel: [ 6661.143464] mydev: Device successfully closed
Oct 12 23:02:04 Mater kernel: [ 6662.143721] mydev: Device has been opened 111 time(s)
Oct 12 23:02:04 Mater kernel: [ 6662.143778] mydev write: accepting 2 bytes from the user
Oct 12 23:02:04 Mater kernel: [ 6662.143820] mydev: Device successfully closed
Oct 12 23:02:05 Mater kernel: [ 6663.144061] mydev: Device has been opened 112 time(s)
Oct 12 23:02:05 Mater kernel: [ 6663.144116] mydev write: accepting 3 bytes from the user
Oct 12 23:02:05 Mater kernel: [ 6663.144154] mydev: Device successfully closed
Oct 12 23:02:06 Mater kernel: [ 6664.144409] mydev: Device has been opened 113 time(s)
Oct 12 23:02:06 Mater kernel: [ 6664.144468] mydev write: accepting 1 bytes from the user
Oct 12 23:02:06 Mater kernel: [ 6664.144510] mydev: Device successfully closed
Oct 12 23:02:07 Mater kernel: [ 6665.144768] mydev: Device has been opened 114 time(s)
Oct 12 23:02:07 Mater kernel: [ 6665.144826] mydev write: accepting 2 bytes from the user
Oct 12 23:02:07 Mater kernel: [ 6665.144867] mydev: Device successfully closed
Oct 12 23:02:08 Mater kernel: [ 6666.145126] mydev: Device has been opened 115 time(s)
Oct 12 23:02:08 Mater kernel: [ 6666.145184] mydev write: accepting 3 bytes from the user
Oct 12 23:02:08 Mater kernel: [ 6666.145225] mydev: Device successfully closed
Oct 12 23:02:09 Mater kernel: [ 6667.145473] mydev: Device has been opened 116 time(s)
Oct 12 23:02:09 Mater kernel: [ 6667.145528] mydev write: accepting 1 bytes from the user
Oct 12 23:02:09 Mater kernel: [ 6667.145567] mydev: Device successfully closed
Oct 12 23:05:03 Mater kernel: [ 6841.020964] mydev: Device has been opened 117 time(s)
Oct 12 23:05:03 Mater kernel: [ 6841.021012] mydev write: accepting 1 bytes from the user
Oct 12 23:05:03 Mater kernel: [ 6841.021039] mydev: Device successfully closed
Oct 12 23:05:52 Mater kernel: [ 6889.842314] mydev: Device has been opened 118 time(s)
Oct 12 23:05:52 Mater kernel: [ 6889.842382] mydev write: accepting 1 bytes from the user
Oct 12 23:05:52 Mater kernel: [ 6889.842425] mydev: Device successfully closed
Oct 12 23:05:53 Mater kernel: [ 6890.842701] mydev: Device has been opened 119 time(s)
Oct 12 23:05:53 Mater kernel: [ 6890.842760] mydev write: accepting 2 bytes from the user
Oct 12 23:05:53 Mater kernel: [ 6890.842802] mydev: Device successfully closed
Oct 12 23:05:54 Mater kernel: [ 6891.843063] mydev: Device has been opened 120 time(s)
Oct 12 23:05:54 Mater kernel: [ 6891.843120] mydev write: accepting 3 bytes from the user
Oct 12 23:05:54 Mater kernel: [ 6891.843161] mydev: Device successfully closed
Oct 12 23:05:55 Mater kernel: [ 6892.843407] mydev: Device has been opened 121 time(s)
Oct 12 23:05:55 Mater kernel: [ 6892.843465] mydev write: accepting 1 bytes from the user
Oct 12 23:05:55 Mater kernel: [ 6892.843506] mydev: Device successfully closed
Oct 12 23:05:56 Mater kernel: [ 6893.843734] mydev: Device has been opened 122 time(s)
Oct 12 23:05:56 Mater kernel: [ 6893.843796] mydev write: accepting 2 bytes from the user
Oct 12 23:05:56 Mater kernel: [ 6893.843839] mydev: Device successfully closed
Oct 12 23:05:57 Mater kernel: [ 6894.844061] mydev: Device has been opened 123 time(s)
Oct 12 23:05:57 Mater kernel: [ 6894.844119] mydev write: accepting 3 bytes from the user
Oct 12 23:05:57 Mater kernel: [ 6894.844162] mydev: Device successfully closed
Oct 12 23:05:58 Mater kernel: [ 6895.844391] mydev: Device has been opened 124 time(s)
Oct 12 23:05:58 Mater kernel: [ 6895.844455] mydev write: accepting 1 bytes from the user
Oct 12 23:05:58 Mater kernel: [ 6895.844497] mydev: Device successfully closed
Oct 12 23:05:59 Mater kernel: [ 6896.844732] mydev: Device has been opened 125 time(s)
Oct 12 23:05:59 Mater kernel: [ 6896.844788] mydev write: accepting 2 bytes from the user
Oct 12 23:05:59 Mater kernel: [ 6896.844830] mydev: Device successfully closed
Oct 12 23:06:00 Mater kernel: [ 6897.845047] mydev: Device has been opened 126 time(s)
Oct 12 23:06:00 Mater kernel: [ 6897.845106] mydev write: accepting 3 bytes from the user
Oct 12 23:06:00 Mater kernel: [ 6897.845147] mydev: Device successfully closed
Oct 12 23:06:01 Mater kernel: [ 6898.845357] mydev: Device has been opened 127 time(s)
Oct 12 23:06:01 Mater kernel: [ 6898.845416] mydev write: accepting 1 bytes from the user
Oct 12 23:06:01 Mater kernel: [ 6898.845457] mydev: Device successfully closed
Oct 12 23:06:02 Mater kernel: [ 6899.845678] mydev: Device has been opened 128 time(s)
Oct 12 23:06:02 Mater kernel: [ 6899.845739] mydev write: accepting 2 bytes from the user
Oct 12 23:06:02 Mater kernel: [ 6899.845780] mydev: Device successfully closed
Oct 12 23:06:03 Mater kernel: [ 6900.846002] mydev: Device has been opened 129 time(s)
Oct 12 23:06:03 Mater kernel: [ 6900.846060] mydev write: accepting 3 bytes from the user
Oct 12 23:06:03 Mater kernel: [ 6900.846102] mydev: Device successfully closed
Oct 12 23:06:04 Mater kernel: [ 6901.846319] mydev: Device has been opened 130 time(s)
Oct 12 23:06:04 Mater kernel: [ 6901.846379] mydev write: accepting 1 bytes from the user
Oct 12 23:06:04 Mater kernel: [ 6901.846421] mydev: Device successfully closed
Oct 12 23:06:05 Mater kernel: [ 6902.846624] mydev: Device has been opened 131 time(s)
Oct 12 23:06:05 Mater kernel: [ 6902.846678] mydev write: accepting 2 bytes from the user
Oct 12 23:06:05 Mater kernel: [ 6902.846715] mydev: Device successfully closed
Oct 12 23:10:21 Mater kernel: [ 7158.789525] mydev: Bye parameter, Part2
Oct 12 23:10:43 Mater kernel: [ 7180.457349] mydev: Hi parameter, <no parameter>
Oct 12 23:10:59 Mater kernel: [ 7196.330198] mydev: Bye parameter, <no parameter>
Oct 12 23:11:12 Mater kernel: [ 7210.078240] mydev: unknown parameter 'Freyr' ignored
Oct 12 23:11:12 Mater kernel: [ 7210.078618] mydev: Hi parameter, Unnar
Oct 12 23:11:24 Mater kernel: [ 7222.151447] mydev: Bye parameter, Unnar
Oct 12 23:12:10 Mater kernel: [ 7267.828109] mydev: Hello <no parameter> from the RPi LKM!
Oct 12 23:12:10 Mater kernel: [ 7267.828164] mydev: Device registered correctly with major number 236
Oct 12 23:12:27 Mater kernel: [ 7284.358139] mydev: Bye parameter, <no parameter>
Oct 12 23:12:35 Mater kernel: [ 7292.950149] mydev: Hello <no parameter> from the RPi LKM!
Oct 12 23:12:35 Mater kernel: [ 7292.950220] mydev: Device registered correctly with major number 236
Oct 12 23:12:43 Mater kernel: [ 7301.026916] mydev: Bye parameter, <no parameter>
Oct 12 23:12:53 Mater kernel: [ 7310.933629] mydev: Hello UnnarFreyr from the RPi LKM!
Oct 12 23:12:53 Mater kernel: [ 7310.933675] mydev: Device registered correctly with major number 236
Oct 12 23:13:11 Mater kernel: [ 7329.018717] mydev: Bye parameter, UnnarFreyr
Oct 12 23:13:21 Mater kernel: [ 7338.819986] mydev: Hello UnnarFreyr from the RPi LKM!
Oct 12 23:13:21 Mater kernel: [ 7338.820047] mydev: Device registered correctly with major number 236
Oct 12 23:13:29 Mater kernel: [ 7346.598612] mydev: Device has been opened 1 time(s)
Oct 12 23:13:29 Mater kernel: [ 7346.598682] mydev write: accepting 1 bytes from the user
Oct 12 23:13:29 Mater kernel: [ 7346.598725] mydev: Device successfully closed
Oct 12 23:13:30 Mater kernel: [ 7347.599034] mydev: Device has been opened 2 time(s)
Oct 12 23:13:30 Mater kernel: [ 7347.599088] mydev write: accepting 2 bytes from the user
Oct 12 23:13:30 Mater kernel: [ 7347.599128] mydev: Device successfully closed
Oct 12 23:13:31 Mater kernel: [ 7348.599640] mydev: Device has been opened 3 time(s)
Oct 12 23:13:31 Mater kernel: [ 7348.599698] mydev write: accepting 3 bytes from the user
Oct 12 23:13:31 Mater kernel: [ 7348.599740] mydev: Device successfully closed
Oct 12 23:13:32 Mater kernel: [ 7349.599997] mydev: Device has been opened 4 time(s)
Oct 12 23:13:32 Mater kernel: [ 7349.600053] mydev write: accepting 1 bytes from the user
Oct 12 23:13:32 Mater kernel: [ 7349.600095] mydev: Device successfully closed
Oct 12 23:13:33 Mater kernel: [ 7350.600362] mydev: Device has been opened 5 time(s)
Oct 12 23:13:33 Mater kernel: [ 7350.600422] mydev write: accepting 2 bytes from the user
Oct 12 23:13:33 Mater kernel: [ 7350.600464] mydev: Device successfully closed
Oct 12 23:13:34 Mater kernel: [ 7351.600688] mydev: Device has been opened 6 time(s)
Oct 12 23:13:34 Mater kernel: [ 7351.600746] mydev write: accepting 3 bytes from the user
Oct 12 23:13:34 Mater kernel: [ 7351.600788] mydev: Device successfully closed
Oct 12 23:13:35 Mater kernel: [ 7352.601012] mydev: Device has been opened 7 time(s)
Oct 12 23:13:35 Mater kernel: [ 7352.601070] mydev write: accepting 1 bytes from the user
Oct 12 23:13:35 Mater kernel: [ 7352.601112] mydev: Device successfully closed
